01-24 01:56:27.149  5491  5563 E msys    : E[N mns]_OnDiskCacheGetData(632)=>Start post callback cache refresh DNS resolution
01-24 01:56:27.173  5491  7454 E com.whatsapp: hiddenapi: Accessing hidden method Lcom/android/org/conscrypt/OpenSSLSocketImpl;->setUseSessionTickets(Z)V (runtime_flags=CorePlatformApi, domain=core-platform, api=max-target-q,core-platform-api) from LX/FME; (domain=app, TargetSdkVersion=35) using reflection: denied
01-24 01:56:27.174  5491  7454 E com.whatsapp: hiddenapi: Accessing hidden method Lcom/android/org/conscrypt/AbstractConscryptSocket;->setUseSessionTickets(Z)V (runtime_flags=0, domain=core-platform, api=max-target-q) from LX/FME; (domain=app, TargetSdkVersion=35) using reflection: denied
01-24 01:56:27.181  5491  5563 E msys    : E[N mns]_OnSystemDNSSuccessCallback(340)=>Cache refresh succeeded with system DNS resolver. IP count: 1
01-24 01:56:27.586 19001 19183 E msys    : E[N mns]_OnDiskCacheGetData(632)=>Start post callback cache refresh DNS resolution
01-24 01:56:27.603 19001 19183 E msys    : E[N mns]_OnSystemDNSSuccessCallback(340)=>Cache refresh succeeded with system DNS resolver. IP count: 1
01-24 01:56:27.797  7456  7619 E GoogleApiManager: Failed to get service from broker. 
01-24 01:56:27.797  7456  7619 E GoogleApiManager: java.lang.SecurityException: Unknown calling package name 'com.google.android.gms'.
01-24 01:56:27.797  7456  7619 E GoogleApiManager: 	at android.os.Parcel.createExceptionOrNull(Parcel.java:3025)
01-24 01:56:27.797  7456  7619 E GoogleApiManager: 	at android.os.Parcel.createException(Parcel.java:3009)
01-24 01:56:27.797  7456  7619 E GoogleApiManager: 	at android.os.Parcel.readException(Parcel.java:2992)
01-24 01:56:27.797  7456  7619 E GoogleApiManager: 	at android.os.Parcel.readException(Parcel.java:2934)
01-24 01:56:27.797  7456  7619 E GoogleApiManager: 	at bdel.a(:com.google.android.gms@255034029@25.50.34 (190400-855735097):36)
01-24 01:56:27.797  7456  7619 E GoogleApiManager: 	at bdcm.z(:com.google.android.gms@255034029@25.50.34 (190400-855735097):143)
01-24 01:56:27.797  7456  7619 E GoogleApiManager: 	at bcin.run(:com.google.android.gms@255034029@25.50.34 (190400-855735097):42)
01-24 01:56:27.797  7456  7619 E GoogleApiManager: 	at android.os.Handler.handleCallback(Handler.java:942)
01-24 01:56:27.797  7456  7619 E GoogleApiManager: 	at android.os.Handler.dispatchMessage(Handler.java:99)
01-24 01:56:27.797  7456  7619 E GoogleApiManager: 	at cpxj.mv(:com.google.android.gms@255034029@25.50.34 (190400-855735097):1)
01-24 01:56:27.797  7456  7619 E GoogleApiManager: 	at cpxj.dispatchMessage(:com.google.android.gms@255034029@25.50.34 (190400-855735097):5)
01-24 01:56:27.797  7456  7619 E GoogleApiManager: 	at android.os.Looper.loopOnce(Looper.java:223)
01-24 01:56:27.797  7456  7619 E GoogleApiManager: 	at android.os.Looper.loop(Looper.java:324)
01-24 01:56:27.797  7456  7619 E GoogleApiManager: 	at android.os.HandlerThread.run(HandlerThread.java:67)
01-24 01:56:33.218 19001 19117 E MQTTBypassDGWStreamGroupCallbacks.cpp: onStreamGroupError TransientError domain: MNSQUICConnection code: 4 detail: Stateless Reset Received
01-24 01:56:33.225 19001 19344 E msys    : E[S MSync]_ModularSyncHandleNetworkResponse(1751)=>DB[223] - Encountered a network error (2002: TransientError domain: MNSQUICConnection code: 4 detail: Stateless Reset Received)
01-24 01:56:33.226 19001 19344 E msys    : E[S MSync]_ModularSyncHandleNetworkErrorResponse(1445)=>DB[223] - handle network error response
01-24 01:56:33.233 19001 19291 E msys    : E[N mns]_OnDiskCacheGetData(632)=>Start post callback cache refresh DNS resolution
01-24 01:56:33.269 19001 19291 E msys    : E[N mns]_OnSystemDNSSuccessCallback(340)=>Cache refresh succeeded with system DNS resolver. IP count: 1
01-24 01:56:36.428  7456  7681 E CalendarSyncAdapter: GoogleJsonResponseException, ignoring rest of feed
01-24 01:56:36.428  7456  7681 E CalendarSyncAdapter: com.google.api.client.googleapis.json.GoogleJsonResponseException: 410 Gone
01-24 01:56:36.428  7456  7681 E CalendarSyncAdapter: GET *****************************************************************************************************************************************************************************************************************************
01-24 01:56:36.428  7456  7681 E CalendarSyncAdapter: {
01-24 01:56:36.428  7456  7681 E CalendarSyncAdapter:   "code": 410,
01-24 01:56:36.428  7456  7681 E CalendarSyncAdapter:   "errors": [
01-24 01:56:36.428  7456  7681 E CalendarSyncAdapter:     {
01-24 01:56:36.428  7456  7681 E CalendarSyncAdapter:       "domain": "calendar",
01-24 01:56:36.428  7456  7681 E CalendarSyncAdapter:       "location": "updatedMin",
01-24 01:56:36.428  7456  7681 E CalendarSyncAdapter:       "locationType": "parameter",
01-24 01:56:36.428  7456  7681 E CalendarSyncAdapter:       "message": "The requested minimum modification time lies too far in the past.",
01-24 01:56:36.428  7456  7681 E CalendarSyncAdapter:       "reason": "updatedMinTooLongAgo"
01-24 01:56:36.428  7456  7681 E CalendarSyncAdapter:     }
01-24 01:56:36.428  7456  7681 E CalendarSyncAdapter:   ],
01-24 01:56:36.428  7456  7681 E CalendarSyncAdapter:   "message": "The requested minimum modification time lies too far in the past."
01-24 01:56:36.428  7456  7681 E CalendarSyncAdapter: }
01-24 01:56:36.428  7456  7681 E CalendarSyncAdapter: 	at cal.alsw.d(PG:324)
01-24 01:56:36.428  7456  7681 E CalendarSyncAdapter: 	at cal.alsr.a(PG:28)
01-24 01:56:36.428  7456  7681 E CalendarSyncAdapter: 	at cal.altl.a(PG:866)
01-24 01:56:36.428  7456  7681 E CalendarSyncAdapter: 	at cal.alqq.a(PG:16)
01-24 01:56:36.428  7456  7681 E CalendarSyncAdapter: 	at cal.hlc.e(PG:8)
01-24 01:56:36.428  7456  7681 E CalendarSyncAdapter: 	at cal.hlc.run(PG:13)
01-24 01:56:36.428  7456  7681 E CalendarSyncAdapter: 	at cal.alqq.run(PG:8)
01-24 01:56:36.428  7456  7681 E CalendarSyncAdapter: 	at java.lang.Thread.run(Thread.java:1563)
01-24 01:56:37.803  7456  7619 E GoogleApiManager: Failed to get service from broker. 
01-24 01:56:37.803  7456  7619 E GoogleApiManager: java.lang.SecurityException: Unknown calling package name 'com.google.android.gms'.
01-24 01:56:37.803  7456  7619 E GoogleApiManager: 	at android.os.Parcel.createExceptionOrNull(Parcel.java:3025)
01-24 01:56:37.803  7456  7619 E GoogleApiManager: 	at android.os.Parcel.createException(Parcel.java:3009)
01-24 01:56:37.803  7456  7619 E GoogleApiManager: 	at android.os.Parcel.readException(Parcel.java:2992)
01-24 01:56:37.803  7456  7619 E GoogleApiManager: 	at android.os.Parcel.readException(Parcel.java:2934)
01-24 01:56:37.803  7456  7619 E GoogleApiManager: 	at bdel.a(:com.google.android.gms@255034029@25.50.34 (190400-855735097):36)
01-24 01:56:37.803  7456  7619 E GoogleApiManager: 	at bdcm.z(:com.google.android.gms@255034029@25.50.34 (190400-855735097):143)
01-24 01:56:37.803  7456  7619 E GoogleApiManager: 	at bcin.run(:com.google.android.gms@255034029@25.50.34 (190400-855735097):42)
01-24 01:56:37.803  7456  7619 E GoogleApiManager: 	at android.os.Handler.handleCallback(Handler.java:942)
01-24 01:56:37.803  7456  7619 E GoogleApiManager: 	at android.os.Handler.dispatchMessage(Handler.java:99)
01-24 01:56:37.803  7456  7619 E GoogleApiManager: 	at cpxj.mv(:com.google.android.gms@255034029@25.50.34 (190400-855735097):1)
01-24 01:56:37.803  7456  7619 E GoogleApiManager: 	at cpxj.dispatchMessage(:com.google.android.gms@255034029@25.50.34 (190400-855735097):5)
01-24 01:56:37.803  7456  7619 E GoogleApiManager: 	at android.os.Looper.loopOnce(Looper.java:223)
01-24 01:56:37.803  7456  7619 E GoogleApiManager: 	at android.os.Looper.loop(Looper.java:324)
01-24 01:56:37.803  7456  7619 E GoogleApiManager: 	at android.os.HandlerThread.run(HandlerThread.java:67)
01-24 01:56:53.328  5491  5491 E FBI     : Can't load library: dlopen failed: library "libmagtsync.so" not found
01-24 01:56:53.363  5491  7937 E ion     : ioctl c0044901 failed with code -1: Invalid argument
01-24 01:56:54.143  5491  7962 E ion     : ioctl c0044901 failed with code -1: Invalid argument
01-24 01:56:55.131  5491  5491 E com.whatsapp: Invalid ID 0x00000000.
01-24 01:56:55.131  5491  5491 E com.whatsapp: Invalid ID 0x00000000.
01-24 01:56:55.131  5491  5491 E com.whatsapp: Invalid ID 0x00000000.
01-24 01:56:55.131  5491  5491 E com.whatsapp: Invalid ID 0x00000000.
01-24 01:56:55.132  5491  5491 E com.whatsapp: Invalid ID 0x00000000.
01-24 01:56:55.132  5491  5491 E com.whatsapp: Invalid ID 0x00000000.
01-24 01:56:55.134  5491  5491 E com.whatsapp: Invalid ID 0x00000000.
01-24 01:56:55.134  5491  5491 E com.whatsapp: Invalid ID 0x00000000.
01-24 01:56:55.134  5491  5491 E com.whatsapp: Invalid ID 0x00000000.
01-24 01:56:55.135  5491  5491 E com.whatsapp: Invalid ID 0x00000000.
01-24 01:56:55.135  5491  5491 E com.whatsapp: Invalid ID 0x00000000.
01-24 01:56:55.135  5491  5491 E com.whatsapp: Invalid ID 0x00000000.
01-24 01:56:55.135  5491  5491 E com.whatsapp: Invalid ID 0x00000000.
01-24 01:56:55.135  5491  5491 E com.whatsapp: Invalid ID 0x00000000.
01-24 01:56:55.135  5491  5491 E com.whatsapp: Invalid ID 0x00000000.
01-24 01:56:55.135  5491  5491 E com.whatsapp: Invalid ID 0x00000000.
01-24 01:56:55.135  5491  5491 E com.whatsapp: Invalid ID 0x00000000.
01-24 01:56:55.366  5491  5491 E ANDR-VIVO-PERF: IVPerf::tryGetService failed!
01-24 01:56:58.387 19001  7843 E FbnsAIDLClientManager: Max Try reached for binding to FbnsAIDLService, threadId 4825
01-24 01:56:58.387 19001  7843 E FbnsAIDLClientManager: Fbns AIDL request got RemoteException
01-24 01:56:58.387 19001  7843 E FbnsAIDLClientManager: android.os.RemoteException: AIDLService is not bound
01-24 01:56:58.387 19001  7843 E FbnsAIDLClientManager: 	at X.9fQ.call(Unknown Source:393)
01-24 01:56:58.387 19001  7843 E FbnsAIDLClientManager: 	at java.util.concurrent.FutureTask.run(FutureTask.java:317)
01-24 01:56:58.387 19001  7843 E FbnsAIDLClientManager: 	at java.util.concurrent.ThreadPoolExecutor.runWorker(ThreadPoolExecutor.java:1154)
01-24 01:56:58.387 19001  7843 E FbnsAIDLClientManager: 	at java.util.concurrent.ThreadPoolExecutor$Worker.run(ThreadPoolExecutor.java:652)
01-24 01:56:58.387 19001  7843 E FbnsAIDLClientManager: 	at java.lang.Thread.run(Thread.java:1563)
01-24 01:57:06.893 20889 32683 E Icing   : Failed to remove thing with error code :error uri not found
01-24 01:57:06.894 20889 32683 E Icing   : Failed to remove thing with error code :error uri not found
01-24 01:57:06.894 20889 32683 E Icing   : Failed to remove thing with error code :error uri not found
01-24 01:57:06.895 20889 32683 E Icing   : Failed to remove thing with error code :error uri not found
01-24 01:57:06.895 20889 32683 E Icing   : Failed to remove thing with error code :error uri not found
01-24 01:57:06.895 20889 32683 E Icing   : Failed to remove thing with error code :error uri not found
01-24 01:57:06.895 20889 32683 E Icing   : Failed to remove thing with error code :error uri not found
01-24 01:57:06.895 20889 32683 E Icing   : Failed to remove thing with error code :error uri not found
01-24 01:57:06.896 20889 32683 E Icing   : Failed to remove thing with error code :error uri not found
01-24 01:57:06.896 20889 32683 E Icing   : Failed to remove thing with error code :error uri not found
01-24 01:57:06.896 20889 32683 E Icing   : Failed to remove thing with error code :error uri not found
01-24 01:57:06.896 20889 32683 E Icing   : Failed to remove thing with error code :error uri not found
01-24 01:57:06.896 20889 32683 E Icing   : Failed to remove thing with error code :error uri not found
01-24 01:57:06.896 20889 32683 E Icing   : Failed to remove thing with error code :error uri not found
01-24 01:57:06.897 20889 32683 E Icing   : Failed to remove thing with error code :error uri not found
01-24 01:57:06.897 20889 32683 E Icing   : Failed to remove thing with error code :error uri not found
01-24 01:57:06.897 20889 32683 E Icing   : Failed to remove thing with error code :error uri not found
01-24 01:57:06.897 20889 32683 E Icing   : Failed to remove thing with error code :error uri not found
01-24 01:57:06.897 20889 32683 E Icing   : Failed to remove thing with error code :error uri not found
01-24 01:57:06.897 20889 32683 E Icing   : Failed to remove thing with error code :error uri not found
01-24 01:57:06.898 20889 32683 E Icing   : Failed to remove thing with error code :error uri not found
01-24 01:57:06.898 20889 32683 E Icing   : Failed to remove thing with error code :error uri not found
01-24 01:57:06.898 20889 32683 E Icing   : Failed to remove thing with error code :error uri not found
01-24 01:57:06.898 20889 32683 E Icing   : Failed to remove thing with error code :error uri not found
01-24 01:57:06.899 20889 32683 E Icing   : Failed to remove thing with error code :error uri not found
01-24 01:57:06.899 20889 32683 E Icing   : Failed to remove thing with error code :error uri not found
01-24 01:57:06.899 20889 32683 E Icing   : Failed to remove thing with error code :error uri not found
01-24 01:57:06.899 20889 32683 E Icing   : Failed to remove thing with error code :error uri not found
01-24 01:57:06.899 20889 32683 E Icing   : Failed to remove thing with error code :error uri not found
01-24 01:57:06.899 20889 32683 E Icing   : Failed to remove thing with error code :error uri not found
01-24 01:57:17.080 19001 19183 E msys    : E[N mns]_OnDiskCacheGetData(632)=>Start post callback cache refresh DNS resolution
01-24 01:57:17.098 19001 19183 E msys    : E[N mns]_OnSystemDNSSuccessCallback(340)=>Cache refresh succeeded with system DNS resolver. IP count: 1
01-24 01:57:25.172 24805  8078 E AbstractLogEventBuilder: The provided ProductIdOrigin 3 is not one of the process-level expected values: 1 or 2
01-24 01:57:25.209 24805 24916 E AbstractLogEventBuilder: The provided ProductIdOrigin 3 is not one of the process-level expected values: 1 or 2
01-24 01:57:25.507 24805 24916 E AbstractLogEventBuilder: The provided ProductIdOrigin 3 is not one of the process-level expected values: 1 or 2
01-24 01:57:26.008 24805 24805 E AbstractLogEventBuilder: The provided ProductIdOrigin 3 is not one of the process-level expected values: 1 or 2
01-24 01:57:27.207 24805 24923 E AbstractLogEventBuilder: The provided ProductIdOrigin 3 is not one of the process-level expected values: 1 or 2
01-24 01:57:30.694 24805  8100 E AbstractLogEventBuilder: The provided ProductIdOrigin 3 is not one of the process-level expected values: 1 or 2
01-24 01:57:30.694 24805 24916 E AbstractLogEventBuilder: The provided ProductIdOrigin 3 is not one of the process-level expected values: 1 or 2
01-24 01:57:30.698 24805 24923 E AbstractLogEventBuilder: The provided ProductIdOrigin 3 is not one of the process-level expected values: 1 or 2
01-24 01:57:32.531 24805 25403 E BLASTBufferQueue: [VRI[PlayProtectDialogsActivity]#65](f:3,a:3) rejecting buffer:active_size=1240x1341, requested_size=1240x1349 buffer{size=1240x1334 transform=0}
01-24 01:57:32.546 24805 25403 E BLASTBufferQueue: [VRI[PlayProtectDialogsActivity]#65](f:3,a:3) rejecting buffer:active_size=1240x1349, requested_size=1240x1358 buffer{size=1240x1341 transform=0}
01-24 01:57:32.562 24805 25403 E BLASTBufferQueue: [VRI[PlayProtectDialogsActivity]#65](f:3,a:3) rejecting buffer:active_size=1240x1358, requested_size=1240x1367 buffer{size=1240x1349 transform=0}
01-24 01:57:32.563 24805 25403 E FrameEvents: addLatch: Did not find frame.
01-24 01:57:32.563 24805 25403 E FrameEvents: addRelease: Did not find frame.
01-24 01:57:32.563 24805 25403 E FrameEvents: addPreComposition: Did not find frame.
01-24 01:57:32.563 24805 25403 E FrameEvents: addPostComposition: Did not find frame.
01-24 01:57:32.580 24805 25403 E BLASTBufferQueue: [VRI[PlayProtectDialogsActivity]#65](f:3,a:3) rejecting buffer:active_size=1240x1367, requested_size=1240x1376 buffer{size=1240x1358 transform=0}
01-24 01:57:32.581 24805 25403 E FrameEvents: addLatch: Did not find frame.
01-24 01:57:32.581 24805 25403 E FrameEvents: addRelease: Did not find frame.
01-24 01:57:32.581 24805 25403 E FrameEvents: addPreComposition: Did not find frame.
01-24 01:57:32.581 24805 25403 E FrameEvents: addPostComposition: Did not find frame.
01-24 01:57:32.596 24805 25403 E BLASTBufferQueue: [VRI[PlayProtectDialogsActivity]#65](f:3,a:3) rejecting buffer:active_size=1240x1376, requested_size=1240x1385 buffer{size=1240x1367 transform=0}
01-24 01:57:32.597 24805 25403 E FrameEvents: addLatch: Did not find frame.
01-24 01:57:32.597 24805 25403 E FrameEvents: addRelease: Did not find frame.
01-24 01:57:32.597 24805 25403 E FrameEvents: addPreComposition: Did not find frame.
01-24 01:57:32.597 24805 25403 E FrameEvents: addPostComposition: Did not find frame.
01-24 01:57:32.612 24805 25403 E BLASTBufferQueue: [VRI[PlayProtectDialogsActivity]#65](f:3,a:3) rejecting buffer:active_size=1240x1385, requested_size=1240x1393 buffer{size=1240x1376 transform=0}
01-24 01:57:32.613 24805 25403 E FrameEvents: addLatch: Did not find frame.
01-24 01:57:32.613 24805 25403 E FrameEvents: addRelease: Did not find frame.
01-24 01:57:32.613 24805 25403 E FrameEvents: addPreComposition: Did not find frame.
01-24 01:57:32.613 24805 25403 E FrameEvents: addPostComposition: Did not find frame.
01-24 01:57:32.629 24805  3216 E BLASTBufferQueue: [VRI[PlayProtectDialogsActivity]#65](f:3,a:3) rejecting buffer:active_size=1240x1393, requested_size=1240x1400 buffer{size=1240x1385 transform=0}
01-24 01:57:32.630 24805  3216 E FrameEvents: addLatch: Did not find frame.
01-24 01:57:32.630 24805  3216 E FrameEvents: addRelease: Did not find frame.
01-24 01:57:32.630 24805  3216 E FrameEvents: addPreComposition: Did not find frame.
01-24 01:57:32.630 24805  3216 E FrameEvents: addPostComposition: Did not find frame.
01-24 01:57:32.646 24805  3216 E BLASTBufferQueue: [VRI[PlayProtectDialogsActivity]#65](f:3,a:3) rejecting buffer:active_size=1240x1400, requested_size=1240x1406 buffer{size=1240x1393 transform=0}
01-24 01:57:32.647 24805  3216 E FrameEvents: addLatch: Did not find frame.
01-24 01:57:32.647 24805  3216 E FrameEvents: addRelease: Did not find frame.
01-24 01:57:32.647 24805  3216 E FrameEvents: addPreComposition: Did not find frame.
01-24 01:57:32.647 24805  3216 E FrameEvents: addPostComposition: Did not find frame.
01-24 01:57:32.665 24805  3216 E BLASTBufferQueue: [VRI[PlayProtectDialogsActivity]#65](f:3,a:3) rejecting buffer:active_size=1240x1406, requested_size=1240x1412 buffer{size=1240x1400 transform=0}
01-24 01:57:32.665 24805  3216 E FrameEvents: addLatch: Did not find frame.
01-24 01:57:32.665 24805  3216 E FrameEvents: addRelease: Did not find frame.
01-24 01:57:32.665 24805  3216 E FrameEvents: addPreComposition: Did not find frame.
01-24 01:57:32.665 24805  3216 E FrameEvents: addPostComposition: Did not find frame.
01-24 01:57:32.680 24805  3216 E BLASTBufferQueue: [VRI[PlayProtectDialogsActivity]#65](f:3,a:3) rejecting buffer:active_size=1240x1412, requested_size=1240x1417 buffer{size=1240x1406 transform=0}
01-24 01:57:32.681 24805  3216 E FrameEvents: addLatch: Did not find frame.
01-24 01:57:32.681 24805  3216 E FrameEvents: addRelease: Did not find frame.
01-24 01:57:32.681 24805  3216 E FrameEvents: addPreComposition: Did not find frame.
01-24 01:57:32.681 24805  3216 E FrameEvents: addPostComposition: Did not find frame.
01-24 01:57:32.697 24805  3216 E BLASTBufferQueue: [VRI[PlayProtectDialogsActivity]#65](f:3,a:3) rejecting buffer:active_size=1240x1417, requested_size=1240x1421 buffer{size=1240x1412 transform=0}
01-24 01:57:32.698 24805  3216 E FrameEvents: addLatch: Did not find frame.
01-24 01:57:32.698 24805  3216 E FrameEvents: addRelease: Did not find frame.
01-24 01:57:32.698 24805  3216 E FrameEvents: addPreComposition: Did not find frame.
01-24 01:57:32.698 24805  3216 E FrameEvents: addPostComposition: Did not find frame.
01-24 01:57:32.714 24805  3216 E BLASTBufferQueue: [VRI[PlayProtectDialogsActivity]#65](f:3,a:3) rejecting buffer:active_size=1240x1421, requested_size=1240x1425 buffer{size=1240x1417 transform=0}
01-24 01:57:32.715 24805  3216 E FrameEvents: addLatch: Did not find frame.
01-24 01:57:32.715 24805  3216 E FrameEvents: addRelease: Did not find frame.
01-24 01:57:35.864 24805 24805 E AbstractLogEventBuilder: The provided ProductIdOrigin 3 is not one of the process-level expected values: 1 or 2
01-24 01:57:35.865 24805 24805 E AbstractLogEventBuilder: The provided ProductIdOrigin 3 is not one of the process-level expected values: 1 or 2
01-24 01:57:35.875 24805  8078 E AbstractLogEventBuilder: The provided ProductIdOrigin 3 is not one of the process-level expected values: 1 or 2
01-24 01:57:36.373 24805 24926 E Finsky  : [4380] [Counters] attempted to use a non-positive increment for: 4752
01-24 01:57:36.374 24805 24926 E Finsky  : [4380] [Counters] attempted to use a non-positive increment for: 4753
01-24 01:57:36.942 19487  8216 E RoleControllerServiceImpl: Default/fallback role holder package doesn't qualify for the role, package: com.google.android.gms.supervision, role: android.app.role.SYSTEM_SUPERVISION, user: 0
01-24 01:57:37.528 24805 24923 E Finsky  : [4379] [Counters] attempted to use a non-positive increment for: 4752
01-24 01:57:37.529 24805 24923 E Finsky  : [4379] [Counters] attempted to use a non-positive increment for: 4752
01-24 01:57:37.529 24805 24923 E Finsky  : [4379] [Counters] attempted to use a non-positive increment for: 4753
01-24 01:57:37.529 24805 24923 E Finsky  : [4379] [Counters] attempted to use a non-positive increment for: 4753
01-24 01:57:38.311 19487  8216 E RoleControllerServiceImpl: Default/fallback role holder package doesn't qualify for the role, package: com.google.android.gms.supervision, role: android.app.role.SYSTEM_SUPERVISION, user: 0
01-24 01:57:41.539 24805 24805 E Finsky  : [2] Failed to load an Item com.android.vending, missing shared fields: [4], missing type-specific fields: [0, 0, 0, 0, 0, 0, 0, 0, 64]
01-24 01:57:41.539 24805 24805 E Finsky  : [2] Failed to load an Item com.cloudflare.onedotonedotonedotone, no data available.
01-24 01:57:41.539 24805 24805 E Finsky  : [2] Failed to load an Item com.fast.free.unblock.secure.vpn, no data available.
01-24 01:57:41.540 24805 24805 E Finsky  : [2] Required items [com.android.vending, com.cloudflare.onedotonedotonedotone, com.fast.free.unblock.secure.vpn]
01-24 01:57:41.541 24805 24805 E Finsky  : [2] Requested items [[com.cloudflare.onedotonedotonedotone, com.fast.free.unblock.secure.vpn, com.android.vending]]
01-24 01:57:41.541 24805 24805 E Finsky  : [2] Retrieved items []
01-24 01:57:42.480  8497  8539 E msys    : E[N WCIHTTPImplNetworkSession]WCIHTTPTaskImplCreateRegular(556)=>[I] http/task/regular/create/start
01-24 01:57:42.480  8497  8539 E msys    : E[N WCIHTTPImplNetworkSession]WCIHTTPTaskImplCreateRegular(591)=>[I] http/task/regular/create/execute
01-24 01:57:42.489  8497  8539 E msys    : E[N WCIHTTPImplNetworkSession]WCIHTTPTaskImplCreateRegular(614)=>[I] http/task/regular/create/success
01-24 01:57:42.508  8497  8544 E com.whatsapp: hiddenapi: Accessing hidden method Lcom/android/org/conscrypt/OpenSSLSocketImpl;->setUseSessionTickets(Z)V (runtime_flags=CorePlatformApi, domain=core-platform, api=max-target-q,core-platform-api) from LX/FME; (domain=app, TargetSdkVersion=35) using reflection: denied
01-24 01:57:42.508  8497  8544 E com.whatsapp: hiddenapi: Accessing hidden method Lcom/android/org/conscrypt/AbstractConscryptSocket;->setUseSessionTickets(Z)V (runtime_flags=0, domain=core-platform, api=max-target-q) from LX/FME; (domain=app, TargetSdkVersion=35) using reflection: denied
01-24 01:57:42.581  8497  8520 E SQLiteLog: (1) duplicate column name: mute_reactions in "ALTER TABLE settings ADD mute_reactions INTEGER"
01-24 01:57:42.613  8497  8559 E msys    : E[N mns]_OnDiskCacheGetData(632)=>Start post callback cache refresh DNS resolution
01-24 01:57:42.627  8497  8559 E msys    : E[N mns]_OnSystemDNSSuccessCallback(340)=>Cache refresh succeeded with system DNS resolver. IP count: 1
01-24 01:57:44.214  8586  8586 E ion     : ioctl c0044901 failed with code -1: Invalid argument
01-24 01:57:44.349  8586  8586 E FBI     : Can't load library: dlopen failed: library "libmagtsync.so" not found
01-24 01:57:44.384  8586  8697 E ion     : ioctl c0044901 failed with code -1: Invalid argument
01-24 01:57:44.938 19487  8216 E RoleControllerServiceImpl: Default/fallback role holder package doesn't qualify for the role, package: com.google.android.gms.supervision, role: android.app.role.SYSTEM_SUPERVISION, user: 0
01-24 01:57:45.224  8497  8559 E msys    : E[N mns]_OnDiskCacheGetData(632)=>Start post callback cache refresh DNS resolution
01-24 01:57:45.240  8497  8559 E msys    : E[N mns]_OnSystemDNSSuccessCallback(340)=>Cache refresh succeeded with system DNS resolver. IP count: 4
01-24 01:57:55.317 24805 24923 E AbstractLogEventBuilder: The provided ProductIdOrigin 3 is not one of the process-level expected values: 1 or 2
01-24 01:58:00.509 24805  8078 E AbstractLogEventBuilder: The provided ProductIdOrigin 3 is not one of the process-level expected values: 1 or 2
01-24 01:58:00.509 24805 24916 E AbstractLogEventBuilder: The provided ProductIdOrigin 3 is not one of the process-level expected values: 1 or 2
01-24 01:59:12.360 19001 19183 E msys    : E[N mns]_CacheRefreshTimerCallback(454)=>Start active cache refresh DNS resolution
01-24 01:59:12.361 19001 19183 E msys    : E[N mns]_CacheRefreshTimerCallback(454)=>Start active cache refresh DNS resolution
01-24 01:59:12.361 19001 19183 E msys    : E[N mns]_CacheRefreshTimerCallback(454)=>Start active cache refresh DNS resolution
01-24 01:59:12.361 19001 19183 E msys    : E[N mns]_CacheRefreshTimerCallback(454)=>Start active cache refresh DNS resolution
01-24 01:59:12.361 19001 19183 E msys    : E[N mns]_CacheRefreshTimerCallback(454)=>Start active cache refresh DNS resolution
01-24 01:59:12.361 19001 19183 E msys    : E[N mns]_CacheRefreshTimerCallback(454)=>Start active cache refresh DNS resolution
01-24 01:59:12.379 19001 19183 E msys    : E[N mns]_OnSystemDNSSuccessCallback(340)=>Cache refresh succeeded with system DNS resolver. IP count: 1
01-24 01:59:12.379 19001 19183 E msys    : E[N mns]_OnSystemDNSSuccessCallback(340)=>Cache refresh succeeded with system DNS resolver. IP count: 1
01-24 01:59:12.379 19001 19183 E msys    : E[N mns]_OnSystemDNSSuccessCallback(340)=>Cache refresh succeeded with system DNS resolver. IP count: 1
01-24 01:59:12.383 19001 19183 E msys    : E[N mns]_OnSystemDNSSuccessCallback(340)=>Cache refresh succeeded with system DNS resolver. IP count: 1
01-24 01:59:12.396 19001 19183 E msys    : E[N mns]_OnSystemDNSSuccessCallback(340)=>Cache refresh succeeded with system DNS resolver. IP count: 1
01-24 01:59:12.396 19001 19183 E msys    : E[N mns]_OnSystemDNSSuccessCallback(340)=>Cache refresh succeeded with system DNS resolver. IP count: 1
01-24 01:59:27.337  8586  8586 E ImeBackDispatcher: Ime callback not found. Ignoring unregisterReceivedCallback. callbackId: 174071760
01-24 02:00:17.090 19001 19183 E msys    : E[N mns]_OnDiskCacheGetData(632)=>Start post callback cache refresh DNS resolution
01-24 02:00:17.104 19001 19183 E msys    : E[N mns]_OnSystemDNSSuccessCallback(340)=>Cache refresh succeeded with system DNS resolver. IP count: 1
01-24 02:00:27.591 19001 19183 E msys    : E[N mns]_OnDiskCacheGetData(632)=>Start post callback cache refresh DNS resolution
01-24 02:00:27.605 19001 19183 E msys    : E[N mns]_OnSystemDNSSuccessCallback(340)=>Cache refresh succeeded with system DNS resolver. IP count: 1
01-24 02:01:09.838 19001 19183 E msys    : E[N mns]_OnDiskCacheGetData(632)=>Start post callback cache refresh DNS resolution
01-24 02:01:09.859 19001 19183 E msys    : E[N mns]_OnSystemDNSSuccessCallback(340)=>Cache refresh succeeded with system DNS resolver. IP count: 1
01-24 02:01:28.753 24805 24926 E RequestContextBuilder: Could not get APN after (but including) LollipopMr1: 
01-24 02:01:28.753 24805 24926 E RequestContextBuilder: java.lang.SecurityException: No permission to access APN settings
01-24 02:01:28.753 24805 24926 E RequestContextBuilder: 	at android.os.Parcel.createExceptionOrNull(Parcel.java:3025)
01-24 02:01:28.753 24805 24926 E RequestContextBuilder: 	at android.os.Parcel.createException(Parcel.java:3009)
01-24 02:01:28.753 24805 24926 E RequestContextBuilder: 	at android.os.Parcel.readException(Parcel.java:2992)
01-24 02:01:28.753 24805 24926 E RequestContextBuilder: 	at android.database.DatabaseUtils.readExceptionFromParcel(DatabaseUtils.java:190)
01-24 02:01:28.753 24805 24926 E RequestContextBuilder: 	at android.database.DatabaseUtils.readExceptionFromParcel(DatabaseUtils.java:142)
01-24 02:01:28.753 24805 24926 E RequestContextBuilder: 	at android.content.ContentProviderProxy.query(ContentProviderNative.java:481)
01-24 02:01:28.753 24805 24926 E RequestContextBuilder: 	at android.content.ContentResolver.query(ContentResolver.java:1255)
01-24 02:01:28.753 24805 24926 E RequestContextBuilder: 	at android.content.ContentResolver.query(ContentResolver.java:1182)
01-24 02:01:28.753 24805 24926 E RequestContextBuilder: 	at android.content.ContentResolver.query(ContentResolver.java:1138)
01-24 02:01:28.753 24805 24926 E RequestContextBuilder: 	at bhgo.b(PG:113)
01-24 02:01:28.753 24805 24926 E RequestContextBuilder: 	at bhgo.a(PG:146)
01-24 02:01:28.753 24805 24926 E RequestContextBuilder: 	at bhcm.a(PG:588)
01-24 02:01:28.753 24805 24926 E RequestContextBuilder: 	at bhcl.s(PG:52)
01-24 02:01:28.753 24805 24926 E RequestContextBuilder: 	at bhcl.o(PG:329)
01-24 02:01:28.753 24805 24926 E RequestContextBuilder: 	at qbu.call(PG:435)
01-24 02:01:28.753 24805 24926 E RequestContextBuilder: 	at bjnk.a(PG:3)
01-24 02:01:28.753 24805 24926 E RequestContextBuilder: 	at bjmp.run(PG:19)
01-24 02:01:28.753 24805 24926 E RequestContextBuilder: 	at bjnl.run(PG:5)
01-24 02:01:28.753 24805 24926 E RequestContextBuilder: 	at java.util.concurrent.ThreadPoolExecutor.runWorker(ThreadPoolExecutor.java:1154)
01-24 02:01:28.753 24805 24926 E RequestContextBuilder: 	at java.util.concurrent.ThreadPoolExecutor$Worker.run(ThreadPoolExecutor.java:652)
01-24 02:01:28.753 24805 24926 E RequestContextBuilder: 	at tme.run(PG:633)
01-24 02:01:28.753 24805 24926 E RequestContextBuilder: 	at java.lang.Thread.run(Thread.java:1563)
01-24 02:01:52.667 19001 19114 E MQTTBypassDGWStreamGroupCallbacks.cpp: onStreamGroupError TransientError domain: MNSQUICConnection code: 1 detail: Local error: 1073741845: 35 seconds
01-24 02:01:52.674 19001 19344 E msys    : E[S MSync]_ModularSyncHandleNetworkResponse(1751)=>DB[223] - Encountered a network error (2002: TransientError domain: MNSQUICConnection code: 1 detail: Local error: 1073741845: 35 seconds)
01-24 02:01:52.674 19001 19344 E msys    : E[S MSync]_ModularSyncHandleNetworkErrorResponse(1445)=>DB[223] - handle network error response
01-24 02:01:52.674 19001 19291 E msys    : E[N mns]_OnDiskCacheGetData(632)=>Start post callback cache refresh DNS resolution
01-24 02:01:52.694 19001 19291 E msys    : E[N mns]_OnSystemDNSSuccessCallback(340)=>Cache refresh succeeded with system DNS resolver. IP count: 1
01-24 02:02:11.587 19001 19306 E EmergencyPushPeriodicFetchWorker: Skipping fetch since app is backgrounded
01-24 02:03:17.104 19001 19183 E msys    : E[N mns]_OnDiskCacheGetData(632)=>Start post callback cache refresh DNS resolution
01-24 02:03:17.122 19001 19183 E msys    : E[N mns]_OnSystemDNSSuccessCallback(340)=>Cache refresh succeeded with system DNS resolver. IP count: 1
01-24 02:04:12.344 19001 19183 E msys    : E[N mns]_CacheRefreshTimerCallback(454)=>Start active cache refresh DNS resolution
01-24 02:04:12.344 19001 19183 E msys    : E[N mns]_CacheRefreshTimerCallback(454)=>Start active cache refresh DNS resolution
01-24 02:04:12.345 19001 19183 E msys    : E[N mns]_CacheRefreshTimerCallback(454)=>Start active cache refresh DNS resolution
01-24 02:04:12.345 19001 19183 E msys    : E[N mns]_CacheRefreshTimerCallback(454)=>Start active cache refresh DNS resolution
01-24 02:04:12.345 19001 19183 E msys    : E[N mns]_CacheRefreshTimerCallback(454)=>Start active cache refresh DNS resolution
01-24 02:04:12.345 19001 19183 E msys    : E[N mns]_CacheRefreshTimerCallback(454)=>Start active cache refresh DNS resolution
01-24 02:04:12.360 19001 19183 E msys    : E[N mns]_OnSystemDNSSuccessCallback(340)=>Cache refresh succeeded with system DNS resolver. IP count: 1
01-24 02:04:12.360 19001 19183 E msys    : E[N mns]_OnSystemDNSSuccessCallback(340)=>Cache refresh succeeded with system DNS resolver. IP count: 1
01-24 02:04:12.554 19001 19183 E msys    : E[N mns]_OnSystemDNSSuccessCallback(340)=>Cache refresh succeeded with system DNS resolver. IP count: 1
01-24 02:04:12.555 19001 19183 E msys    : E[N mns]_OnSystemDNSSuccessCallback(340)=>Cache refresh succeeded with system DNS resolver. IP count: 1
01-24 02:04:12.557 19001 19183 E msys    : E[N mns]_OnSystemDNSSuccessCallback(340)=>Cache refresh succeeded with system DNS resolver. IP count: 1
01-24 02:04:12.557 19001 19183 E msys    : E[N mns]_OnSystemDNSSuccessCallback(340)=>Cache refresh succeeded with system DNS resolver. IP count: 1
01-24 02:04:27.602 19001 19183 E msys    : E[N mns]_OnDiskCacheGetData(632)=>Start post callback cache refresh DNS resolution
01-24 02:04:27.614 19001 19183 E msys    : E[N mns]_OnSystemDNSSuccessCallback(340)=>Cache refresh succeeded with system DNS resolver. IP count: 1
01-24 02:04:56.968 24805 24926 E Finsky  : [4380] [Counters] attempted to use a non-positive increment for: 4752
01-24 02:04:57.001 24805 24885 E Finsky  : [4372] [Counters] attempted to use a non-positive increment for: 4752
01-24 02:04:57.001 24805 24885 E Finsky  : [4372] [Counters] attempted to use a non-positive increment for: 4753
01-24 02:04:57.042 24805 24923 E android.vending: Failed to open APK '/data/app/~~DfpipzbSk6GcnPKvlPPESw==/com.example.regainassignment-C2gVzEXhRFca7j-goT0pcw==/base.apk': I/O error
01-24 02:04:57.045 24805 24923 E android.vending: Failed to open APK '/data/app/~~DfpipzbSk6GcnPKvlPPESw==/com.example.regainassignment-C2gVzEXhRFca7j-goT0pcw==/base.apk': I/O error
01-24 02:04:57.060 24805 24923 E ResourcesManager: failed to add asset path '/data/app/~~DfpipzbSk6GcnPKvlPPESw==/com.example.regainassignment-C2gVzEXhRFca7j-goT0pcw==/base.apk'
01-24 02:04:57.060 24805 24923 E ResourcesManager: java.io.IOException: Failed to load asset path /data/app/~~DfpipzbSk6GcnPKvlPPESw==/com.example.regainassignment-C2gVzEXhRFca7j-goT0pcw==/base.apk
01-24 02:04:57.060 24805 24923 E ResourcesManager: 	at android.content.res.ApkAssets.nativeLoad(Native Method)
01-24 02:04:57.060 24805 24923 E ResourcesManager: 	at android.content.res.ApkAssets.<init>(ApkAssets.java:296)
01-24 02:04:57.060 24805 24923 E ResourcesManager: 	at android.content.res.ApkAssets.loadFromPath(ApkAssets.java:145)
01-24 02:04:57.060 24805 24923 E ResourcesManager: 	at android.app.ResourcesManager.loadApkAssets(ResourcesManager.java:501)
01-24 02:04:57.060 24805 24923 E ResourcesManager: 	at android.app.ResourcesManager.-$$Nest$mloadApkAssets(Unknown Source:0)
01-24 02:04:57.060 24805 24923 E ResourcesManager: 	at android.app.ResourcesManager$ApkAssetsSupplier.load(ResourcesManager.java:188)
01-24 02:04:57.060 24805 24923 E ResourcesManager: 	at android.app.ResourcesManager.createAssetManager(ResourcesManager.java:577)
01-24 02:04:57.060 24805 24923 E ResourcesManager: 	at android.app.ResourcesManager.createResourcesImpl(ResourcesManager.java:659)
01-24 02:04:57.060 24805 24923 E ResourcesManager: 	at android.app.ResourcesManager.findOrCreateResourcesImplForKeyLocked(ResourcesManager.java:711)
01-24 02:04:57.060 24805 24923 E ResourcesManager: 	at android.app.ResourcesManager.createResources(ResourcesManager.java:1057)
01-24 02:04:57.060 24805 24923 E ResourcesManager: 	at android.app.ResourcesManager.getResources(ResourcesManager.java:1160)
01-24 02:04:57.060 24805 24923 E ResourcesManager: 	at android.app.ActivityThread.getTopLevelResources(ActivityThread.java:2706)
01-24 02:04:57.060 24805 24923 E ResourcesManager: 	at android.app.ApplicationPackageManager.getResourcesForApplication(ApplicationPackageManager.java:2125)
01-24 02:04:57.060 24805 24923 E ResourcesManager: 	at android.app.ApplicationPackageManager.getResourcesForApplication(ApplicationPackageManager.java:2111)
01-24 02:04:57.060 24805 24923 E ResourcesManager: 	at android.app.ApplicationPackageManager.getDrawable(ApplicationPackageManager.java:1814)
01-24 02:04:57.060 24805 24923 E ResourcesManager: 	at android.app.ApplicationPackageManager.loadUnbadgedItemIcon(ApplicationPackageManager.java:3434)
01-24 02:04:57.060 24805 24923 E ResourcesManager: 	at android.app.ApplicationPackageManager.loadItemIcon(ApplicationPackageManager.java:3408)
01-24 02:04:57.060 24805 24923 E ResourcesManager: 	at android.content.pm.PackageItemInfo.loadIcon(PackageItemInfo.java:330)
01-24 02:04:57.060 24805 24923 E ResourcesManager: 	at android.content.pm.PackageItemInfo.loadIcon(PackageItemInfo.java:305)
01-24 02:04:57.060 24805 24923 E ResourcesManager: 	at android.app.ApplicationPackageManager.getApplicationIcon(ApplicationPackageManager.java:1878)
01-24 02:04:57.060 24805 24923 E ResourcesManager: 	at ooz.a(PG:19)
01-24 02:04:57.060 24805 24923 E ResourcesManager: 	at opg.l(PG:30)
01-24 02:04:57.060 24805 24923 E ResourcesManager: 	at qh.kM(PG:762)
01-24 02:04:57.060 24805 24923 E ResourcesManager: 	at ook.k(PG:36)
01-24 02:04:57.060 24805 24923 E ResourcesManager: 	at ood.f(PG:17)
01-24 02:04:57.060 24805 24923 E ResourcesManager: 	at ood.i(PG:31)
01-24 02:04:57.060 24805 24923 E ResourcesManager: 	at ope.i(PG:1)
01-24 02:04:57.060 24805 24923 E ResourcesManager: 	at oph.d(PG:11)
01-24 02:04:57.060 24805 24923 E ResourcesManager: 	at oph.e(PG:13)
01-24 02:04:57.060 24805 24923 E ResourcesManager: 	at oby.apply(PG:1641)
01-24 02:04:57.060 24805 24923 E ResourcesManager: 	at bjks.d(PG:3)
01-24 02:04:57.060 24805 24923 E ResourcesManager: 	at bjkt.run(PG:47)
01-24 02:04:57.060 24805 24923 E ResourcesManager: 	at java.util.concurrent.ThreadPoolExecutor.runWorker(ThreadPoolExecutor.java:1154)
01-24 02:04:57.060 24805 24923 E ResourcesManager: 	at java.util.concurrent.ThreadPoolExecutor$Worker.run(ThreadPoolExecutor.java:652)
01-24 02:04:57.060 24805 24923 E ResourcesManager: 	at tme.run(PG:633)
01-24 02:04:57.060 24805 24923 E ResourcesManager: 	at java.lang.Thread.run(Thread.java:1563)
01-24 02:04:57.062 21981 31504 E ActivityThread: Failed to find provider info for com.android.inputmethod.dictionarypack.aosp
01-24 02:04:57.248 19487  9762 E RoleControllerServiceImpl: Default/fallback role holder package doesn't qualify for the role, package: com.google.android.gms.supervision, role: android.app.role.SYSTEM_SUPERVISION, user: 0
01-24 02:05:25.080  8497  8497 E FBI     : Can't load library: dlopen failed: library "libmagtsync.so" not found
01-24 02:05:25.122  8497  9927 E ion     : ioctl c0044901 failed with code -1: Invalid argument
01-24 02:05:25.832  8497  9946 E ion     : ioctl c0044901 failed with code -1: Invalid argument
01-24 02:05:26.109  8497  8497 E com.whatsapp: Invalid ID 0x00000000.
01-24 02:05:26.109  8497  8497 E com.whatsapp: Invalid ID 0x00000000.
01-24 02:05:26.109  8497  8497 E com.whatsapp: Invalid ID 0x00000000.
01-24 02:05:26.109  8497  8497 E com.whatsapp: Invalid ID 0x00000000.
01-24 02:05:26.109  8497  8497 E com.whatsapp: Invalid ID 0x00000000.
01-24 02:05:26.110  8497  8497 E com.whatsapp: Invalid ID 0x00000000.
01-24 02:05:26.111  8497  8497 E com.whatsapp: Invalid ID 0x00000000.
01-24 02:05:26.112  8497  8497 E com.whatsapp: Invalid ID 0x00000000.
01-24 02:05:26.112  8497  8497 E com.whatsapp: Invalid ID 0x00000000.
01-24 02:05:26.112  8497  8497 E com.whatsapp: Invalid ID 0x00000000.
01-24 02:05:26.112  8497  8497 E com.whatsapp: Invalid ID 0x00000000.
01-24 02:05:26.112  8497  8497 E com.whatsapp: Invalid ID 0x00000000.
01-24 02:05:26.112  8497  8497 E com.whatsapp: Invalid ID 0x00000000.
01-24 02:05:26.112  8497  8497 E com.whatsapp: Invalid ID 0x00000000.
01-24 02:05:26.112  8497  8497 E com.whatsapp: Invalid ID 0x00000000.
01-24 02:05:26.113  8497  8497 E com.whatsapp: Invalid ID 0x00000000.
01-24 02:05:26.113  8497  8497 E com.whatsapp: Invalid ID 0x00000000.
01-24 02:05:26.311  8497  8497 E ANDR-VIVO-PERF: IVPerf::tryGetService failed!
01-24 02:06:17.116 19001 19183 E msys    : E[N mns]_OnDiskCacheGetData(632)=>Start post callback cache refresh DNS resolution
01-24 02:06:17.135 19001 19183 E msys    : E[N mns]_OnSystemDNSSuccessCallback(340)=>Cache refresh succeeded with system DNS resolver. IP count: 1
01-24 02:07:07.493 19001 19117 E MQTTBypassDGWStreamGroupCallbacks.cpp: onStreamGroupError TransientError domain: MNSQUICConnection code: 1 detail: Local error: 1073741845: 35 seconds
01-24 02:07:07.498 19001 19344 E msys    : E[S MSync]_ModularSyncHandleNetworkResponse(1751)=>DB[223] - Encountered a network error (2002: TransientError domain: MNSQUICConnection code: 1 detail: Local error: 1073741845: 35 seconds)
01-24 02:07:07.499 19001 19344 E msys    : E[S MSync]_ModularSyncHandleNetworkErrorResponse(1445)=>DB[223] - handle network error response
01-24 02:07:07.502 19001 19291 E msys    : E[N mns]_OnDiskCacheGetData(632)=>Start post callback cache refresh DNS resolution
01-24 02:07:07.523 19001 19291 E msys    : E[N mns]_OnSystemDNSSuccessCallback(340)=>Cache refresh succeeded with system DNS resolver. IP count: 1
01-24 02:08:27.613 19001 19183 E msys    : E[N mns]_OnDiskCacheGetData(632)=>Start post callback cache refresh DNS resolution
01-24 02:08:27.628 19001 19183 E msys    : E[N mns]_OnSystemDNSSuccessCallback(340)=>Cache refresh succeeded with system DNS resolver. IP count: 1
01-24 02:08:35.478  8497  8497 E ANDR-VIVO-PERF: IVPerf::tryGetService failed!
01-24 02:08:35.488  8497  8497 E ANDR-VIVO-PERF: IVPerf::tryGetService failed!
01-24 02:08:45.572 26414 26575 E MATSDK  : HTTP request # failed after 1376 ms, events were rejected by the server (403) and will be all dropped
01-24 02:08:46.157 26414 26575 E MATSDK  : HTTP request $ failed after 1950 ms, events were rejected by the server (403) and will be all dropped
01-24 02:08:53.572 24805 10152 E AbstractLogEventBuilder: The provided ProductIdOrigin 3 is not one of the process-level expected values: 1 or 2
01-24 02:08:53.608 24805 24923 E AbstractLogEventBuilder: The provided ProductIdOrigin 3 is not one of the process-level expected values: 1 or 2
01-24 02:08:53.861 24805 24923 E AbstractLogEventBuilder: The provided ProductIdOrigin 3 is not one of the process-level expected values: 1 or 2
01-24 02:08:55.351 24805 24805 E AbstractLogEventBuilder: The provided ProductIdOrigin 3 is not one of the process-level expected values: 1 or 2
01-24 02:08:55.545 24805 24916 E AbstractLogEventBuilder: The provided ProductIdOrigin 3 is not one of the process-level expected values: 1 or 2
01-24 02:08:58.883 24805 10173 E AbstractLogEventBuilder: The provided ProductIdOrigin 3 is not one of the process-level expected values: 1 or 2
01-24 02:08:58.884 24805 24926 E AbstractLogEventBuilder: The provided ProductIdOrigin 3 is not one of the process-level expected values: 1 or 2
01-24 02:08:58.887 24805 24923 E AbstractLogEventBuilder: The provided ProductIdOrigin 3 is not one of the process-level expected values: 1 or 2
01-24 02:08:59.358 20763  6044 E NearbyMediums: MEDIUM_ERROR [SYSTEM][WIFI_LAN][START_LISTENING_INCOMING_CONNECTION][ACCEPT_CONNECTION_FAILED][SOCKET_CLOSED], service-id=NearbySharing
01-24 02:08:59.358 20763  6044 E NearbyMediums: Extra Sensitive/PII message : Socket closed
01-24 02:09:00.294 24805  4943 E BLASTBufferQueue: [VRI[PlayProtectDialogsActivity]#67](f:3,a:3) rejecting buffer:active_size=1240x1341, requested_size=1240x1349 buffer{size=1240x1334 transform=0}
01-24 02:09:00.311 24805  4943 E BLASTBufferQueue: [VRI[PlayProtectDialogsActivity]#67](f:3,a:3) rejecting buffer:active_size=1240x1349, requested_size=1240x1367 buffer{size=1240x1341 transform=0}
01-24 02:09:00.328 24805  4943 E BLASTBufferQueue: [VRI[PlayProtectDialogsActivity]#67](f:3,a:3) rejecting buffer:active_size=1240x1367, requested_size=1240x1376 buffer{size=1240x1358 transform=0}
01-24 02:09:00.328 24805  4943 E BLASTBufferQueue: [VRI[PlayProtectDialogsActivity]#67](f:2,a:3) rejecting buffer:active_size=1240x1367, requested_size=1240x1376 buffer{size=1240x1358 transform=0}
01-24 02:09:00.328 24805  4943 E FrameEvents: addLatch: Did not find frame.
01-24 02:09:00.328 24805  4943 E FrameEvents: addRelease: Did not find frame.
01-24 02:09:00.328 24805  4943 E FrameEvents: addPreComposition: Did not find frame.
01-24 02:09:00.328 24805  4943 E FrameEvents: addPostComposition: Did not find frame.
01-24 02:09:00.344 24805  4943 E BLASTBufferQueue: [VRI[PlayProtectDialogsActivity]#67](f:1,a:3) rejecting buffer:active_size=1240x1376, requested_size=1240x1376 buffer{size=1240x1367 transform=0}
01-24 02:09:00.412 24805  4943 E BLASTBufferQueue: [VRI[PlayProtectDialogsActivity]#67](f:3,a:3) rejecting buffer:active_size=1240x1400, requested_size=1240x1406 buffer{size=1240x1393 transform=0}
01-24 02:09:00.429 24805  4943 E BLASTBufferQueue: [VRI[PlayProtectDialogsActivity]#67](f:2,a:3) rejecting buffer:active_size=1240x1406, requested_size=1240x1412 buffer{size=1240x1400 transform=0}
01-24 02:09:00.443 24805 25937 E BLASTBufferQueue: [VRI[PlayProtectDialogsActivity]#67](f:2,a:3) rejecting buffer:active_size=1240x1412, requested_size=1240x1417 buffer{size=1240x1406 transform=0}
01-24 02:09:00.479 24805 25937 E BLASTBufferQueue: [VRI[PlayProtectDialogsActivity]#67](f:4,a:3) rejecting buffer:active_size=1240x1422, requested_size=1240x1426 buffer{size=1240x1417 transform=0}
01-24 02:09:00.480 24805 25937 E FrameEvents: addLatch: Did not find frame.
01-24 02:09:00.480 24805 25937 E FrameEvents: addRelease: Did not find frame.
01-24 02:09:00.480 24805 25937 E FrameEvents: addPreComposition: Did not find frame.
01-24 02:09:00.480 24805 25937 E FrameEvents: addPostComposition: Did not find frame.
01-24 02:09:00.493 24805 25937 E BLASTBufferQueue: [VRI[PlayProtectDialogsActivity]#67](f:3,a:3) rejecting buffer:active_size=1240x1426, requested_size=1240x1432 buffer{size=1240x1422 transform=0}
01-24 02:09:00.512 24805 25937 E BLASTBufferQueue: [VRI[PlayProtectDialogsActivity]#67](f:2,a:3) rejecting buffer:active_size=1240x1432, requested_size=1240x1434 buffer{size=1240x1426 transform=0}
01-24 02:09:00.513 24805 25937 E BLASTBufferQueue: [VRI[PlayProtectDialogsActivity]#67](f:1,a:3) rejecting buffer:active_size=1240x1432, requested_size=1240x1434 buffer{size=1240x1429 transform=0}
01-24 02:09:02.641 24805 24805 E AbstractLogEventBuilder: The provided ProductIdOrigin 3 is not one of the process-level expected values: 1 or 2
01-24 02:09:02.642 24805 24805 E AbstractLogEventBuilder: The provided ProductIdOrigin 3 is not one of the process-level expected values: 1 or 2
01-24 02:09:02.653 24805 10152 E AbstractLogEventBuilder: The provided ProductIdOrigin 3 is not one of the process-level expected values: 1 or 2
01-24 02:09:03.064 24805 24926 E Finsky  : [4380] [Counters] attempted to use a non-positive increment for: 4752
01-24 02:09:03.069 24805 24916 E Finsky  : [4376] [Counters] attempted to use a non-positive increment for: 4753
01-24 02:09:03.460 19487 10258 E RoleControllerServiceImpl: Default/fallback role holder package doesn't qualify for the role, package: com.google.android.gms.supervision, role: android.app.role.SYSTEM_SUPERVISION, user: 0
01-24 02:09:04.433 24805 24885 E Finsky  : [4372] [Counters] attempted to use a non-positive increment for: 4752
01-24 02:09:04.439 24805 24926 E Finsky  : [4380] [Counters] attempted to use a non-positive increment for: 4752
01-24 02:09:04.439 24805 24926 E Finsky  : [4380] [Counters] attempted to use a non-positive increment for: 4753
01-24 02:09:04.455 24805 24926 E Finsky  : [4380] [Counters] attempted to use a non-positive increment for: 4753
01-24 02:09:05.015 19487 10258 E RoleControllerServiceImpl: Default/fallback role holder package doesn't qualify for the role, package: com.google.android.gms.supervision, role: android.app.role.SYSTEM_SUPERVISION, user: 0
01-24 02:09:07.638 10479 10508 E VivoPush.Client.Utility: (10479)client is null
01-24 02:09:07.643 10479 10501 E VivoPush.Client.PushPackageUtils: (10479)client is null
01-24 02:09:07.797 24805 24805 E Finsky  : [2] Failed to load an Item com.android.vending, missing shared fields: [4], missing type-specific fields: [0, 0, 0, 0, 0, 0, 0, 0, 64]
01-24 02:09:07.798 24805 24805 E Finsky  : [2] Failed to load an Item com.cloudflare.onedotonedotonedotone, no data available.
01-24 02:09:07.798 24805 24805 E Finsky  : [2] Failed to load an Item com.fast.free.unblock.secure.vpn, no data available.
01-24 02:09:07.798 24805 24805 E Finsky  : [2] Required items [com.android.vending, com.cloudflare.onedotonedotonedotone, com.fast.free.unblock.secure.vpn]
01-24 02:09:07.798 24805 24805 E Finsky  : [2] Requested items [[com.cloudflare.onedotonedotonedotone, com.fast.free.unblock.secure.vpn, com.android.vending]]
01-24 02:09:07.798 24805 24805 E Finsky  : [2] Retrieved items []
01-24 02:09:08.481 10578 10621 E msys    : E[N WCIHTTPImplNetworkSession]WCIHTTPTaskImplCreateRegular(556)=>[I] http/task/regular/create/start
01-24 02:09:08.481 10578 10621 E msys    : E[N WCIHTTPImplNetworkSession]WCIHTTPTaskImplCreateRegular(591)=>[I] http/task/regular/create/execute
01-24 02:09:08.482 10578 10621 E msys    : E[N WCIHTTPImplNetworkSession]WCIHTTPTaskImplCreateRegular(614)=>[I] http/task/regular/create/success
01-24 02:09:08.505 10578 10624 E com.whatsapp: hiddenapi: Accessing hidden method Lcom/android/org/conscrypt/OpenSSLSocketImpl;->setUseSessionTickets(Z)V (runtime_flags=CorePlatformApi, domain=core-platform, api=max-target-q,core-platform-api) from LX/FME; (domain=app, TargetSdkVersion=35) using reflection: denied
