01-24 01:50:34.610   553   553 E com.whatsapp: Invalid ID 0x00000000.
01-24 01:50:34.611   553   553 E com.whatsapp: Invalid ID 0x00000000.
01-24 01:50:34.611   553   553 E com.whatsapp: Invalid ID 0x00000000.
01-24 01:50:34.611   553   553 E com.whatsapp: Invalid ID 0x00000000.
01-24 01:50:34.611   553   553 E com.whatsapp: Invalid ID 0x00000000.
01-24 01:50:34.611   553   553 E com.whatsapp: Invalid ID 0x00000000.
01-24 01:50:34.611   553   553 E com.whatsapp: Invalid ID 0x00000000.
01-24 01:50:34.611   553   553 E com.whatsapp: Invalid ID 0x00000000.
01-24 01:50:34.611   553   553 E com.whatsapp: Invalid ID 0x00000000.
01-24 01:50:34.921   553   553 E ANDR-VIVO-PERF: IVPerf::tryGetService failed!
01-24 01:50:36.713   553   553 E ANDR-VIVO-PERF: IVPerf::tryGetService failed!
01-24 01:50:36.714   553   553 E ANDR-VIVO-PERF: IVPerf::tryGetService failed!
01-24 01:50:36.715   553   553 E ANDR-VIVO-PERF: IVPerf::tryGetService failed!
01-24 01:50:36.716   553   553 E ANDR-VIVO-PERF: IVPerf::tryGetService failed!
01-24 01:50:37.007  5329  5329 E LibraryModuleRegistry: LibraryModuleRegistry.register():48 Module mobilebert_classifier_android_jni has already been registered to integrated_shared_object
01-24 01:50:37.182  5329  5360 E EmojiSlicingStrategy: EmojiSlicingStrategy.getSlices():88 getSlices() : Received null or empty userEnabledLocales.
01-24 01:50:37.196  5329  5360 E EmojiSlicingStrategy: EmojiSlicingStrategy.getSlices():88 getSlices() : Received null or empty userEnabledLocales.
01-24 01:50:37.227  5329  5354 E FlagManager: FlagManager.setFlagValue():661 Unknown type for flag: server_token{type=String, finalValue=CAMSdQ1015vyAAPvD8cZ5A0HBwcHBw64F5IZ5h3tPgH_BQfCAwf_Dw-RDw-9BgCyAweoBFcPMw22Br4G8ezdAwTfBASWBg-8AQQBBLsXBCkEAQTfCgSiBgS9BQT_AYIGBOAEoAQEAQTWDwTPAwSCBQ4oA3cO2gYEBg==, DEFAULT=, PHENOTYPE=CAMSdQ1015vyAAPvD8cZ5A0HBwcHBw64F5IZ5h3tPgH_BQfCAwf_Dw-RDw-9BgCyAweoBFcPMw22Br4G8ezdAwTfBASWBg-8AQQBBLsXBCkEAQTfCgSiBgS9BQT_AYIGBOAEoAQEAQTWDwTPAwSCBQ4oA3cO2gYEBg==}
01-24 01:50:39.138   553   553 E ANDR-VIVO-PERF: IVPerf::tryGetService failed!
01-24 01:50:39.139   553   553 E ANDR-VIVO-PERF: IVPerf::tryGetService failed!
01-24 01:50:39.139   553   553 E ANDR-VIVO-PERF: IVPerf::tryGetService failed!
01-24 01:50:39.139   553   553 E ANDR-VIVO-PERF: IVPerf::tryGetService failed!
01-24 01:50:42.073 20763  4973 E NearbyMediums: MEDIUM_ERROR [SYSTEM][WIFI_LAN][START_LISTENING_INCOMING_CONNECTION][ACCEPT_CONNECTION_FAILED][SOCKET_CLOSED], service-id=NearbySharing
01-24 01:50:42.073 20763  4973 E NearbyMediums: Extra Sensitive/PII message : Socket closed
01-24 01:50:42.563  5491  5518 E SQLiteLog: (1) duplicate column name: mute_reactions in "ALTER TABLE settings ADD mute_reactions INTEGER"
01-24 01:50:42.579  5491  5563 E msys    : E[N mns]_OnDiskCacheGetData(632)=>Start post callback cache refresh DNS resolution
01-24 01:50:42.594  5491  5563 E msys    : E[N mns]_OnSystemDNSSuccessCallback(340)=>Cache refresh succeeded with system DNS resolver. IP count: 1
01-24 01:50:44.522  5491  5563 E msys    : E[N mns]_OnDiskCacheGetData(632)=>Start post callback cache refresh DNS resolution
01-24 01:50:44.532  5491  5563 E msys    : E[N mns]_OnSystemDNSSuccessCallback(340)=>Cache refresh succeeded with system DNS resolver. IP count: 4
01-24 01:51:16.460 20973 21261 E eiak    : (REDACTED) Trace %s timed out after %d ms. Complete trace: %s
01-24 01:51:16.460 20973 21261 E eiak    : eibs: 
01-24 01:51:16.460 20973 21261 E eiak    : 	at tk_trace.DISCOVER_STREAMING_CONNECTION_CLOSED (Timed Out)(Started After:5)
01-24 01:51:16.460 20973 21261 E eiak    : 	at tk_trace.SlidingPanel animator listener(Started After:0)
01-24 01:51:16.460 20973 21261 E eiak    : 	Suppressed: eibr: 
01-24 01:51:16.460 20973 21261 E eiak    : 		at tk_trace.DISCOVER_STREAMING_CONNECTION_CLOSED(unfinished)(Unknown Source:0)
01-24 01:51:16.460 20973 21261 E eiak    : 		at tk_trace.SlidingPanel animator listener 0 ms(Unknown Source:0)
01-24 01:51:16.460 20973 21261 E eiak    : 	Suppressed: eibr: 
01-24 01:51:16.460 20973 21261 E eiak    : 		at tk_trace.DISCOVER_STREAMING_INITIALIZATION_ACKNOWLEDGED(unfinished)(Unknown Source:0)
01-24 01:51:16.460 20973 21261 E eiak    : 		at tk_trace.SlidingPanel animator listener 0 ms(Unknown Source:0)
01-24 01:51:16.460 20973 21261 E eiak    : 	Suppressed: eibr: 
01-24 01:51:16.460 20973 21261 E eiak    : 		at tk_trace.DISCOVER_STREAMING_INITIALIZATION_SENT(unfinished)(Unknown Source:0)
01-24 01:51:16.460 20973 21261 E eiak    : 		at tk_trace.SlidingPanel animator listener 0 ms(Unknown Source:0)
01-24 01:51:16.460 20973 21261 E eiak    : 	Suppressed: eibr: 
01-24 01:51:16.460 20973 21261 E eiak    : 		at tk_trace.DISCOVER_STREAMING_CONNECTION_START(unfinished)(Unknown Source:0)
01-24 01:51:16.460 20973 21261 E eiak    : 		at tk_trace.SlidingPanel animator listener 0 ms(Unknown Source:0)
01-24 01:51:16.460 20973 21261 E eiak    : 	Suppressed: eibr: 
01-24 01:51:16.460 20973 21261 E eiak    : 		at tk_trace.GOOGLEAPP_PROMO_MANAGER_FETCH_START(unfinished)(Unknown Source:0)
01-24 01:51:16.460 20973 21261 E eiak    : 		at tk_trace.PromoManagerDataServiceImplshowPromogettingPromotionContent 0 ms(Unknown Source:0)
01-24 01:51:16.460 20973 21261 E eiak    : 		at tk_trace.PromoManagerDataServiceImplshowPromo 2 ms(Unknown Source:0)
01-24 01:51:16.460 20973 21261 E eiak    : 		at tk_trace.PromoManagerDataServiceImplshowPromoOnTabTypeLoad 2 ms(Unknown Source:0)
01-24 01:51:16.460 20973 21261 E eiak    : 		at tk_trace.SlidingPanel animator listener 0 ms(Unknown Source:0)
01-24 01:51:16.460 20973 21261 E eiak    : 	Suppressed: eibr: 
01-24 01:51:16.460 20973 21261 E eiak    : 		at tk_trace.ACETONE_OVERLAY_TRANSITION_COMPLETE(unfinished)(Unknown Source:0)
01-24 01:51:16.460 20973 21261 E eiak    : 		at tk_trace.SlidingPanel animator listener 0 ms(Unknown Source:0)
01-24 01:51:29.707 19001 19291 E msys    : E[N mns]_OnDiskCacheGetData(632)=>Start post callback cache refresh DNS resolution
01-24 01:51:29.708 19001 19107 E MQTTBypassDGWStreamGroupCallbacks.cpp: onStreamGroupError TransientError domain: MNSQUICConnection code: 4 detail: Stateless Reset Received
01-24 01:51:29.711 19001 19344 E msys    : E[S MSync]_ModularSyncHandleNetworkResponse(1751)=>DB[223] - Encountered a network error (2002: TransientError domain: MNSQUICConnection code: 4 detail: Stateless Reset Received)
01-24 01:51:29.711 19001 19344 E msys    : E[S MSync]_ModularSyncHandleNetworkErrorResponse(1445)=>DB[223] - handle network error response
01-24 01:51:29.720 19001 19291 E msys    : E[N mns]_OnSystemDNSSuccessCallback(340)=>Cache refresh succeeded with system DNS resolver. IP count: 1
01-24 01:52:42.735 19001 19183 E msys    : E[N mns]_CacheRefreshTimerCallback(454)=>Start active cache refresh DNS resolution
01-24 01:52:42.736 19001 19183 E msys    : E[N mns]_CacheRefreshTimerCallback(454)=>Start active cache refresh DNS resolution
01-24 01:52:42.736 19001 19183 E msys    : E[N mns]_CacheRefreshTimerCallback(454)=>Start active cache refresh DNS resolution
01-24 01:52:42.738 19001 19183 E msys    : E[N mns]_CacheRefreshTimerCallback(454)=>Start active cache refresh DNS resolution
01-24 01:52:42.738 19001 19183 E msys    : E[N mns]_CacheRefreshTimerCallback(454)=>Start active cache refresh DNS resolution
01-24 01:52:42.738 19001 19183 E msys    : E[N mns]_CacheRefreshTimerCallback(454)=>Start active cache refresh DNS resolution
01-24 01:52:42.746 19001 19183 E msys    : E[N mns]_OnSystemDNSSuccessCallback(340)=>Cache refresh succeeded with system DNS resolver. IP count: 1
01-24 01:52:42.747 19001 19183 E msys    : E[N mns]_OnSystemDNSSuccessCallback(340)=>Cache refresh succeeded with system DNS resolver. IP count: 1
01-24 01:52:42.754 19001 19183 E msys    : E[N mns]_OnSystemDNSSuccessCallback(340)=>Cache refresh succeeded with system DNS resolver. IP count: 1
01-24 01:52:42.755 19001 19183 E msys    : E[N mns]_OnSystemDNSSuccessCallback(340)=>Cache refresh succeeded with system DNS resolver. IP count: 1
01-24 01:52:42.761 19001 19183 E msys    : E[N mns]_OnSystemDNSSuccessCallback(340)=>Cache refresh succeeded with system DNS resolver. IP count: 1
01-24 01:52:42.762 19001 19183 E msys    : E[N mns]_OnSystemDNSSuccessCallback(340)=>Cache refresh succeeded with system DNS resolver. IP count: 1
01-24 01:52:42.899  5691  5800 E android.youtube: Attempt to load writable dex file: /data/user/0/com.google.android.youtube/app_pccache2/5/C150A56EE81A7F41B729057EB1FA05CBFA504FB6/pcam.jar
01-24 01:52:43.022  5691  5743 E FBI     : Can't load library: dlopen failed: library "libmagtsync.so" not found
01-24 01:52:43.134  5691  5691 E YT.mlplayer: setAudioDrc(enabled=1)
01-24 01:52:47.444 19001 19183 E msys    : E[N mns]_OnDiskCacheGetData(632)=>Start post callback cache refresh DNS resolution
01-24 01:52:47.467 19001 19183 E msys    : E[N mns]_OnSystemDNSSuccessCallback(340)=>Cache refresh succeeded with system DNS resolver. IP count: 1
01-24 01:52:56.155 19001 19114 E MQTTBypassDGWStreamGroupCallbacks.cpp: onStreamGroupError TransientError domain: MNSQUICConnection code: 4 detail: Stateless Reset Received
01-24 01:52:56.160 19001 19344 E msys    : E[S MSync]_ModularSyncHandleNetworkResponse(1751)=>DB[223] - Encountered a network error (2002: TransientError domain: MNSQUICConnection code: 4 detail: Stateless Reset Received)
01-24 01:52:56.161 19001 19344 E msys    : E[S MSync]_ModularSyncHandleNetworkErrorResponse(1445)=>DB[223] - handle network error response
01-24 01:52:56.164 19001 19291 E msys    : E[N mns]_OnDiskCacheGetData(632)=>Start post callback cache refresh DNS resolution
01-24 01:52:56.172 19001 19291 E msys    : E[N mns]_OnSystemDNSSuccessCallback(340)=>Cache refresh succeeded with system DNS resolver. IP count: 1
01-24 01:53:44.598 20977 20977 E FBI     : Can't load library: dlopen failed: library "libmagtsync.so" not found
01-24 01:53:44.690 20977  6233 E ion     : ioctl c0044901 failed with code -1: Invalid argument
01-24 01:53:45.013  6259  6259 E libc    : SetHeapTaggingLevel: re-enabling tagging after it was disabled is not supported
01-24 01:53:45.249  6296  6296 E adservices: Measurement API is disabled
01-24 01:53:45.250  6296  6296 E adservices: Measurement API is disabled
01-24 01:53:45.256 20977  6293 E adservices: Failed to bind to measurement service: com.android.adservices.shared.common.exception.ServiceUnavailableException: Service is not available.
01-24 01:53:45.357 20977 20977 E ogle.android.gm: Invalid ID 0x00000000.
01-24 01:53:45.665 20977 20977 E oaa     : AbstractActivityBaseController: Received null cursor from loader id: 31 [CONTEXT android_log_tag="AABController" ]
01-24 01:53:45.665 20977 20977 E oaa     : RecentFolderList: RecentFolderList.loadFromUiProvider: bad input. mAccount=com.android.mail.providers.Account@74494b74{name=472238656 encryptedDelegatorId= type=com.google syncStatus=4 securityHold=FREE_TO_SYNC},cursor=null
01-24 01:53:45.971 20977 21220 E oaa     : BlockableFutures: Cannot block on non-blocking thread
01-24 01:53:45.971 20977 21220 E oaa     : java.lang.IllegalStateException: Cannot block on non-blocking thread: BG Thread #2
01-24 01:53:45.971 20977 21220 E oaa     : 	at ajnp.b(PG:109)
01-24 01:53:45.971 20977 21220 E oaa     : 	at ajnp.a(PG:1)
01-24 01:53:45.971 20977 21220 E oaa     : 	at ppu.a(PG:173)
01-24 01:53:45.971 20977 21220 E oaa     : 	at vsm.e(PG:228)
01-24 01:53:45.971 20977 21220 E oaa     : 	at vah.b(PG:829)
01-24 01:53:45.971 20977 21220 E oaa     : 	at cbwh.w(PG:12)
01-24 01:53:45.971 20977 21220 E oaa     : 	at ccdz.run(PG:107)
01-24 01:53:45.971 20977 21220 E oaa     : 	at bnag.run(PG:544)
01-24 01:53:45.971 20977 21220 E oaa     : 	at ajnf.run(PG:7)
01-24 01:53:45.971 20977 21220 E oaa     : 	at brvb.run(PG:44)
01-24 01:53:45.971 20977 21220 E oaa     : 	at ivt.run(PG:467)
01-24 01:53:45.971 20977 21220 E oaa     : 	at java.lang.Thread.run(Thread.java:1563)
01-24 01:53:45.971 20977 21220 E oaa     : 	at ajnw.run(PG:61)
01-24 01:53:46.290 20977 20977 E oaa     : ConversationWebViewCacheImpl: Webview inflated due to cache miss: 9173292
01-24 01:53:46.585 20977  6151 E GPUAUX  : [AUX]GuiExtAuxCheckAuxPath:667: Null anb
01-24 01:53:46.586 20977  6151 E GPUAUX  : [AUX]GuiExtAuxCheckAuxPath:667: Null anb
01-24 01:53:46.586 20977  6151 E GPUAUX  : [AUX]GuiExtAuxCheckAuxPath:667: Null anb
01-24 01:53:46.643 20977 20977 E alxf    : Received cancel event for the interactionId 122266 without start event
01-24 01:53:46.663 20977 20977 E oaa     : ItemPagerAdapterSapi: updating from necessary
01-24 01:53:46.733 20977  6151 E GPUAUX  : [AUX]GuiExtAuxCheckAuxPath:667: Null anb
01-24 01:53:46.733 20977  6151 E GPUAUX  : [AUX]GuiExtAuxCheckAuxPath:667: Null anb
01-24 01:53:46.733 20977  6151 E GPUAUX  : [AUX]GuiExtAuxCheckAuxPath:667: Null anb
01-24 01:53:46.990 20977 20977 E oaa     : ItemPagerAdapterSapi: updating from necessary
01-24 01:53:47.003  6259  6352 E chromium: [ERROR:cc/tiles/tile_manager.cc:998] WARNING: tile memory limits exceeded, some content may not draw
01-24 01:53:47.018  6259  6352 E chromium: [ERROR:cc/tiles/tile_manager.cc:998] WARNING: tile memory limits exceeded, some content may not draw
01-24 01:53:47.028 20977 21224 E oaa     : BlockableFutures: Cannot block on non-blocking thread
01-24 01:53:47.028 20977 21224 E oaa     : java.lang.IllegalStateException: Cannot block on non-blocking thread: BG Thread #3
01-24 01:53:47.028 20977 21224 E oaa     : 	at ajnp.b(PG:109)
01-24 01:53:47.028 20977 21224 E oaa     : 	at ajnp.a(PG:1)
01-24 01:53:47.028 20977 21224 E oaa     : 	at ppu.a(PG:173)
01-24 01:53:47.028 20977 21224 E oaa     : 	at vsm.e(PG:228)
01-24 01:53:47.028 20977 21224 E oaa     : 	at vah.b(PG:829)
01-24 01:53:47.028 20977 21224 E oaa     : 	at cbwh.w(PG:12)
01-24 01:53:47.028 20977 21224 E oaa     : 	at ccdz.run(PG:107)
01-24 01:53:47.028 20977 21224 E oaa     : 	at bnag.run(PG:544)
01-24 01:53:47.028 20977 21224 E oaa     : 	at ajnf.run(PG:7)
01-24 01:53:47.028 20977 21224 E oaa     : 	at brvb.run(PG:44)
01-24 01:53:47.028 20977 21224 E oaa     : 	at ivt.run(PG:467)
01-24 01:53:47.028 20977 21224 E oaa     : 	at java.lang.Thread.run(Thread.java:1563)
01-24 01:53:47.028 20977 21224 E oaa     : 	at ajnw.run(PG:61)
01-24 01:53:47.109  6259  6352 E chromium: [ERROR:cc/tiles/tile_manager.cc:998] WARNING: tile memory limits exceeded, some content may not draw
01-24 01:53:47.110  6259  6352 E chromium: [ERROR:cc/tiles/tile_manager.cc:998] WARNING: tile memory limits exceeded, some content may not draw
01-24 01:53:47.126 20977 21208 E oaa     : BlockableFutures: Cannot block on non-blocking thread
01-24 01:53:47.126 20977 21208 E oaa     : java.lang.IllegalStateException: Cannot block on non-blocking thread: BG Thread #0
01-24 01:53:47.126 20977 21208 E oaa     : 	at ajnp.b(PG:109)
01-24 01:53:47.126 20977 21208 E oaa     : 	at ajnp.a(PG:1)
01-24 01:53:47.126 20977 21208 E oaa     : 	at ppu.a(PG:173)
01-24 01:53:47.126 20977 21208 E oaa     : 	at vsm.e(PG:228)
01-24 01:53:47.126 20977 21208 E oaa     : 	at vah.b(PG:829)
01-24 01:53:47.126 20977 21208 E oaa     : 	at cbwh.w(PG:12)
01-24 01:53:47.126 20977 21208 E oaa     : 	at ccdz.run(PG:107)
01-24 01:53:47.126 20977 21208 E oaa     : 	at bnag.run(PG:544)
01-24 01:53:47.126 20977 21208 E oaa     : 	at ajnf.run(PG:7)
01-24 01:53:47.126 20977 21208 E oaa     : 	at brvb.run(PG:44)
01-24 01:53:47.126 20977 21208 E oaa     : 	at ivt.run(PG:467)
01-24 01:53:47.126 20977 21208 E oaa     : 	at java.lang.Thread.run(Thread.java:1563)
01-24 01:53:47.126 20977 21208 E oaa     : 	at ajnw.run(PG:61)
01-24 01:53:47.206 20977 21224 E oaa     : BlockableFutures: Cannot block on non-blocking thread
01-24 01:53:47.206 20977 21224 E oaa     : java.lang.IllegalStateException: Cannot block on non-blocking thread: BG Thread #3
01-24 01:53:47.206 20977 21224 E oaa     : 	at ajnp.b(PG:109)
01-24 01:53:47.206 20977 21224 E oaa     : 	at ajnp.a(PG:1)
01-24 01:53:47.206 20977 21224 E oaa     : 	at ppu.a(PG:173)
01-24 01:53:47.206 20977 21224 E oaa     : 	at vsm.e(PG:228)
01-24 01:53:47.206 20977 21224 E oaa     : 	at vah.b(PG:829)
01-24 01:53:47.206 20977 21224 E oaa     : 	at cbwh.w(PG:12)
01-24 01:53:47.206 20977 21224 E oaa     : 	at ccdz.run(PG:107)
01-24 01:53:47.206 20977 21224 E oaa     : 	at bnag.run(PG:544)
01-24 01:53:47.206 20977 21224 E oaa     : 	at ajnf.run(PG:7)
01-24 01:53:47.206 20977 21224 E oaa     : 	at brvb.run(PG:44)
01-24 01:53:47.206 20977 21224 E oaa     : 	at ivt.run(PG:467)
01-24 01:53:47.206 20977 21224 E oaa     : 	at java.lang.Thread.run(Thread.java:1563)
01-24 01:53:47.206 20977 21224 E oaa     : 	at ajnw.run(PG:61)
01-24 01:53:47.309 20977 21224 E oaa     : BlockableFutures: Cannot block on non-blocking thread
01-24 01:53:47.309 20977 21224 E oaa     : java.lang.IllegalStateException: Cannot block on non-blocking thread: BG Thread #3
01-24 01:53:47.309 20977 21224 E oaa     : 	at ajnp.b(PG:109)
01-24 01:53:47.309 20977 21224 E oaa     : 	at ajnp.a(PG:1)
01-24 01:53:47.309 20977 21224 E oaa     : 	at ppu.a(PG:173)
01-24 01:53:47.309 20977 21224 E oaa     : 	at vsm.e(PG:228)
01-24 01:53:47.309 20977 21224 E oaa     : 	at vah.b(PG:829)
01-24 01:53:47.309 20977 21224 E oaa     : 	at cbwh.w(PG:12)
01-24 01:53:47.309 20977 21224 E oaa     : 	at ccdz.run(PG:107)
01-24 01:53:47.309 20977 21224 E oaa     : 	at bnag.run(PG:544)
01-24 01:53:47.309 20977 21224 E oaa     : 	at ajnf.run(PG:7)
01-24 01:53:47.309 20977 21224 E oaa     : 	at brvb.run(PG:44)
01-24 01:53:47.309 20977 21224 E oaa     : 	at ivt.run(PG:467)
01-24 01:53:47.309 20977 21224 E oaa     : 	at java.lang.Thread.run(Thread.java:1563)
01-24 01:53:47.309 20977 21224 E oaa     : 	at ajnw.run(PG:61)
01-24 01:53:47.440 20977 21224 E oaa     : BlockableFutures: Cannot block on non-blocking thread
01-24 01:53:47.440 20977 21224 E oaa     : java.lang.IllegalStateException: Cannot block on non-blocking thread: BG Thread #3
01-24 01:53:47.440 20977 21224 E oaa     : 	at ajnp.b(PG:109)
01-24 01:53:47.440 20977 21224 E oaa     : 	at ajnp.a(PG:1)
01-24 01:53:47.440 20977 21224 E oaa     : 	at ppu.a(PG:173)
01-24 01:53:47.440 20977 21224 E oaa     : 	at vsm.e(PG:228)
01-24 01:53:47.440 20977 21224 E oaa     : 	at vah.b(PG:829)
01-24 01:53:47.440 20977 21224 E oaa     : 	at cbwh.w(PG:12)
01-24 01:53:47.440 20977 21224 E oaa     : 	at ccdz.run(PG:107)
01-24 01:53:47.440 20977 21224 E oaa     : 	at bnag.run(PG:544)
01-24 01:53:47.440 20977 21224 E oaa     : 	at ajnf.run(PG:7)
01-24 01:53:47.440 20977 21224 E oaa     : 	at brvb.run(PG:44)
01-24 01:53:47.440 20977 21224 E oaa     : 	at ivt.run(PG:467)
01-24 01:53:47.440 20977 21224 E oaa     : 	at java.lang.Thread.run(Thread.java:1563)
01-24 01:53:47.440 20977 21224 E oaa     : 	at ajnw.run(PG:61)
01-24 01:53:47.519  6259  6352 E chromium: [ERROR:cc/tiles/tile_manager.cc:998] WARNING: tile memory limits exceeded, some content may not draw
01-24 01:53:47.520  6259  6352 E chromium: [ERROR:cc/tiles/tile_manager.cc:998] WARNING: tile memory limits exceeded, some content may not draw
01-24 01:53:47.538 20977 20977 E oaa     : ItemPagerAdapterSapi: updating from necessary
01-24 01:53:47.551  6259  6352 E chromium: [ERROR:cc/tiles/tile_manager.cc:998] WARNING: tile memory limits exceeded, some content may not draw
01-24 01:53:47.552  6259  6352 E chromium: [ERROR:cc/tiles/tile_manager.cc:998] WARNING: tile memory limits exceeded, some content may not draw
01-24 01:53:47.561 20977 20977 E oaa     : AbstractActivityBaseController: Received null cursor from loader id: 31 [CONTEXT android_log_tag="AABController" ]
01-24 01:53:47.561 20977 20977 E oaa     : RecentFolderList: RecentFolderList.loadFromUiProvider: bad input. mAccount=com.android.mail.providers.Account@74494b74{name=472238656 encryptedDelegatorId= type=com.google syncStatus=4 securityHold=FREE_TO_SYNC},cursor=null
01-24 01:53:47.573  6259  6352 E chromium: [ERROR:cc/tiles/tile_manager.cc:998] WARNING: tile memory limits exceeded, some content may not draw
01-24 01:53:47.574  6259  6352 E chromium: [ERROR:cc/tiles/tile_manager.cc:998] WARNING: tile memory limits exceeded, some content may not draw
01-24 01:53:47.574  6259  6352 E chromium: [ERROR:cc/tiles/tile_manager.cc:998] WARNING: tile memory limits exceeded, some content may not draw
01-24 01:53:47.580 20977 21224 E oaa     : BlockableFutures: Cannot block on non-blocking thread
01-24 01:53:47.580 20977 21224 E oaa     : java.lang.IllegalStateException: Cannot block on non-blocking thread: BG Thread #3
01-24 01:53:47.580 20977 21224 E oaa     : 	at ajnp.b(PG:109)
01-24 01:53:47.580 20977 21224 E oaa     : 	at ajnp.a(PG:1)
01-24 01:53:47.580 20977 21224 E oaa     : 	at ppu.a(PG:173)
01-24 01:53:47.580 20977 21224 E oaa     : 	at vsm.e(PG:228)
01-24 01:53:47.580 20977 21224 E oaa     : 	at vah.b(PG:829)
01-24 01:53:47.580 20977 21224 E oaa     : 	at cbwh.w(PG:12)
01-24 01:53:47.580 20977 21224 E oaa     : 	at ccdz.run(PG:107)
01-24 01:53:47.580 20977 21224 E oaa     : 	at bnag.run(PG:544)
01-24 01:53:47.580 20977 21224 E oaa     : 	at ajnf.run(PG:7)
01-24 01:53:47.580 20977 21224 E oaa     : 	at brvb.run(PG:44)
01-24 01:53:47.580 20977 21224 E oaa     : 	at ivt.run(PG:467)
01-24 01:53:47.580 20977 21224 E oaa     : 	at java.lang.Thread.run(Thread.java:1563)
01-24 01:53:47.580 20977 21224 E oaa     : 	at ajnw.run(PG:61)
01-24 01:53:47.619  6259  6352 E chromium: [ERROR:cc/tiles/tile_manager.cc:998] WARNING: tile memory limits exceeded, some content may not draw
01-24 01:53:47.620  6259  6352 E chromium: [ERROR:cc/tiles/tile_manager.cc:998] WARNING: tile memory limits exceeded, some content may not draw
01-24 01:53:47.647  6259  6352 E chromium: [ERROR:cc/tiles/tile_manager.cc:998] WARNING: tile memory limits exceeded, some content may not draw
01-24 01:53:47.647  6259  6352 E chromium: [ERROR:cc/tiles/tile_manager.cc:998] WARNING: tile memory limits exceeded, some content may not draw
01-24 01:53:47.654 20977 21209 E oaa     : BlockableFutures: Cannot block on non-blocking thread
01-24 01:53:47.654 20977 21209 E oaa     : java.lang.IllegalStateException: Cannot block on non-blocking thread: BG Thread #1
01-24 01:53:47.654 20977 21209 E oaa     : 	at ajnp.b(PG:109)
01-24 01:53:47.654 20977 21209 E oaa     : 	at ajnp.a(PG:1)
01-24 01:53:47.654 20977 21209 E oaa     : 	at ppu.a(PG:173)
01-24 01:53:47.654 20977 21209 E oaa     : 	at vsm.e(PG:228)
01-24 01:53:47.654 20977 21209 E oaa     : 	at vah.b(PG:829)
01-24 01:53:47.654 20977 21209 E oaa     : 	at cbwh.w(PG:12)
01-24 01:53:47.654 20977 21209 E oaa     : 	at ccdz.run(PG:107)
01-24 01:53:47.654 20977 21209 E oaa     : 	at bnag.run(PG:544)
01-24 01:53:47.654 20977 21209 E oaa     : 	at ajnf.run(PG:7)
01-24 01:53:47.654 20977 21209 E oaa     : 	at brvb.run(PG:44)
01-24 01:53:47.654 20977 21209 E oaa     : 	at ivt.run(PG:467)
01-24 01:53:47.654 20977 21209 E oaa     : 	at java.lang.Thread.run(Thread.java:1563)
01-24 01:53:47.654 20977 21209 E oaa     : 	at ajnw.run(PG:61)
01-24 01:53:47.673  6259  6352 E chromium: [ERROR:cc/tiles/tile_manager.cc:998] WARNING: tile memory limits exceeded, some content may not draw
01-24 01:53:47.673  6259  6352 E chromium: [ERROR:cc/tiles/tile_manager.cc:998] WARNING: tile memory limits exceeded, some content may not draw
01-24 01:53:47.690 20977 21209 E oaa     : BlockableFutures: Cannot block on non-blocking thread
01-24 01:53:47.690 20977 21209 E oaa     : java.lang.IllegalStateException: Cannot block on non-blocking thread: BG Thread #1
01-24 01:53:47.690 20977 21209 E oaa     : 	at ajnp.b(PG:109)
01-24 01:53:47.690 20977 21209 E oaa     : 	at ajnp.a(PG:1)
01-24 01:53:47.690 20977 21209 E oaa     : 	at ppu.a(PG:173)
01-24 01:53:47.690 20977 21209 E oaa     : 	at vsm.e(PG:228)
01-24 01:53:47.690 20977 21209 E oaa     : 	at vah.b(PG:829)
01-24 01:53:47.690 20977 21209 E oaa     : 	at cbwh.w(PG:12)
01-24 01:53:47.690 20977 21209 E oaa     : 	at ccdz.run(PG:107)
01-24 01:53:47.690 20977 21209 E oaa     : 	at bnag.run(PG:544)
01-24 01:53:47.690 20977 21209 E oaa     : 	at ajnf.run(PG:7)
01-24 01:53:47.690 20977 21209 E oaa     : 	at brvb.run(PG:44)
01-24 01:53:47.690 20977 21209 E oaa     : 	at ivt.run(PG:467)
01-24 01:53:47.690 20977 21209 E oaa     : 	at java.lang.Thread.run(Thread.java:1563)
01-24 01:53:47.690 20977 21209 E oaa     : 	at ajnw.run(PG:61)
01-24 01:53:47.691  6259  6352 E chromium: [ERROR:cc/tiles/tile_manager.cc:998] WARNING: tile memory limits exceeded, some content may not draw
01-24 01:53:47.692  6259  6352 E chromium: [ERROR:cc/tiles/tile_manager.cc:998] WARNING: tile memory limits exceeded, some content may not draw
01-24 01:53:47.701  6259  6352 E chromium: [ERROR:cc/tiles/tile_manager.cc:998] WARNING: tile memory limits exceeded, some content may not draw
01-24 01:53:47.701  6259  6352 E chromium: [ERROR:cc/tiles/tile_manager.cc:998] WARNING: tile memory limits exceeded, some content may not draw
01-24 01:53:47.720 20977 21224 E oaa     : BlockableFutures: Cannot block on non-blocking thread
01-24 01:53:47.720 20977 21224 E oaa     : java.lang.IllegalStateException: Cannot block on non-blocking thread: BG Thread #3
01-24 01:53:47.720 20977 21224 E oaa     : 	at ajnp.b(PG:109)
01-24 01:53:47.720 20977 21224 E oaa     : 	at ajnp.a(PG:1)
01-24 01:53:47.720 20977 21224 E oaa     : 	at ppu.a(PG:173)
01-24 01:53:47.720 20977 21224 E oaa     : 	at vsm.e(PG:228)
01-24 01:53:47.720 20977 21224 E oaa     : 	at vah.b(PG:829)
01-24 01:53:47.720 20977 21224 E oaa     : 	at cbwh.w(PG:12)
01-24 01:53:47.720 20977 21224 E oaa     : 	at ccdz.run(PG:107)
01-24 01:53:47.720 20977 21224 E oaa     : 	at bnag.run(PG:544)
01-24 01:53:47.720 20977 21224 E oaa     : 	at ajnf.run(PG:7)
01-24 01:53:47.720 20977 21224 E oaa     : 	at brvb.run(PG:44)
01-24 01:53:47.720 20977 21224 E oaa     : 	at ivt.run(PG:467)
01-24 01:53:47.720 20977 21224 E oaa     : 	at java.lang.Thread.run(Thread.java:1563)
01-24 01:53:47.720 20977 21224 E oaa     : 	at ajnw.run(PG:61)
01-24 01:53:47.731  6259  6352 E chromium: [ERROR:cc/tiles/tile_manager.cc:998] WARNING: tile memory limits exceeded, some content may not draw
01-24 01:53:47.731  6259  6352 E chromium: [ERROR:cc/tiles/tile_manager.cc:998] WARNING: tile memory limits exceeded, some content may not draw
01-24 01:53:47.794  6259  6352 E chromium: [ERROR:cc/tiles/tile_manager.cc:998] WARNING: tile memory limits exceeded, some content may not draw
01-24 01:53:47.794  6259  6352 E chromium: [ERROR:cc/tiles/tile_manager.cc:998] WARNING: tile memory limits exceeded, some content may not draw
01-24 01:53:47.815  6259  6352 E chromium: [ERROR:cc/tiles/tile_manager.cc:998] WARNING: tile memory limits exceeded, some content may not draw
01-24 01:53:47.815  6259  6352 E chromium: [ERROR:cc/tiles/tile_manager.cc:998] WARNING: tile memory limits exceeded, some content may not draw
01-24 01:53:49.185 20977 20977 E oaa     : ItemPagerAdapterSapi: updating from necessary
01-24 01:53:49.656 20977 20977 E oaa     : ItemPagerAdapterSapi: updating from necessary
01-24 01:53:49.728 20977 20977 E oaa     : ItemPagerAdapterSapi: updating from necessary
01-24 01:53:50.868 19001  6192 E FbnsAIDLClientManager: Max Try reached for binding to FbnsAIDLService, threadId 4823
01-24 01:53:50.869 19001  6192 E FbnsAIDLClientManager: Fbns AIDL request got RemoteException
01-24 01:53:50.869 19001  6192 E FbnsAIDLClientManager: android.os.RemoteException: AIDLService is not bound
01-24 01:53:50.869 19001  6192 E FbnsAIDLClientManager: 	at X.9fQ.call(Unknown Source:393)
01-24 01:53:50.869 19001  6192 E FbnsAIDLClientManager: 	at java.util.concurrent.FutureTask.run(FutureTask.java:317)
01-24 01:53:50.869 19001  6192 E FbnsAIDLClientManager: 	at java.util.concurrent.ThreadPoolExecutor.runWorker(ThreadPoolExecutor.java:1154)
01-24 01:53:50.869 19001  6192 E FbnsAIDLClientManager: 	at java.util.concurrent.ThreadPoolExecutor$Worker.run(ThreadPoolExecutor.java:652)
01-24 01:53:50.869 19001  6192 E FbnsAIDLClientManager: 	at java.lang.Thread.run(Thread.java:1563)
01-24 01:53:55.877  6259  6352 E chromium: [ERROR:cc/tiles/tile_manager.cc:998] WARNING: tile memory limits exceeded, some content may not draw
01-24 01:53:55.878  6259  6352 E chromium: [ERROR:cc/tiles/tile_manager.cc:998] WARNING: tile memory limits exceeded, some content may not draw
01-24 01:53:55.978  6259  6352 E chromium: [ERROR:cc/tiles/tile_manager.cc:998] WARNING: tile memory limits exceeded, some content may not draw
01-24 01:53:55.978  6259  6352 E chromium: [ERROR:cc/tiles/tile_manager.cc:998] WARNING: tile memory limits exceeded, some content may not draw
01-24 01:53:56.019  6259  6352 E chromium: [ERROR:cc/tiles/tile_manager.cc:998] WARNING: tile memory limits exceeded, some content may not draw
01-24 01:53:56.019  6259  6352 E chromium: [ERROR:cc/tiles/tile_manager.cc:998] WARNING: tile memory limits exceeded, some content may not draw
01-24 01:53:56.069  6259  6352 E chromium: [ERROR:cc/tiles/tile_manager.cc:998] WARNING: tile memory limits exceeded, some content may not draw
01-24 01:53:56.069  6259  6352 E chromium: [ERROR:cc/tiles/tile_manager.cc:998] WARNING: tile memory limits exceeded, some content may not draw
01-24 01:53:59.041 20977  6151 E GPUAUX  : [AUX]GuiExtAuxCheckAuxPath:667: Null anb
01-24 01:53:59.041 20977  6151 E GPUAUX  : [AUX]GuiExtAuxCheckAuxPath:667: Null anb
01-24 01:53:59.041 20977  6151 E GPUAUX  : [AUX]GuiExtAuxCheckAuxPath:667: Null anb
01-24 01:53:59.041 20977  6151 E GPUAUX  : [AUX]GuiExtAuxCheckAuxPath:667: Null anb
01-24 01:53:59.094 20977 20977 E oaa     : ConversationWebViewCacheImpl: Webview inflated due to cache miss: 58868179
01-24 01:53:59.125 20977 20977 E oaa     : ConversationWebViewCacheImpl: Webview inflated due to cache miss: 30900106
01-24 01:53:59.170 20977 20977 E oaa     : ItemPagerAdapterSapi: updating from page selected
01-24 01:53:59.261 20977 20977 E oaa     : ItemPagerAdapterSapi: updating from necessary
01-24 01:53:59.334 20977 20977 E oaa     : ItemPagerAdapterSapi: updating from necessary
01-24 01:53:59.378 20977  6151 E GPUAUX  : [AUX]GuiExtAuxCheckAuxPath:667: Null anb
01-24 01:53:59.379 20977  6151 E GPUAUX  : [AUX]GuiExtAuxCheckAuxPath:667: Null anb
01-24 01:53:59.379 20977  6151 E GPUAUX  : [AUX]GuiExtAuxCheckAuxPath:667: Null anb
01-24 01:53:59.379 20977  6151 E GPUAUX  : [AUX]GuiExtAuxCheckAuxPath:667: Null anb
01-24 01:53:59.511  6259  6352 E chromium: [ERROR:cc/tiles/tile_manager.cc:998] WARNING: tile memory limits exceeded, some content may not draw
01-24 01:53:59.511  6259  6352 E chromium: [ERROR:cc/tiles/tile_manager.cc:998] WARNING: tile memory limits exceeded, some content may not draw
01-24 01:53:59.574 20977 20977 E oaa     : ItemPagerAdapterSapi: updating from necessary
01-24 01:53:59.597  6259  6352 E chromium: [ERROR:cc/tiles/tile_manager.cc:998] WARNING: tile memory limits exceeded, some content may not draw
01-24 01:53:59.602  6259  6352 E chromium: [ERROR:cc/tiles/tile_manager.cc:998] WARNING: tile memory limits exceeded, some content may not draw
01-24 01:53:59.603  6259  6352 E chromium: [ERROR:cc/tiles/tile_manager.cc:998] WARNING: tile memory limits exceeded, some content may not draw
01-24 01:53:59.603  6259  6352 E chromium: [ERROR:cc/tiles/tile_manager.cc:998] WARNING: tile memory limits exceeded, some content may not draw
01-24 01:53:59.608  6259  6352 E chromium: [ERROR:cc/tiles/tile_manager.cc:998] WARNING: tile memory limits exceeded, some content may not draw
01-24 01:53:59.669  6259  6352 E chromium: [ERROR:cc/tiles/tile_manager.cc:998] WARNING: tile memory limits exceeded, some content may not draw
01-24 01:53:59.670  6259  6352 E chromium: [ERROR:cc/tiles/tile_manager.cc:998] WARNING: tile memory limits exceeded, some content may not draw
01-24 01:53:59.671  6259  6352 E chromium: [ERROR:cc/tiles/tile_manager.cc:998] WARNING: tile memory limits exceeded, some content may not draw
01-24 01:53:59.691  6259  6352 E chromium: [ERROR:cc/tiles/tile_manager.cc:998] WARNING: tile memory limits exceeded, some content may not draw
01-24 01:53:59.691  6259  6352 E chromium: [ERROR:cc/tiles/tile_manager.cc:998] WARNING: tile memory limits exceeded, some content may not draw
01-24 01:53:59.695  6259  6352 E chromium: [ERROR:cc/tiles/tile_manager.cc:998] WARNING: tile memory limits exceeded, some content may not draw
01-24 01:53:59.695  6259  6352 E chromium: [ERROR:cc/tiles/tile_manager.cc:998] WARNING: tile memory limits exceeded, some content may not draw
01-24 01:53:59.710  6259  6352 E chromium: [ERROR:cc/tiles/tile_manager.cc:998] WARNING: tile memory limits exceeded, some content may not draw
01-24 01:53:59.710  6259  6352 E chromium: [ERROR:cc/tiles/tile_manager.cc:998] WARNING: tile memory limits exceeded, some content may not draw
01-24 01:54:00.653 20977  6151 E GPUAUX  : [AUX]GuiExtAuxCheckAuxPath:667: Null anb
01-24 01:54:00.653 20977  6151 E GPUAUX  : [AUX]GuiExtAuxCheckAuxPath:667: Null anb
01-24 01:54:00.653 20977  6151 E GPUAUX  : [AUX]GuiExtAuxCheckAuxPath:667: Null anb
01-24 01:54:01.258 20977  6151 E GPUAUX  : [AUX]GuiExtAuxCheckAuxPath:667: Null anb
01-24 01:54:01.258 20977  6151 E GPUAUX  : [AUX]GuiExtAuxCheckAuxPath:667: Null anb
01-24 01:54:01.258 20977  6151 E GPUAUX  : [AUX]GuiExtAuxCheckAuxPath:667: Null anb
01-24 01:54:01.258 20977  6151 E GPUAUX  : [AUX]GuiExtAuxCheckAuxPath:667: Null anb
01-24 01:54:01.427 20977 20977 E oaa     : ItemPagerAdapterSapi: updating from necessary
01-24 01:54:01.428 20977 20977 E oaa     : ItemPagerAdapterSapi: updating from necessary
01-24 01:54:02.187 20977 20977 E oaa     : ItemPagerAdapterSapi: updating from necessary
01-24 01:54:02.270 20977 20977 E oaa     : ItemPagerAdapterSapi: updating from necessary
01-24 01:54:05.890 20977 20977 E ogle.android.gm: hiddenapi: Accessing hidden method Landroid/view/MotionEvent;->getHistoricalEventTimeNano(I)J (runtime_flags=0, domain=platform, api=max-target-o) from LWV/pk1; (domain=app, TargetSdkVersion=36) using reflection: denied
01-24 01:54:05.922 20977  6151 E GPUAUX  : [AUX]GuiExtAuxCheckAuxPath:667: Null anb
01-24 01:54:05.962  6259  6352 E chromium: [ERROR:cc/tiles/tile_manager.cc:998] WARNING: tile memory limits exceeded, some content may not draw
01-24 01:54:05.962  6259  6352 E chromium: [ERROR:cc/tiles/tile_manager.cc:998] WARNING: tile memory limits exceeded, some content may not draw
01-24 01:54:05.966  6259  6352 E chromium: [ERROR:cc/tiles/tile_manager.cc:998] WARNING: tile memory limits exceeded, some content may not draw
01-24 01:54:05.966  6259  6352 E chromium: [ERROR:cc/tiles/tile_manager.cc:998] WARNING: tile memory limits exceeded, some content may not draw
01-24 01:54:05.975 20977  6151 E GPUAUX  : [AUX]GuiExtAuxCheckAuxPath:667: Null anb
01-24 01:54:05.975  6259  6352 E chromium: [ERROR:cc/tiles/tile_manager.cc:998] WARNING: tile memory limits exceeded, some content may not draw
01-24 01:54:05.975 20977  6151 E GPUAUX  : [AUX]GuiExtAuxCheckAuxPath:667: Null anb
01-24 01:54:05.975 20977  6151 E GPUAUX  : [AUX]GuiExtAuxCheckAuxPath:667: Null anb
01-24 01:54:05.975 20977  6151 E GPUAUX  : [AUX]GuiExtAuxCheckAuxPath:667: Null anb
01-24 01:54:05.975 20977  6151 E GPUAUX  : [AUX]GuiExtAuxCheckAuxPath:667: Null anb
01-24 01:54:05.975  6259  6352 E chromium: [ERROR:cc/tiles/tile_manager.cc:998] WARNING: tile memory limits exceeded, some content may not draw
01-24 01:54:05.976  6259  6352 E chromium: [ERROR:cc/tiles/tile_manager.cc:998] WARNING: tile memory limits exceeded, some content may not draw
01-24 01:54:05.977  6259  6352 E chromium: [ERROR:cc/tiles/tile_manager.cc:998] WARNING: tile memory limits exceeded, some content may not draw
01-24 01:54:06.041 20977  6151 E GPUAUX  : [AUX]GuiExtAuxCheckAuxPath:667: Null anb
01-24 01:54:06.042 20977  6151 E GPUAUX  : [AUX]GuiExtAuxCheckAuxPath:667: Null anb
01-24 01:54:06.042 20977  6151 E GPUAUX  : [AUX]GuiExtAuxCheckAuxPath:667: Null anb
01-24 01:54:06.042 20977  6151 E GPUAUX  : [AUX]GuiExtAuxCheckAuxPath:667: Null anb
01-24 01:54:06.042 20977  6151 E GPUAUX  : [AUX]GuiExtAuxCheckAuxPath:667: Null anb
01-24 01:54:06.056  6259  6352 E chromium: [ERROR:cc/tiles/tile_manager.cc:998] WARNING: tile memory limits exceeded, some content may not draw
01-24 01:54:06.056  6259  6352 E chromium: [ERROR:cc/tiles/tile_manager.cc:998] WARNING: tile memory limits exceeded, some content may not draw
01-24 01:54:06.056  6259  6352 E chromium: [ERROR:cc/tiles/tile_manager.cc:998] WARNING: tile memory limits exceeded, some content may not draw
01-24 01:54:06.056  6259  6352 E chromium: [ERROR:cc/tiles/tile_manager.cc:998] WARNING: tile memory limits exceeded, some content may not draw
01-24 01:54:06.058  6259  6352 E chromium: [ERROR:cc/tiles/tile_manager.cc:998] WARNING: tile memory limits exceeded, some content may not draw
01-24 01:54:06.058  6259  6352 E chromium: [ERROR:cc/tiles/tile_manager.cc:998] WARNING: tile memory limits exceeded, some content may not draw
01-24 01:54:06.125  6259  6352 E chromium: [ERROR:cc/tiles/tile_manager.cc:998] WARNING: tile memory limits exceeded, some content may not draw
01-24 01:54:06.125  6259  6352 E chromium: [ERROR:cc/tiles/tile_manager.cc:998] WARNING: tile memory limits exceeded, some content may not draw
01-24 01:54:06.132 20977  6151 E GPUAUX  : [AUX]GuiExtAuxCheckAuxPath:667: Null anb
01-24 01:54:06.133 20977  6151 E GPUAUX  : [AUX]GuiExtAuxCheckAuxPath:667: Null anb
01-24 01:54:06.133 20977  6151 E GPUAUX  : [AUX]GuiExtAuxCheckAuxPath:667: Null anb
01-24 01:54:06.133 20977  6151 E GPUAUX  : [AUX]GuiExtAuxCheckAuxPath:667: Null anb
01-24 01:54:06.133 20977  6151 E GPUAUX  : [AUX]GuiExtAuxCheckAuxPath:667: Null anb
01-24 01:54:06.145  6259  6352 E chromium: [ERROR:cc/tiles/tile_manager.cc:998] WARNING: tile memory limits exceeded, some content may not draw
01-24 01:54:06.145  6259  6352 E chromium: [ERROR:cc/tiles/tile_manager.cc:998] WARNING: tile memory limits exceeded, some content may not draw
01-24 01:54:06.162  6259  6352 E chromium: [ERROR:cc/tiles/tile_manager.cc:998] WARNING: tile memory limits exceeded, some content may not draw
01-24 01:54:06.163  6259  6352 E chromium: [ERROR:cc/tiles/tile_manager.cc:998] WARNING: tile memory limits exceeded, some content may not draw
01-24 01:54:06.163  6259  6352 E chromium: [ERROR:cc/tiles/tile_manager.cc:998] WARNING: tile memory limits exceeded, some content may not draw
01-24 01:54:06.164  6259  6352 E chromium: [ERROR:cc/tiles/tile_manager.cc:998] WARNING: tile memory limits exceeded, some content may not draw
01-24 01:54:06.176  6259  6352 E chromium: [ERROR:cc/tiles/tile_manager.cc:998] WARNING: tile memory limits exceeded, some content may not draw
01-24 01:54:06.183  6259  6352 E chromium: [ERROR:cc/tiles/tile_manager.cc:998] WARNING: tile memory limits exceeded, some content may not draw
01-24 01:54:06.183  6259  6352 E chromium: [ERROR:cc/tiles/tile_manager.cc:998] WARNING: tile memory limits exceeded, some content may not draw
01-24 01:54:06.184  6259  6352 E chromium: [ERROR:cc/tiles/tile_manager.cc:998] WARNING: tile memory limits exceeded, some content may not draw
01-24 01:54:06.186  6259  6352 E chromium: [ERROR:cc/tiles/tile_manager.cc:998] WARNING: tile memory limits exceeded, some content may not draw
01-24 01:54:06.196  6259  6352 E chromium: [ERROR:cc/tiles/tile_manager.cc:998] WARNING: tile memory limits exceeded, some content may not draw
01-24 01:54:06.196  6259  6352 E chromium: [ERROR:cc/tiles/tile_manager.cc:998] WARNING: tile memory limits exceeded, some content may not draw
01-24 01:54:06.208  6259  6352 E chromium: [ERROR:cc/tiles/tile_manager.cc:998] WARNING: tile memory limits exceeded, some content may not draw
01-24 01:54:06.208  6259  6352 E chromium: [ERROR:cc/tiles/tile_manager.cc:998] WARNING: tile memory limits exceeded, some content may not draw
01-24 01:54:07.990 20977  6151 E GPUAUX  : [AUX]GuiExtAuxCheckAuxPath:667: Null anb
01-24 01:54:08.460 20977  6151 E GPUAUX  : [AUX]GuiExtAuxCheckAuxPath:667: Null anb
01-24 01:54:08.840  6259  6352 E chromium: [ERROR:cc/tiles/tile_manager.cc:998] WARNING: tile memory limits exceeded, some content may not draw
01-24 01:54:08.840  6259  6352 E chromium: [ERROR:cc/tiles/tile_manager.cc:998] WARNING: tile memory limits exceeded, some content may not draw
01-24 01:54:08.841  6259  6352 E chromium: [ERROR:cc/tiles/tile_manager.cc:998] WARNING: tile memory limits exceeded, some content may not draw
01-24 01:54:08.841  6259  6352 E chromium: [ERROR:cc/tiles/tile_manager.cc:998] WARNING: tile memory limits exceeded, some content may not draw
01-24 01:54:08.842 20977 20977 E ogle.android.gm: Invalid ID 0x00000000.
01-24 01:54:08.845 20977  6151 E GPUAUX  : [AUX]GuiExtAuxCheckAuxPath:667: Null anb
01-24 01:54:08.845 20977  6151 E GPUAUX  : [AUX]GuiExtAuxCheckAuxPath:667: Null anb
01-24 01:54:08.845 20977  6151 E GPUAUX  : [AUX]GuiExtAuxCheckAuxPath:667: Null anb
01-24 01:54:08.845 20977  6151 E GPUAUX  : [AUX]GuiExtAuxCheckAuxPath:667: Null anb
01-24 01:54:08.856  6259  6352 E chromium: [ERROR:cc/tiles/tile_manager.cc:998] WARNING: tile memory limits exceeded, some content may not draw
01-24 01:54:08.856  6259  6352 E chromium: [ERROR:cc/tiles/tile_manager.cc:998] WARNING: tile memory limits exceeded, some content may not draw
01-24 01:54:08.861  6259  6352 E chromium: [ERROR:cc/tiles/tile_manager.cc:998] WARNING: tile memory limits exceeded, some content may not draw
01-24 01:54:08.861  6259  6352 E chromium: [ERROR:cc/tiles/tile_manager.cc:998] WARNING: tile memory limits exceeded, some content may not draw
01-24 01:54:08.894  6259  6352 E chromium: [ERROR:cc/tiles/tile_manager.cc:998] WARNING: tile memory limits exceeded, some content may not draw
01-24 01:54:08.895  6259  6352 E chromium: [ERROR:cc/tiles/tile_manager.cc:998] WARNING: tile memory limits exceeded, some content may not draw
01-24 01:54:08.896 20977  6151 E GPUAUX  : [AUX]GuiExtAuxCheckAuxPath:667: Null anb
01-24 01:54:08.896 20977  6151 E GPUAUX  : [AUX]GuiExtAuxCheckAuxPath:667: Null anb
01-24 01:54:08.896 20977  6151 E GPUAUX  : [AUX]GuiExtAuxCheckAuxPath:667: Null anb
01-24 01:54:08.896 20977  6151 E GPUAUX  : [AUX]GuiExtAuxCheckAuxPath:667: Null anb
01-24 01:54:08.896 20977  6151 E GPUAUX  : [AUX]GuiExtAuxCheckAuxPath:667: Null anb
01-24 01:54:08.897  6259  6352 E chromium: [ERROR:cc/tiles/tile_manager.cc:998] WARNING: tile memory limits exceeded, some content may not draw
01-24 01:54:08.897  6259  6352 E chromium: [ERROR:cc/tiles/tile_manager.cc:998] WARNING: tile memory limits exceeded, some content may not draw
01-24 01:54:08.922  6259  6352 E chromium: [ERROR:cc/tiles/tile_manager.cc:998] WARNING: tile memory limits exceeded, some content may not draw
01-24 01:54:08.922  6259  6352 E chromium: [ERROR:cc/tiles/tile_manager.cc:998] WARNING: tile memory limits exceeded, some content may not draw
01-24 01:54:08.923  6259  6352 E chromium: [ERROR:cc/tiles/tile_manager.cc:998] WARNING: tile memory limits exceeded, some content may not draw
01-24 01:54:08.923  6259  6352 E chromium: [ERROR:cc/tiles/tile_manager.cc:998] WARNING: tile memory limits exceeded, some content may not draw
01-24 01:54:14.625 20763  6193 E NearbyMediums: MEDIUM_ERROR [SYSTEM][WIFI_LAN][START_LISTENING_INCOMING_CONNECTION][ACCEPT_CONNECTION_FAILED][SOCKET_CLOSED], service-id=NearbySharing
01-24 01:54:14.625 20763  6193 E NearbyMediums: Extra Sensitive/PII message : Socket closed
01-24 01:54:16.467 20977 20977 E ogle.android.gm: Invalid ID 0x00000000.
01-24 01:54:16.471 20977 20977 E oaa     : AbstractActivityBaseController: Received null cursor from loader id: 31 [CONTEXT android_log_tag="AABController" ]
01-24 01:54:16.472 20977 20977 E oaa     : RecentFolderList: RecentFolderList.loadFromUiProvider: bad input. mAccount=com.android.mail.providers.Account@74494b74{name=472238656 encryptedDelegatorId= type=com.google syncStatus=4 securityHold=FREE_TO_SYNC},cursor=null
01-24 01:54:19.343 20763  6193 E NearbyMediums: MEDIUM_ERROR [SYSTEM][WIFI_LAN][START_LISTENING_INCOMING_CONNECTION][ACCEPT_CONNECTION_FAILED][SOCKET_CLOSED], service-id=NearbySharing
01-24 01:54:19.343 20763  6193 E NearbyMediums: Extra Sensitive/PII message : Socket closed
01-24 01:54:20.105  6884  6984 E ion     : ioctl c0044901 failed with code -1: Invalid argument
01-24 01:54:20.207  6884  6975 E bbsv    : Sync subscriptions not available
01-24 01:54:20.350  6884  7011 E GoogleApiManager: Failed to get service from broker. 
01-24 01:54:20.350  6884  7011 E GoogleApiManager: java.lang.SecurityException: Unknown calling package name 'com.google.android.gms'.
01-24 01:54:20.350  6884  7011 E GoogleApiManager: 	at android.os.Parcel.createExceptionOrNull(Parcel.java:3025)
01-24 01:54:20.350  6884  7011 E GoogleApiManager: 	at android.os.Parcel.createException(Parcel.java:3009)
01-24 01:54:20.350  6884  7011 E GoogleApiManager: 	at android.os.Parcel.readException(Parcel.java:2992)
01-24 01:54:20.350  6884  7011 E GoogleApiManager: 	at android.os.Parcel.readException(Parcel.java:2934)
01-24 01:54:20.350  6884  7011 E GoogleApiManager: 	at bdel.a(:com.google.android.gms@255034029@25.50.34 (190400-855735097):36)
01-24 01:54:20.350  6884  7011 E GoogleApiManager: 	at bdcm.z(:com.google.android.gms@255034029@25.50.34 (190400-855735097):143)
01-24 01:54:20.350  6884  7011 E GoogleApiManager: 	at bcin.run(:com.google.android.gms@255034029@25.50.34 (190400-855735097):42)
01-24 01:54:20.350  6884  7011 E GoogleApiManager: 	at android.os.Handler.handleCallback(Handler.java:942)
01-24 01:54:20.350  6884  7011 E GoogleApiManager: 	at android.os.Handler.dispatchMessage(Handler.java:99)
01-24 01:54:20.350  6884  7011 E GoogleApiManager: 	at cpxj.mv(:com.google.android.gms@255034029@25.50.34 (190400-855735097):1)
01-24 01:54:20.350  6884  7011 E GoogleApiManager: 	at cpxj.dispatchMessage(:com.google.android.gms@255034029@25.50.34 (190400-855735097):5)
01-24 01:54:20.350  6884  7011 E GoogleApiManager: 	at android.os.Looper.loopOnce(Looper.java:223)
01-24 01:54:20.350  6884  7011 E GoogleApiManager: 	at android.os.Looper.loop(Looper.java:324)
01-24 01:54:20.350  6884  7011 E GoogleApiManager: 	at android.os.HandlerThread.run(HandlerThread.java:67)
01-24 01:54:22.783 19001  6824 E FbnsAIDLClientManager: Max Try reached for binding to FbnsAIDLService, threadId 4824
01-24 01:54:22.785 19001  6824 E FbnsAIDLClientManager: Fbns AIDL request got RemoteException
01-24 01:54:22.785 19001  6824 E FbnsAIDLClientManager: android.os.RemoteException: AIDLService is not bound
01-24 01:54:22.785 19001  6824 E FbnsAIDLClientManager: 	at X.9fQ.call(Unknown Source:393)
01-24 01:54:22.785 19001  6824 E FbnsAIDLClientManager: 	at java.util.concurrent.FutureTask.run(FutureTask.java:317)
01-24 01:54:22.785 19001  6824 E FbnsAIDLClientManager: 	at java.util.concurrent.ThreadPoolExecutor.runWorker(ThreadPoolExecutor.java:1154)
01-24 01:54:22.785 19001  6824 E FbnsAIDLClientManager: 	at java.util.concurrent.ThreadPoolExecutor$Worker.run(ThreadPoolExecutor.java:652)
01-24 01:54:22.785 19001  6824 E FbnsAIDLClientManager: 	at java.lang.Thread.run(Thread.java:1563)
01-24 01:54:30.372  6884  7011 E GoogleApiManager: Failed to get service from broker. 
01-24 01:54:30.372  6884  7011 E GoogleApiManager: java.lang.SecurityException: Unknown calling package name 'com.google.android.gms'.
01-24 01:54:30.372  6884  7011 E GoogleApiManager: 	at android.os.Parcel.createExceptionOrNull(Parcel.java:3025)
01-24 01:54:30.372  6884  7011 E GoogleApiManager: 	at android.os.Parcel.createException(Parcel.java:3009)
01-24 01:54:30.372  6884  7011 E GoogleApiManager: 	at android.os.Parcel.readException(Parcel.java:2992)
01-24 01:54:30.372  6884  7011 E GoogleApiManager: 	at android.os.Parcel.readException(Parcel.java:2934)
01-24 01:54:30.372  6884  7011 E GoogleApiManager: 	at bdel.a(:com.google.android.gms@255034029@25.50.34 (190400-855735097):36)
01-24 01:54:30.372  6884  7011 E GoogleApiManager: 	at bdcm.z(:com.google.android.gms@255034029@25.50.34 (190400-855735097):143)
01-24 01:54:30.372  6884  7011 E GoogleApiManager: 	at bcin.run(:com.google.android.gms@255034029@25.50.34 (190400-855735097):42)
01-24 01:54:30.372  6884  7011 E GoogleApiManager: 	at android.os.Handler.handleCallback(Handler.java:942)
01-24 01:54:30.372  6884  7011 E GoogleApiManager: 	at android.os.Handler.dispatchMessage(Handler.java:99)
01-24 01:54:30.372  6884  7011 E GoogleApiManager: 	at cpxj.mv(:com.google.android.gms@255034029@25.50.34 (190400-855735097):1)
01-24 01:54:30.372  6884  7011 E GoogleApiManager: 	at cpxj.dispatchMessage(:com.google.android.gms@255034029@25.50.34 (190400-855735097):5)
01-24 01:54:30.372  6884  7011 E GoogleApiManager: 	at android.os.Looper.loopOnce(Looper.java:223)
01-24 01:54:30.372  6884  7011 E GoogleApiManager: 	at android.os.Looper.loop(Looper.java:324)
01-24 01:54:30.372  6884  7011 E GoogleApiManager: 	at android.os.HandlerThread.run(HandlerThread.java:67)
01-24 01:55:33.536  7094  7188 E ity.app.android: No package ID 6a found for ID 0x6a0b0013.
01-24 01:55:38.226 19001 19117 E MQTTBypassDGWStreamGroupCallbacks.cpp: onStreamGroupError TransientError domain: MNSQUICConnection code: 4 detail: Stateless Reset Received
01-24 01:55:38.232 19001 19344 E msys    : E[S MSync]_ModularSyncHandleNetworkResponse(1751)=>DB[223] - Encountered a network error (2002: TransientError domain: MNSQUICConnection code: 4 detail: Stateless Reset Received)
01-24 01:55:38.233 19001 19344 E msys    : E[S MSync]_ModularSyncHandleNetworkErrorResponse(1445)=>DB[223] - handle network error response
01-24 01:55:38.234 19001 19291 E msys    : E[N mns]_OnDiskCacheGetData(632)=>Start post callback cache refresh DNS resolution
01-24 01:55:38.250 19001 19291 E msys    : E[N mns]_OnSystemDNSSuccessCallback(340)=>Cache refresh succeeded with system DNS resolver. IP count: 1
01-24 01:55:39.725 19001 19001 E SlowAppComponent: 0ms: IgBgFetchSchedulerService instantiating…
01-24 01:55:39.725 19001 19001 E SlowAppComponent: Main thread was blocked for 34ms in the background starting with IgBgFetchSchedulerService
