01-24 02:34:12.341 19001 19183 E msys    : E[N mns]_CacheRefreshTimerCallback(454)=>Start active cache refresh DNS resolution
01-24 02:34:12.341 19001 19183 E msys    : E[N mns]_CacheRefreshTimerCallback(454)=>Start active cache refresh DNS resolution
01-24 02:34:12.341 19001 19183 E msys    : E[N mns]_CacheRefreshTimerCallback(454)=>Start active cache refresh DNS resolution
01-24 02:34:12.341 19001 19183 E msys    : E[N mns]_CacheRefreshTimerCallback(454)=>Start active cache refresh DNS resolution
01-24 02:34:12.353 19001 19183 E msys    : E[N mns]_OnSystemDNSSuccessCallback(340)=>Cache refresh succeeded with system DNS resolver. IP count: 1
01-24 02:34:12.356 19001 19183 E msys    : E[N mns]_OnSystemDNSSuccessCallback(340)=>Cache refresh succeeded with system DNS resolver. IP count: 1
01-24 02:34:12.357 19001 19183 E msys    : E[N mns]_OnSystemDNSSuccessCallback(340)=>Cache refresh succeeded with system DNS resolver. IP count: 1
01-24 02:34:12.357 19001 19183 E msys    : E[N mns]_OnSystemDNSSuccessCallback(340)=>Cache refresh succeeded with system DNS resolver. IP count: 1
01-24 02:34:12.382 19001 19183 E msys    : E[N mns]_OnSystemDNSSuccessCallback(340)=>Cache refresh succeeded with system DNS resolver. IP count: 1
01-24 02:34:12.382 19001 19183 E msys    : E[N mns]_OnSystemDNSSuccessCallback(340)=>Cache refresh succeeded with system DNS resolver. IP count: 1
01-24 02:34:15.800 20763 10194 E NearbyMediums: MEDIUM_ERROR [SYSTEM][WIFI_LAN][START_LISTENING_INCOMING_CONNECTION][ACCEPT_CONNECTION_FAILED][SOCKET_CLOSED], service-id=NearbySharing
01-24 02:34:15.825 20763 10194 E NearbyMediums: Extra Sensitive/PII message : Socket closed
01-24 02:34:20.797 24805 16780 E AbstractLogEventBuilder: The provided ProductIdOrigin 3 is not one of the process-level expected values: 1 or 2
01-24 02:34:20.837 24805 24926 E AbstractLogEventBuilder: The provided ProductIdOrigin 3 is not one of the process-level expected values: 1 or 2
01-24 02:34:21.094 24805 24926 E AbstractLogEventBuilder: The provided ProductIdOrigin 3 is not one of the process-level expected values: 1 or 2
01-24 02:34:21.625 24805 24805 E AbstractLogEventBuilder: The provided ProductIdOrigin 3 is not one of the process-level expected values: 1 or 2
01-24 02:34:22.635 24805 24885 E AbstractLogEventBuilder: The provided ProductIdOrigin 3 is not one of the process-level expected values: 1 or 2
01-24 02:34:26.054 24805 16800 E AbstractLogEventBuilder: The provided ProductIdOrigin 3 is not one of the process-level expected values: 1 or 2
01-24 02:34:26.054 24805 24916 E AbstractLogEventBuilder: The provided ProductIdOrigin 3 is not one of the process-level expected values: 1 or 2
01-24 02:34:26.058 24805 24926 E AbstractLogEventBuilder: The provided ProductIdOrigin 3 is not one of the process-level expected values: 1 or 2
01-24 02:34:31.399 24805 24805 E AbstractLogEventBuilder: The provided ProductIdOrigin 3 is not one of the process-level expected values: 1 or 2
01-24 02:34:31.400 24805 24805 E AbstractLogEventBuilder: The provided ProductIdOrigin 3 is not one of the process-level expected values: 1 or 2
01-24 02:34:31.414 24805 16780 E AbstractLogEventBuilder: The provided ProductIdOrigin 3 is not one of the process-level expected values: 1 or 2
01-24 02:34:31.906 24805 24923 E Finsky  : [4379] [Counters] attempted to use a non-positive increment for: 4752
01-24 02:34:31.916 24805 24923 E Finsky  : [4379] [Counters] attempted to use a non-positive increment for: 4753
01-24 02:34:32.449 19487 16886 E RoleControllerServiceImpl: Default/fallback role holder package doesn't qualify for the role, package: com.google.android.gms.supervision, role: android.app.role.SYSTEM_SUPERVISION, user: 0
01-24 02:34:33.106 24805 24926 E Finsky  : [4380] [Counters] attempted to use a non-positive increment for: 4752
01-24 02:34:33.118 24805 24916 E Finsky  : [4376] [Counters] attempted to use a non-positive increment for: 4752
01-24 02:34:33.118 24805 24916 E Finsky  : [4376] [Counters] attempted to use a non-positive increment for: 4753
01-24 02:34:33.118 24805 24916 E Finsky  : [4376] [Counters] attempted to use a non-positive increment for: 4753
01-24 02:34:34.511 19487 16886 E RoleControllerServiceImpl: Default/fallback role holder package doesn't qualify for the role, package: com.google.android.gms.supervision, role: android.app.role.SYSTEM_SUPERVISION, user: 0
01-24 02:34:35.878 17107 17139 E VivoPush.Client.Utility: (17107)client is null
01-24 02:34:35.954 17107 17129 E VivoPush.Client.PushPackageUtils: (17107)client is null
01-24 02:34:37.252 24805 24805 E Finsky  : [2] Failed to load an Item com.android.vending, missing shared fields: [4], missing type-specific fields: [0, 0, 0, 0, 0, 0, 0, 0, 64]
01-24 02:34:37.252 24805 24805 E Finsky  : [2] Failed to load an Item com.cloudflare.onedotonedotonedotone, no data available.
01-24 02:34:37.252 24805 24805 E Finsky  : [2] Failed to load an Item com.fast.free.unblock.secure.vpn, no data available.
01-24 02:34:37.255 24805 24805 E Finsky  : [2] Required items [com.android.vending, com.cloudflare.onedotonedotonedotone, com.fast.free.unblock.secure.vpn]
01-24 02:34:37.255 24805 24805 E Finsky  : [2] Requested items [[com.cloudflare.onedotonedotonedotone, com.fast.free.unblock.secure.vpn, com.android.vending]]
01-24 02:34:37.255 24805 24805 E Finsky  : [2] Retrieved items []
01-24 02:34:37.803 17249 17249 E ion     : ioctl c0044901 failed with code -1: Invalid argument
01-24 02:34:37.920 17249 17249 E FBI     : Can't load library: dlopen failed: library "libmagtsync.so" not found
01-24 02:34:37.948 17249 17309 E ion     : ioctl c0044901 failed with code -1: Invalid argument
01-24 02:34:38.521 19487 16886 E RoleControllerServiceImpl: Default/fallback role holder package doesn't qualify for the role, package: com.google.android.gms.supervision, role: android.app.role.SYSTEM_SUPERVISION, user: 0
01-24 02:34:38.556 17107 17337 E chromium: [0124/023438.516474:ERROR:android_webview/browser/variations/variations_seed_loader.cc:39] Seed missing signature.
01-24 02:34:46.223 17514 17561 E msys    : E[N WCIHTTPImplNetworkSession]WCIHTTPTaskImplCreateRegular(556)=>[I] http/task/regular/create/start
01-24 02:34:46.223 17514 17561 E msys    : E[N WCIHTTPImplNetworkSession]WCIHTTPTaskImplCreateRegular(591)=>[I] http/task/regular/create/execute
01-24 02:34:46.225 17514 17561 E msys    : E[N WCIHTTPImplNetworkSession]WCIHTTPTaskImplCreateRegular(614)=>[I] http/task/regular/create/success
01-24 02:34:46.267 17514 17564 E com.whatsapp: hiddenapi: Accessing hidden method Lcom/android/org/conscrypt/OpenSSLSocketImpl;->setUseSessionTickets(Z)V (runtime_flags=CorePlatformApi, domain=core-platform, api=max-target-q,core-platform-api) from LX/FME; (domain=app, TargetSdkVersion=35) using reflection: denied
01-24 02:34:46.267 17514 17564 E com.whatsapp: hiddenapi: Accessing hidden method Lcom/android/org/conscrypt/AbstractConscryptSocket;->setUseSessionTickets(Z)V (runtime_flags=0, domain=core-platform, api=max-target-q) from LX/FME; (domain=app, TargetSdkVersion=35) using reflection: denied
01-24 02:34:46.419 17514 17542 E SQLiteLog: (1) duplicate column name: mute_reactions in "ALTER TABLE settings ADD mute_reactions INTEGER"
01-24 02:34:46.441 17514 17586 E msys    : E[N mns]_OnDiskCacheGetData(632)=>Start post callback cache refresh DNS resolution
01-24 02:34:46.451 17514 17586 E msys    : E[N mns]_OnSystemDNSSuccessCallback(340)=>Cache refresh succeeded with system DNS resolver. IP count: 1
01-24 02:34:48.635 17514 17586 E msys    : E[N mns]_OnDiskCacheGetData(632)=>Start post callback cache refresh DNS resolution
01-24 02:34:48.652 17514 17586 E msys    : E[N mns]_OnSystemDNSSuccessCallback(340)=>Cache refresh succeeded with system DNS resolver. IP count: 4
01-24 02:34:49.763 24805 24885 E AbstractLogEventBuilder: The provided ProductIdOrigin 3 is not one of the process-level expected values: 1 or 2
01-24 02:34:54.721 24805 16800 E AbstractLogEventBuilder: The provided ProductIdOrigin 3 is not one of the process-level expected values: 1 or 2
01-24 02:34:54.721 24805 24916 E AbstractLogEventBuilder: The provided ProductIdOrigin 3 is not one of the process-level expected values: 1 or 2
01-24 02:36:27.676 19001 19183 E msys    : E[N mns]_OnDiskCacheGetData(632)=>Start post callback cache refresh DNS resolution
01-24 02:36:27.694 19001 19183 E msys    : E[N mns]_OnSystemDNSSuccessCallback(340)=>Cache refresh succeeded with system DNS resolver. IP count: 1
01-24 02:37:01.513  9608  9654 E eiak    : (REDACTED) Trace %s timed out after %d ms. Complete trace: %s
01-24 02:37:01.513  9608  9654 E eiak    : eibs: 
01-24 02:37:01.513  9608  9654 E eiak    : 	at tk_trace.SMARTSPACE_3P_TRIGGERING_EVENT_END (Timed Out)(Started After:0)
01-24 02:37:01.513  9608  9654 E eiak    : 	at tk_trace.AppSearchActionReceiver#performAction(Started After:0)
01-24 02:37:01.513  9608  9654 E eiak    : 	Suppressed: eibr: 
01-24 02:37:01.513  9608  9654 E eiak    : 		at tk_trace.SMARTSPACE_3P_TRIGGERING_EVENT_END(unfinished)(Unknown Source:0)
01-24 02:37:01.513  9608  9654 E eiak    : 		at tk_trace.AppSearchActionReceiverperformAction 0 ms(Unknown Source:0)
01-24 02:37:01.513  9608  9654 E eiak    : 	Suppressed: eibr: 
01-24 02:37:01.513  9608  9654 E eiak    : 		at tk_trace.SMARTSPACE_3P_TRIGGERING_EVENT_START(unfinished)(Unknown Source:0)
01-24 02:37:01.513  9608  9654 E eiak    : 		at tk_trace.AppSearchActionReceiverperformAction 0 ms(Unknown Source:0)
01-24 02:37:01.518  9608  9652 E eiak    : (REDACTED) Trace %s timed out after %d ms. Complete trace: %s
01-24 02:37:01.518  9608  9652 E eiak    : eibs: 
01-24 02:37:01.518  9608  9652 E eiak    : 	at tk_trace.Query: SELECT * FROM AllListenersSucceededVersionTable WHERE version_code = (?)(Started After:0)
01-24 02:37:01.518  9608  9652 E eiak    : 	at tk_trace.AfterPackageReplaced(Started After:0)
01-24 02:37:01.518  9608  9652 E eiak    : 	at tk_trace.Startup Listeners(Started After:0)
01-24 02:37:01.518  9608  9652 E eiak    : 	at tk_trace.Application.onCreate(Started After:0)
01-24 02:37:01.518  9608  9652 E eiak    : 	at tk_trace.Application creation(Started After:0)
01-24 02:38:32.365 19001 19117 E MQTTBypassDGWStreamGroupCallbacks.cpp: onStreamGroupError TransientError domain: MNSQUICConnection code: 1 detail: Local error: 1073741845: 35 seconds
01-24 02:38:32.370 19001 19344 E msys    : E[S MSync]_ModularSyncHandleNetworkResponse(1751)=>DB[223] - Encountered a network error (2002: TransientError domain: MNSQUICConnection code: 1 detail: Local error: 1073741845: 35 seconds)
01-24 02:38:32.371 19001 19344 E msys    : E[S MSync]_ModularSyncHandleNetworkErrorResponse(1445)=>DB[223] - handle network error response
01-24 02:38:32.374 19001 19291 E msys    : E[N mns]_OnDiskCacheGetData(632)=>Start post callback cache refresh DNS resolution
01-24 02:38:32.392 19001 19291 E msys    : E[N mns]_OnSystemDNSSuccessCallback(340)=>Cache refresh succeeded with system DNS resolver. IP count: 1
01-24 02:39:12.341 19001 19183 E msys    : E[N mns]_CacheRefreshTimerCallback(454)=>Start active cache refresh DNS resolution
01-24 02:39:12.342 19001 19183 E msys    : E[N mns]_CacheRefreshTimerCallback(454)=>Start active cache refresh DNS resolution
01-24 02:39:12.342 19001 19183 E msys    : E[N mns]_CacheRefreshTimerCallback(454)=>Start active cache refresh DNS resolution
01-24 02:39:12.342 19001 19183 E msys    : E[N mns]_CacheRefreshTimerCallback(454)=>Start active cache refresh DNS resolution
01-24 02:39:12.343 19001 19183 E msys    : E[N mns]_CacheRefreshTimerCallback(454)=>Start active cache refresh DNS resolution
01-24 02:39:12.343 19001 19183 E msys    : E[N mns]_CacheRefreshTimerCallback(454)=>Start active cache refresh DNS resolution
01-24 02:39:12.359 19001 19183 E msys    : E[N mns]_OnSystemDNSSuccessCallback(340)=>Cache refresh succeeded with system DNS resolver. IP count: 1
01-24 02:39:12.366 19001 19183 E msys    : E[N mns]_OnSystemDNSSuccessCallback(340)=>Cache refresh succeeded with system DNS resolver. IP count: 1
01-24 02:39:12.366 19001 19183 E msys    : E[N mns]_OnSystemDNSSuccessCallback(340)=>Cache refresh succeeded with system DNS resolver. IP count: 1
01-24 02:39:12.366 19001 19183 E msys    : E[N mns]_OnSystemDNSSuccessCallback(340)=>Cache refresh succeeded with system DNS resolver. IP count: 1
01-24 02:39:12.373 19001 19183 E msys    : E[N mns]_OnSystemDNSSuccessCallback(340)=>Cache refresh succeeded with system DNS resolver. IP count: 1
01-24 02:39:12.380 19001 19183 E msys    : E[N mns]_OnSystemDNSSuccessCallback(340)=>Cache refresh succeeded with system DNS resolver. IP count: 1
01-24 02:40:27.680 19001 19183 E msys    : E[N mns]_OnDiskCacheGetData(632)=>Start post callback cache refresh DNS resolution
01-24 02:40:27.693 19001 19183 E msys    : E[N mns]_OnSystemDNSSuccessCallback(340)=>Cache refresh succeeded with system DNS resolver. IP count: 1
01-24 02:41:15.077 20973 21047 E egij    : (REDACTED) Future Monitor failed
01-24 02:41:15.077 20973 21047 E egij    : java.lang.IllegalStateException: Room cannot verify the data integrity. Looks like you've changed schema but forgot to update the version number. You can simply fix this by increasing the version number. Expected identity hash: 9c4eda4e81021ecdb487965477e19017, found: ebf2b5d7d34e9c66dab22c6d16796d4a
01-24 02:41:15.077 20973 21047 E egij    : 	at miq.onOpen(PG:120)
01-24 02:41:15.077 20973 21047 E egij    : 	at android.database.sqlite.SQLiteOpenHelper.getDatabaseLocked(SQLiteOpenHelper.java:431)
01-24 02:41:15.077 20973 21047 E egij    : 	at android.database.sqlite.SQLiteOpenHelper.getWritableDatabase(SQLiteOpenHelper.java:316)
01-24 02:41:15.077 20973 21047 E egij    : 	at miq.b(PG:85)
01-24 02:41:15.077 20973 21047 E egij    : 	at mir.b(PG:5)
01-24 02:41:15.077 20973 21047 E egij    : 	at ehrc.b(PG:9)
01-24 02:41:15.077 20973 21047 E egij    : 	at mcg.a(PG:47)
01-24 02:41:15.077 20973 21047 E egij    : 	at mcg.b(PG:1)
01-24 02:41:15.077 20973 21047 E egij    : 	at mcq.b(PG:10)
01-24 02:41:15.077 20973 21047 E egij    : 	at mbr.invoke(PG:98)
01-24 02:41:15.077 20973 21047 E egij    : 	at fhjn.b(PG:21)
01-24 02:41:15.077 20973 21047 E egij    : 	at lzy.w(PG:45)
01-24 02:41:15.077 20973 21047 E egij    : 	at mda.invokeSuspend(PG:90)
01-24 02:41:15.077 20973 21047 E egij    : 	at fhno.resumeWith(PG:12)
01-24 02:41:15.077 20973 21047 E egij    : 	at fhxq.run(PG:115)
01-24 02:41:15.077 20973 21047 E egij    : 	at mao.run(PG:5)
01-24 02:41:15.077 20973 21047 E egij    : 	at cmvb.run(PG:5)
01-24 02:41:15.077 20973 21047 E egij    : 	at epyt.run(PG:46)
01-24 02:41:15.077 20973 21047 E egij    : 	at cmun.run(PG:81)
01-24 02:41:15.077 20973 21047 E egij    : 	at java.lang.Thread.run(Thread.java:1563)
01-24 02:41:15.077 20973 21047 E egij    : 	at cmwf.run(PG:63)
01-24 02:41:17.953 21981 31504 E ActivityThread: Failed to find provider info for com.android.inputmethod.dictionarypack.aosp
01-24 02:41:17.959 24805 24885 E Finsky  : [4372] [Counters] attempted to use a non-positive increment for: 4752
01-24 02:41:18.005 24805 24923 E android.vending: Failed to open APK '/data/app/~~7WBv7CMtWJlkgkip08_Zqg==/com.example.regainassignment-nQ8H1Q56ijisFNt9gouHPA==/base.apk': I/O error
01-24 02:41:18.017 24805 24923 E android.vending: Failed to open APK '/data/app/~~7WBv7CMtWJlkgkip08_Zqg==/com.example.regainassignment-nQ8H1Q56ijisFNt9gouHPA==/base.apk': I/O error
01-24 02:41:18.018 24805 24923 E ResourcesManager: failed to add asset path '/data/app/~~7WBv7CMtWJlkgkip08_Zqg==/com.example.regainassignment-nQ8H1Q56ijisFNt9gouHPA==/base.apk'
01-24 02:41:18.018 24805 24923 E ResourcesManager: java.io.IOException: Failed to load asset path /data/app/~~7WBv7CMtWJlkgkip08_Zqg==/com.example.regainassignment-nQ8H1Q56ijisFNt9gouHPA==/base.apk
01-24 02:41:18.018 24805 24923 E ResourcesManager: 	at android.content.res.ApkAssets.nativeLoad(Native Method)
01-24 02:41:18.018 24805 24923 E ResourcesManager: 	at android.content.res.ApkAssets.<init>(ApkAssets.java:296)
01-24 02:41:18.018 24805 24923 E ResourcesManager: 	at android.content.res.ApkAssets.loadFromPath(ApkAssets.java:145)
01-24 02:41:18.018 24805 24923 E ResourcesManager: 	at android.app.ResourcesManager.loadApkAssets(ResourcesManager.java:501)
01-24 02:41:18.018 24805 24923 E ResourcesManager: 	at android.app.ResourcesManager.-$$Nest$mloadApkAssets(Unknown Source:0)
01-24 02:41:18.018 24805 24923 E ResourcesManager: 	at android.app.ResourcesManager$ApkAssetsSupplier.load(ResourcesManager.java:188)
01-24 02:41:18.018 24805 24923 E ResourcesManager: 	at android.app.ResourcesManager.createAssetManager(ResourcesManager.java:577)
01-24 02:41:18.018 24805 24923 E ResourcesManager: 	at android.app.ResourcesManager.createResourcesImpl(ResourcesManager.java:659)
01-24 02:41:18.018 24805 24923 E ResourcesManager: 	at android.app.ResourcesManager.findOrCreateResourcesImplForKeyLocked(ResourcesManager.java:711)
01-24 02:41:18.018 24805 24923 E ResourcesManager: 	at android.app.ResourcesManager.createResources(ResourcesManager.java:1057)
01-24 02:41:18.018 24805 24923 E ResourcesManager: 	at android.app.ResourcesManager.getResources(ResourcesManager.java:1160)
01-24 02:41:18.018 24805 24923 E ResourcesManager: 	at android.app.ActivityThread.getTopLevelResources(ActivityThread.java:2706)
01-24 02:41:18.018 24805 24923 E ResourcesManager: 	at android.app.ApplicationPackageManager.getResourcesForApplication(ApplicationPackageManager.java:2125)
01-24 02:41:18.018 24805 24923 E ResourcesManager: 	at android.app.ApplicationPackageManager.getResourcesForApplication(ApplicationPackageManager.java:2111)
01-24 02:41:18.018 24805 24923 E ResourcesManager: 	at android.app.ApplicationPackageManager.getDrawable(ApplicationPackageManager.java:1814)
01-24 02:41:18.018 24805 24923 E ResourcesManager: 	at android.app.ApplicationPackageManager.loadUnbadgedItemIcon(ApplicationPackageManager.java:3434)
01-24 02:41:18.018 24805 24923 E ResourcesManager: 	at android.app.ApplicationPackageManager.loadItemIcon(ApplicationPackageManager.java:3408)
01-24 02:41:18.018 24805 24923 E ResourcesManager: 	at android.content.pm.PackageItemInfo.loadIcon(PackageItemInfo.java:330)
01-24 02:41:18.018 24805 24923 E ResourcesManager: 	at android.content.pm.PackageItemInfo.loadIcon(PackageItemInfo.java:305)
01-24 02:41:18.018 24805 24923 E ResourcesManager: 	at android.app.ApplicationPackageManager.getApplicationIcon(ApplicationPackageManager.java:1878)
01-24 02:41:18.018 24805 24923 E ResourcesManager: 	at ooz.a(PG:19)
01-24 02:41:18.018 24805 24923 E ResourcesManager: 	at opg.l(PG:30)
01-24 02:41:18.018 24805 24923 E ResourcesManager: 	at qh.kM(PG:762)
01-24 02:41:18.018 24805 24923 E ResourcesManager: 	at ook.k(PG:36)
01-24 02:41:18.018 24805 24923 E ResourcesManager: 	at ood.f(PG:17)
01-24 02:41:18.018 24805 24923 E ResourcesManager: 	at ood.i(PG:31)
01-24 02:41:18.018 24805 24923 E ResourcesManager: 	at ope.i(PG:1)
01-24 02:41:18.018 24805 24923 E ResourcesManager: 	at oph.d(PG:11)
01-24 02:41:18.018 24805 24923 E ResourcesManager: 	at oph.e(PG:13)
01-24 02:41:18.018 24805 24923 E ResourcesManager: 	at oby.apply(PG:1641)
01-24 02:41:18.018 24805 24923 E ResourcesManager: 	at bjks.d(PG:3)
01-24 02:41:18.018 24805 24923 E ResourcesManager: 	at bjkt.run(PG:47)
01-24 02:41:18.018 24805 24923 E ResourcesManager: 	at java.util.concurrent.ThreadPoolExecutor.runWorker(ThreadPoolExecutor.java:1154)
01-24 02:41:18.018 24805 24923 E ResourcesManager: 	at java.util.concurrent.ThreadPoolExecutor$Worker.run(ThreadPoolExecutor.java:652)
01-24 02:41:18.018 24805 24923 E ResourcesManager: 	at tme.run(PG:633)
01-24 02:41:18.018 24805 24923 E ResourcesManager: 	at java.lang.Thread.run(Thread.java:1563)
01-24 02:41:18.215 19487 18393 E RoleControllerServiceImpl: Default/fallback role holder package doesn't qualify for the role, package: com.google.android.gms.supervision, role: android.app.role.SYSTEM_SUPERVISION, user: 0
01-24 02:41:19.602 17514 17514 E FBI     : Can't load library: dlopen failed: library "libmagtsync.so" not found
01-24 02:41:19.661 17514 18498 E ion     : ioctl c0044901 failed with code -1: Invalid argument
01-24 02:41:20.709 17514 18523 E ion     : ioctl c0044901 failed with code -1: Invalid argument
01-24 02:41:20.748 17514 17514 E com.whatsapp: Invalid ID 0x00000000.
01-24 02:41:20.748 17514 17514 E com.whatsapp: Invalid ID 0x00000000.
01-24 02:41:20.749 17514 17514 E com.whatsapp: Invalid ID 0x00000000.
01-24 02:41:20.749 17514 17514 E com.whatsapp: Invalid ID 0x00000000.
01-24 02:41:20.749 17514 17514 E com.whatsapp: Invalid ID 0x00000000.
01-24 02:41:20.749 17514 17514 E com.whatsapp: Invalid ID 0x00000000.
01-24 02:41:20.751 17514 17514 E com.whatsapp: Invalid ID 0x00000000.
01-24 02:41:20.751 17514 17514 E com.whatsapp: Invalid ID 0x00000000.
01-24 02:41:20.751 17514 17514 E com.whatsapp: Invalid ID 0x00000000.
01-24 02:41:20.751 17514 17514 E com.whatsapp: Invalid ID 0x00000000.
01-24 02:41:20.752 17514 17514 E com.whatsapp: Invalid ID 0x00000000.
01-24 02:41:20.752 17514 17514 E com.whatsapp: Invalid ID 0x00000000.
01-24 02:41:20.752 17514 17514 E com.whatsapp: Invalid ID 0x00000000.
01-24 02:41:20.752 17514 17514 E com.whatsapp: Invalid ID 0x00000000.
01-24 02:41:20.752 17514 17514 E com.whatsapp: Invalid ID 0x00000000.
01-24 02:41:20.752 17514 17514 E com.whatsapp: Invalid ID 0x00000000.
01-24 02:41:20.752 17514 17514 E com.whatsapp: Invalid ID 0x00000000.
01-24 02:41:20.979 17514 17514 E ANDR-VIVO-PERF: IVPerf::tryGetService failed!
01-24 02:42:01.580 16522 16551 E TY_Work : [536:708][16551] No worker found for key null
01-24 02:42:01.581 16522 16551 E TY_Work : [536:709][16551] akxa: MEDIUM
01-24 02:42:01.582 16522 16551 E TY_Work : [536:710][16551] akxa: MEDIUM
01-24 02:42:01.582 16522 16551 E TY_Work : 	at nmc.a(PG:52)
01-24 02:42:01.582 16522 16551 E TY_Work : 	at fyj.a(PG:19)
01-24 02:42:01.582 16522 16551 E TY_Work : 	at fzp.b(PG:7)
01-24 02:42:01.582 16522 16551 E TY_Work : 	at gbx.b(PG:297)
01-24 02:42:01.582 16522 16551 E TY_Work : 	at eqb.dU(PG:681)
01-24 02:42:01.582 16522 16551 E TY_Work : 	at eqb.a(PG:205)
01-24 02:42:01.582 16522 16551 E TY_Work : 	at internal.org.jni_zero.JniInit.bL(PG:14)
01-24 02:42:01.582 16522 16551 E TY_Work : 	at auth.q(PG:53)
01-24 02:42:01.582 16522 16551 E TY_Work : 	at eqb.dU(PG:600)
01-24 02:42:01.582 16522 16551 E TY_Work : 	at eqb.a(PG:188)
01-24 02:42:01.582 16522 16551 E TY_Work : 	at fyr.dU(PG:239)
01-24 02:42:01.582 16522 16551 E TY_Work : 	at auqm.hJ(PG:12)
01-24 02:42:01.582 16522 16551 E TY_Work : 	at auxd.run(PG:112)
01-24 02:42:01.582 16522 16551 E TY_Work : 	at gft.run(PG:88)
01-24 02:42:01.582 16522 16551 E TY_Work : 	at java.util.concurrent.Executors$RunnableAdapter.call(Executors.java:520)
01-24 02:42:01.582 16522 16551 E TY_Work : 	at alms.a(PG:3)
01-24 02:42:01.582 16522 16551 E TY_Work : 	at allw.run(PG:19)
01-24 02:42:01.582 16522 16551 E TY_Work : 	at almt.run(PG:5)
01-24 02:42:01.582 16522 16551 E TY_Work : 	at aleq.run(PG:44)
01-24 02:42:01.582 16522 16551 E TY_Work : 	at gbg.run(PG:694)
01-24 02:42:01.582 16522 16551 E TY_Work : 
01-24 02:43:30.502 19001 19001 E SlowAppComponent: 0ms: IgPushSdkFbnsReceiverShim instantiating…
01-24 02:43:30.502 19001 19001 E SlowAppComponent: Main thread was blocked for 153ms in the background starting with IgPushSdkFbnsReceiverShim
01-24 02:43:46.425 19001 19114 E MQTTBypassDGWStreamGroupCallbacks.cpp: onStreamGroupError TransientError domain: MNSQUICConnection code: 1 detail: Local error: 1073741845: 35 seconds
01-24 02:43:46.431 19001 19344 E msys    : E[S MSync]_ModularSyncHandleNetworkResponse(1751)=>DB[223] - Encountered a network error (2002: TransientError domain: MNSQUICConnection code: 1 detail: Local error: 1073741845: 35 seconds)
01-24 02:43:46.432 19001 19344 E msys    : E[S MSync]_ModularSyncHandleNetworkErrorResponse(1445)=>DB[223] - handle network error response
01-24 02:43:46.433 19001 19291 E msys    : E[N mns]_OnDiskCacheGetData(632)=>Start post callback cache refresh DNS resolution
01-24 02:43:46.451 19001 19291 E msys    : E[N mns]_OnSystemDNSSuccessCallback(340)=>Cache refresh succeeded with system DNS resolver. IP count: 1
01-24 02:44:12.361 19001 19183 E msys    : E[N mns]_CacheRefreshTimerCallback(454)=>Start active cache refresh DNS resolution
01-24 02:44:12.361 19001 19183 E msys    : E[N mns]_CacheRefreshTimerCallback(454)=>Start active cache refresh DNS resolution
01-24 02:44:12.361 19001 19183 E msys    : E[N mns]_CacheRefreshTimerCallback(454)=>Start active cache refresh DNS resolution
01-24 02:44:12.361 19001 19183 E msys    : E[N mns]_CacheRefreshTimerCallback(454)=>Start active cache refresh DNS resolution
01-24 02:44:12.361 19001 19183 E msys    : E[N mns]_CacheRefreshTimerCallback(454)=>Start active cache refresh DNS resolution
01-24 02:44:12.361 19001 19183 E msys    : E[N mns]_CacheRefreshTimerCallback(454)=>Start active cache refresh DNS resolution
01-24 02:44:12.374 19001 19183 E msys    : E[N mns]_OnSystemDNSSuccessCallback(340)=>Cache refresh succeeded with system DNS resolver. IP count: 1
01-24 02:44:12.378 19001 19183 E msys    : E[N mns]_OnSystemDNSSuccessCallback(340)=>Cache refresh succeeded with system DNS resolver. IP count: 1
01-24 02:44:12.379 19001 19183 E msys    : E[N mns]_OnSystemDNSSuccessCallback(340)=>Cache refresh succeeded with system DNS resolver. IP count: 1
01-24 02:44:12.381 19001 19183 E msys    : E[N mns]_OnSystemDNSSuccessCallback(340)=>Cache refresh succeeded with system DNS resolver. IP count: 1
01-24 02:44:12.387 19001 19183 E msys    : E[N mns]_OnSystemDNSSuccessCallback(340)=>Cache refresh succeeded with system DNS resolver. IP count: 1
01-24 02:44:12.392 19001 19183 E msys    : E[N mns]_OnSystemDNSSuccessCallback(340)=>Cache refresh succeeded with system DNS resolver. IP count: 1
01-24 02:44:27.689 19001 19183 E msys    : E[N mns]_OnDiskCacheGetData(632)=>Start post callback cache refresh DNS resolution
01-24 02:44:27.695 19001 19183 E msys    : E[N mns]_OnSystemDNSSuccessCallback(340)=>Cache refresh succeeded with system DNS resolver. IP count: 1
01-24 02:44:32.420 19001 19183 E msys    : E[N mns]_OnDiskCacheGetData(632)=>Start post callback cache refresh DNS resolution
01-24 02:44:32.429 19001 19183 E msys    : E[N mns]_OnSystemDNSSuccessCallback(340)=>Cache refresh succeeded with system DNS resolver. IP count: 1
01-24 02:44:33.681 24805 18916 E AbstractLogEventBuilder: The provided ProductIdOrigin 3 is not one of the process-level expected values: 1 or 2
01-24 02:44:33.713 24805 24926 E AbstractLogEventBuilder: The provided ProductIdOrigin 3 is not one of the process-level expected values: 1 or 2
01-24 02:44:33.957 24805 24916 E AbstractLogEventBuilder: The provided ProductIdOrigin 3 is not one of the process-level expected values: 1 or 2
01-24 02:44:34.498 24805 24805 E AbstractLogEventBuilder: The provided ProductIdOrigin 3 is not one of the process-level expected values: 1 or 2
01-24 02:44:35.475 24805 24916 E AbstractLogEventBuilder: The provided ProductIdOrigin 3 is not one of the process-level expected values: 1 or 2
01-24 02:44:39.029 24805 24885 E AbstractLogEventBuilder: The provided ProductIdOrigin 3 is not one of the process-level expected values: 1 or 2
01-24 02:44:39.029 24805 18937 E AbstractLogEventBuilder: The provided ProductIdOrigin 3 is not one of the process-level expected values: 1 or 2
01-24 02:44:39.033 24805 24926 E AbstractLogEventBuilder: The provided ProductIdOrigin 3 is not one of the process-level expected values: 1 or 2
01-24 02:44:40.543 24805 25403 E BLASTBufferQueue: [VRI[PlayProtectDialogsActivity]#75](f:3,a:3) rejecting buffer:active_size=1240x1341, requested_size=1240x1349 buffer{size=1240x1334 transform=0}
01-24 02:44:40.559 24805 25403 E BLASTBufferQueue: [VRI[PlayProtectDialogsActivity]#75](f:3,a:3) rejecting buffer:active_size=1240x1349, requested_size=1240x1358 buffer{size=1240x1341 transform=0}
01-24 02:44:40.580 24805 25403 E BLASTBufferQueue: [VRI[PlayProtectDialogsActivity]#75](f:4,a:3) rejecting buffer:active_size=1240x1358, requested_size=1240x1376 buffer{size=1240x1349 transform=0}
01-24 02:44:40.580 24805 25403 E FrameEvents: addLatch: Did not find frame.
01-24 02:44:40.580 24805 25403 E FrameEvents: addRelease: Did not find frame.
01-24 02:44:40.580 24805 25403 E FrameEvents: addPreComposition: Did not find frame.
01-24 02:44:40.580 24805 25403 E FrameEvents: addPostComposition: Did not find frame.
01-24 02:44:40.594 24805 25403 E BLASTBufferQueue: [VRI[PlayProtectDialogsActivity]#75](f:3,a:3) rejecting buffer:active_size=1240x1376, requested_size=1240x1376 buffer{size=1240x1358 transform=0}
01-24 02:44:40.594 24805 25403 E BLASTBufferQueue: [VRI[PlayProtectDialogsActivity]#75](f:2,a:3) rejecting buffer:active_size=1240x1376, requested_size=1240x1376 buffer{size=1240x1367 transform=0}
01-24 02:44:40.594 24805 25403 E BLASTBufferQueue: [VRI[PlayProtectDialogsActivity]#75](f:1,a:3) rejecting buffer:active_size=1240x1376, requested_size=1240x1376 buffer{size=1240x1367 transform=0}
01-24 02:44:40.596 24805 25403 E FrameEvents: addLatch: Did not find frame.
01-24 02:44:40.596 24805 25403 E FrameEvents: addRelease: Did not find frame.
01-24 02:44:40.596 24805 25403 E FrameEvents: addPreComposition: Did not find frame.
01-24 02:44:40.596 24805 25403 E FrameEvents: addPostComposition: Did not find frame.
01-24 02:44:40.695 24805 25403 E BLASTBufferQueue: [VRI[PlayProtectDialogsActivity]#75](f:3,a:3) rejecting buffer:active_size=1240x1412, requested_size=1240x1417 buffer{size=1240x1406 transform=0}
01-24 02:44:40.712 24805 25403 E BLASTBufferQueue: [VRI[PlayProtectDialogsActivity]#75](f:3,a:3) rejecting buffer:active_size=1240x1417, requested_size=1240x1421 buffer{size=1240x1412 transform=0}
01-24 02:44:40.728 24805 25403 E BLASTBufferQueue: [VRI[PlayProtectDialogsActivity]#75](f:2,a:3) rejecting buffer:active_size=1240x1421, requested_size=1240x1425 buffer{size=1240x1417 transform=0}
01-24 02:44:40.761 24805 31154 E BLASTBufferQueue: [VRI[PlayProtectDialogsActivity]#75](f:2,a:3) rejecting buffer:active_size=1240x1428, requested_size=1240x1433 buffer{size=1240x1425 transform=0}
01-24 02:44:40.779 24805 31154 E BLASTBufferQueue: [VRI[PlayProtectDialogsActivity]#75](f:1,a:3) rejecting buffer:active_size=1240x1433, requested_size=1240x1435 buffer{size=1240x1431 transform=0}
01-24 02:44:42.776 24805 24805 E AbstractLogEventBuilder: The provided ProductIdOrigin 3 is not one of the process-level expected values: 1 or 2
01-24 02:44:42.777 24805 24805 E AbstractLogEventBuilder: The provided ProductIdOrigin 3 is not one of the process-level expected values: 1 or 2
01-24 02:44:42.834 24805 18916 E AbstractLogEventBuilder: The provided ProductIdOrigin 3 is not one of the process-level expected values: 1 or 2
01-24 02:44:43.270 24805 24923 E Finsky  : [4379] [Counters] attempted to use a non-positive increment for: 4752
01-24 02:44:43.271 24805 24923 E Finsky  : [4379] [Counters] attempted to use a non-positive increment for: 4753
01-24 02:44:43.614 19487 19054 E RoleControllerServiceImpl: Default/fallback role holder package doesn't qualify for the role, package: com.google.android.gms.supervision, role: android.app.role.SYSTEM_SUPERVISION, user: 0
01-24 02:44:43.998 17107 17107 E FBI     : Can't load library: dlopen failed: library "libmagtsync.so" not found
01-24 02:44:44.057 17107 19163 E ion     : ioctl c0044901 failed with code -1: Invalid argument
01-24 02:44:44.470 24805 24916 E Finsky  : [4376] [Counters] attempted to use a non-positive increment for: 4752
01-24 02:44:44.470 24805 24916 E Finsky  : [4376] [Counters] attempted to use a non-positive increment for: 4752
01-24 02:44:44.471 24805 24916 E Finsky  : [4376] [Counters] attempted to use a non-positive increment for: 4753
01-24 02:44:44.471 24805 24916 E Finsky  : [4376] [Counters] attempted to use a non-positive increment for: 4753
01-24 02:44:45.628 19487 19054 E RoleControllerServiceImpl: Default/fallback role holder package doesn't qualify for the role, package: com.google.android.gms.supervision, role: android.app.role.SYSTEM_SUPERVISION, user: 0
01-24 02:44:48.423 24805 24805 E Finsky  : [2] Failed to load an Item com.android.vending, missing shared fields: [4], missing type-specific fields: [0, 0, 0, 0, 0, 0, 0, 0, 64]
01-24 02:44:48.423 24805 24805 E Finsky  : [2] Failed to load an Item com.cloudflare.onedotonedotonedotone, no data available.
01-24 02:44:48.423 24805 24805 E Finsky  : [2] Failed to load an Item com.fast.free.unblock.secure.vpn, no data available.
01-24 02:44:48.423 24805 24805 E Finsky  : [2] Required items [com.android.vending, com.cloudflare.onedotonedotonedotone, com.fast.free.unblock.secure.vpn]
01-24 02:44:48.423 24805 24805 E Finsky  : [2] Requested items [[com.cloudflare.onedotonedotonedotone, com.fast.free.unblock.secure.vpn, com.android.vending]]
01-24 02:44:48.423 24805 24805 E Finsky  : [2] Retrieved items []
01-24 02:44:50.975 19487 19054 E RoleControllerServiceImpl: Default/fallback role holder package doesn't qualify for the role, package: com.google.android.gms.supervision, role: android.app.role.SYSTEM_SUPERVISION, user: 0
01-24 02:44:58.249 19728 19779 E msys    : E[N WCIHTTPImplNetworkSession]WCIHTTPTaskImplCreateRegular(556)=>[I] http/task/regular/create/start
01-24 02:44:58.249 19728 19779 E msys    : E[N WCIHTTPImplNetworkSession]WCIHTTPTaskImplCreateRegular(591)=>[I] http/task/regular/create/execute
01-24 02:44:58.250 19728 19779 E msys    : E[N WCIHTTPImplNetworkSession]WCIHTTPTaskImplCreateRegular(614)=>[I] http/task/regular/create/success
01-24 02:44:58.277 19728 19782 E com.whatsapp: hiddenapi: Accessing hidden method Lcom/android/org/conscrypt/OpenSSLSocketImpl;->setUseSessionTickets(Z)V (runtime_flags=CorePlatformApi, domain=core-platform, api=max-target-q,core-platform-api) from LX/FME; (domain=app, TargetSdkVersion=35) using reflection: denied
01-24 02:44:58.277 19728 19782 E com.whatsapp: hiddenapi: Accessing hidden method Lcom/android/org/conscrypt/AbstractConscryptSocket;->setUseSessionTickets(Z)V (runtime_flags=0, domain=core-platform, api=max-target-q) from LX/FME; (domain=app, TargetSdkVersion=35) using reflection: denied
01-24 02:44:58.463 19728 19752 E SQLiteLog: (1) duplicate column name: mute_reactions in "ALTER TABLE settings ADD mute_reactions INTEGER"
01-24 02:44:58.559 19728 19814 E msys    : E[N mns]_OnDiskCacheGetData(632)=>Start post callback cache refresh DNS resolution
01-24 02:44:58.576 19728 19814 E msys    : E[N mns]_OnSystemDNSSuccessCallback(340)=>Cache refresh succeeded with system DNS resolver. IP count: 1
01-24 02:45:00.750 19728 19814 E msys    : E[N mns]_OnDiskCacheGetData(632)=>Start post callback cache refresh DNS resolution
01-24 02:45:00.760 19728 19814 E msys    : E[N mns]_OnSystemDNSSuccessCallback(340)=>Cache refresh succeeded with system DNS resolver. IP count: 4
01-24 02:45:00.898 24805 24926 E AbstractLogEventBuilder: The provided ProductIdOrigin 3 is not one of the process-level expected values: 1 or 2
01-24 02:45:06.162 24805 18916 E AbstractLogEventBuilder: The provided ProductIdOrigin 3 is not one of the process-level expected values: 1 or 2
01-24 02:45:06.164 24805 24916 E AbstractLogEventBuilder: The provided ProductIdOrigin 3 is not one of the process-level expected values: 1 or 2
01-24 02:47:41.665 20763 16730 E NearbyMediums: MEDIUM_ERROR [SYSTEM][WIFI_LAN][START_LISTENING_INCOMING_CONNECTION][ACCEPT_CONNECTION_FAILED][SOCKET_CLOSED], service-id=NearbySharing
01-24 02:47:41.666 20763 16730 E NearbyMediums: Extra Sensitive/PII message : Socket closed
01-24 02:47:54.366 20763 16730 E NearbyMediums: MEDIUM_ERROR [SYSTEM][WIFI_LAN][START_LISTENING_INCOMING_CONNECTION][ACCEPT_CONNECTION_FAILED][SOCKET_CLOSED], service-id=NearbySharing
01-24 02:47:54.366 20763 16730 E NearbyMediums: Extra Sensitive/PII message : Socket closed
01-24 02:48:27.706 19001 19183 E msys    : E[N mns]_OnDiskCacheGetData(632)=>Start post callback cache refresh DNS resolution
01-24 02:48:27.733 19001 19183 E msys    : E[N mns]_OnSystemDNSSuccessCallback(340)=>Cache refresh succeeded with system DNS resolver. IP count: 1
01-24 02:49:00.797 19001 19107 E MQTTBypassDGWStreamGroupCallbacks.cpp: onStreamGroupError TransientError domain: MNSQUICConnection code: 1 detail: Local error: 1073741845: 35 seconds
01-24 02:49:00.807 19001 19344 E msys    : E[S MSync]_ModularSyncHandleNetworkResponse(1751)=>DB[223] - Encountered a network error (2002: TransientError domain: MNSQUICConnection code: 1 detail: Local error: 1073741845: 35 seconds)
01-24 02:49:00.807 19001 19291 E msys    : E[N mns]_OnDiskCacheGetData(632)=>Start post callback cache refresh DNS resolution
01-24 02:49:00.807 19001 19344 E msys    : E[S MSync]_ModularSyncHandleNetworkErrorResponse(1445)=>DB[223] - handle network error response
01-24 02:49:00.827 19001 19291 E msys    : E[N mns]_OnSystemDNSSuccessCallback(340)=>Cache refresh succeeded with system DNS resolver. IP count: 1
01-24 02:49:12.340 19001 19183 E msys    : E[N mns]_CacheRefreshTimerCallback(454)=>Start active cache refresh DNS resolution
01-24 02:49:12.341 19001 19183 E msys    : E[N mns]_CacheRefreshTimerCallback(454)=>Start active cache refresh DNS resolution
01-24 02:49:12.341 19001 19183 E msys    : E[N mns]_CacheRefreshTimerCallback(454)=>Start active cache refresh DNS resolution
01-24 02:49:12.341 19001 19183 E msys    : E[N mns]_CacheRefreshTimerCallback(454)=>Start active cache refresh DNS resolution
01-24 02:49:12.342 19001 19183 E msys    : E[N mns]_CacheRefreshTimerCallback(454)=>Start active cache refresh DNS resolution
01-24 02:49:12.342 19001 19183 E msys    : E[N mns]_CacheRefreshTimerCallback(454)=>Start active cache refresh DNS resolution
01-24 02:49:12.359 19001 19183 E msys    : E[N mns]_OnSystemDNSSuccessCallback(340)=>Cache refresh succeeded with system DNS resolver. IP count: 1
01-24 02:49:12.359 19001 19183 E msys    : E[N mns]_OnSystemDNSSuccessCallback(340)=>Cache refresh succeeded with system DNS resolver. IP count: 1
01-24 02:49:12.359 19001 19183 E msys    : E[N mns]_OnSystemDNSSuccessCallback(340)=>Cache refresh succeeded with system DNS resolver. IP count: 1
01-24 02:49:12.365 19001 19183 E msys    : E[N mns]_OnSystemDNSSuccessCallback(340)=>Cache refresh succeeded with system DNS resolver. IP count: 1
01-24 02:49:12.373 19001 19183 E msys    : E[N mns]_OnSystemDNSSuccessCallback(340)=>Cache refresh succeeded with system DNS resolver. IP count: 1
01-24 02:49:12.373 19001 19183 E msys    : E[N mns]_OnSystemDNSSuccessCallback(340)=>Cache refresh succeeded with system DNS resolver. IP count: 1
01-24 02:49:36.134  9608  9652 E eiak    : (REDACTED) Trace %s timed out after %d ms. Complete trace: %s
01-24 02:49:36.134  9608  9652 E eiak    : eibs: 
01-24 02:49:36.134  9608  9652 E eiak    : 	at tk_trace.handleBroadcast(Started After:0)
01-24 02:49:36.134  9608  9652 E eiak    : 	at tk_trace.Broadcast to com.google.android.libraries.search.gcm.search.SearchProcessGcmBroadcastReceiver_Receiver com.google.android.c2dm.intent.RECEIVE(Started After:0)
01-24 02:49:55.271 20362 20362 E firebase-token: dpXju875QYee4PBfiVTzSu:APA91bGo9NfeeEmDDI5CI2Oq9Krafv-xUmsaY-g81TlVYwHfgq8s87Ig1miE2Swgk9f6hL8HOlkFqQUQiAjoNBCHhtqYnIquK8G6oNHi_NYnI7pbQ821e-A
01-24 02:49:55.309 20362 20453 E om.acko.android: No package ID 6a found for ID 0x6a0b0013.
01-24 02:49:55.376 20362 20477 E WebEngage: Error -1 while fetching response from url *********************************
01-24 02:50:03.211 24805 24923 E Finsky  : [4379] [Counters] attempted to use a non-positive increment for: 4752
01-24 02:50:03.245 24805 24923 E android.vending: Failed to open APK '/data/app/~~ZYhz5nyadX-GdMqLQWN00w==/com.example.regainassignment-FB_5LTx18RX8aCrf_3TUVQ==/base.apk': I/O error
01-24 02:50:03.246 24805 24923 E android.vending: Failed to open APK '/data/app/~~ZYhz5nyadX-GdMqLQWN00w==/com.example.regainassignment-FB_5LTx18RX8aCrf_3TUVQ==/base.apk': I/O error
01-24 02:50:03.247 24805 24923 E ResourcesManager: failed to add asset path '/data/app/~~ZYhz5nyadX-GdMqLQWN00w==/com.example.regainassignment-FB_5LTx18RX8aCrf_3TUVQ==/base.apk'
01-24 02:50:03.247 24805 24923 E ResourcesManager: java.io.IOException: Failed to load asset path /data/app/~~ZYhz5nyadX-GdMqLQWN00w==/com.example.regainassignment-FB_5LTx18RX8aCrf_3TUVQ==/base.apk
01-24 02:50:03.247 24805 24923 E ResourcesManager: 	at android.content.res.ApkAssets.nativeLoad(Native Method)
01-24 02:50:03.247 24805 24923 E ResourcesManager: 	at android.content.res.ApkAssets.<init>(ApkAssets.java:296)
01-24 02:50:03.247 24805 24923 E ResourcesManager: 	at android.content.res.ApkAssets.loadFromPath(ApkAssets.java:145)
01-24 02:50:03.247 24805 24923 E ResourcesManager: 	at android.app.ResourcesManager.loadApkAssets(ResourcesManager.java:501)
01-24 02:50:03.247 24805 24923 E ResourcesManager: 	at android.app.ResourcesManager.-$$Nest$mloadApkAssets(Unknown Source:0)
01-24 02:50:03.247 24805 24923 E ResourcesManager: 	at android.app.ResourcesManager$ApkAssetsSupplier.load(ResourcesManager.java:188)
01-24 02:50:03.247 24805 24923 E ResourcesManager: 	at android.app.ResourcesManager.createAssetManager(ResourcesManager.java:577)
01-24 02:50:03.247 24805 24923 E ResourcesManager: 	at android.app.ResourcesManager.createResourcesImpl(ResourcesManager.java:659)
01-24 02:50:03.247 24805 24923 E ResourcesManager: 	at android.app.ResourcesManager.findOrCreateResourcesImplForKeyLocked(ResourcesManager.java:711)
01-24 02:50:03.247 24805 24923 E ResourcesManager: 	at android.app.ResourcesManager.createResources(ResourcesManager.java:1057)
01-24 02:50:03.247 24805 24923 E ResourcesManager: 	at android.app.ResourcesManager.getResources(ResourcesManager.java:1160)
01-24 02:50:03.247 24805 24923 E ResourcesManager: 	at android.app.ActivityThread.getTopLevelResources(ActivityThread.java:2706)
01-24 02:50:03.247 24805 24923 E ResourcesManager: 	at android.app.ApplicationPackageManager.getResourcesForApplication(ApplicationPackageManager.java:2125)
01-24 02:50:03.247 24805 24923 E ResourcesManager: 	at android.app.ApplicationPackageManager.getResourcesForApplication(ApplicationPackageManager.java:2111)
01-24 02:50:03.247 24805 24923 E ResourcesManager: 	at android.app.ApplicationPackageManager.getDrawable(ApplicationPackageManager.java:1814)
01-24 02:50:03.247 24805 24923 E ResourcesManager: 	at android.app.ApplicationPackageManager.loadUnbadgedItemIcon(ApplicationPackageManager.java:3434)
01-24 02:50:03.247 24805 24923 E ResourcesManager: 	at android.app.ApplicationPackageManager.loadItemIcon(ApplicationPackageManager.java:3408)
01-24 02:50:03.247 24805 24923 E ResourcesManager: 	at android.content.pm.PackageItemInfo.loadIcon(PackageItemInfo.java:330)
01-24 02:50:03.247 24805 24923 E ResourcesManager: 	at android.content.pm.PackageItemInfo.loadIcon(PackageItemInfo.java:305)
01-24 02:50:03.247 24805 24923 E ResourcesManager: 	at android.app.ApplicationPackageManager.getApplicationIcon(ApplicationPackageManager.java:1878)
01-24 02:50:03.247 24805 24923 E ResourcesManager: 	at ooz.a(PG:19)
01-24 02:50:03.247 24805 24923 E ResourcesManager: 	at opg.l(PG:30)
01-24 02:50:03.247 24805 24923 E ResourcesManager: 	at qh.kM(PG:762)
01-24 02:50:03.247 24805 24923 E ResourcesManager: 	at ook.k(PG:36)
01-24 02:50:03.247 24805 24923 E ResourcesManager: 	at ood.f(PG:17)
01-24 02:50:03.247 24805 24923 E ResourcesManager: 	at ood.i(PG:31)
01-24 02:50:03.247 24805 24923 E ResourcesManager: 	at ope.i(PG:1)
01-24 02:50:03.247 24805 24923 E ResourcesManager: 	at oph.d(PG:11)
01-24 02:50:03.247 24805 24923 E ResourcesManager: 	at oph.e(PG:13)
01-24 02:50:03.247 24805 24923 E ResourcesManager: 	at oby.apply(PG:1641)
01-24 02:50:03.247 24805 24923 E ResourcesManager: 	at bjks.d(PG:3)
01-24 02:50:03.247 24805 24923 E ResourcesManager: 	at bjkt.run(PG:47)
01-24 02:50:03.247 24805 24923 E ResourcesManager: 	at java.util.concurrent.ThreadPoolExecutor.runWorker(ThreadPoolExecutor.java:1154)
01-24 02:50:03.247 24805 24923 E ResourcesManager: 	at java.util.concurrent.ThreadPoolExecutor$Worker.run(ThreadPoolExecutor.java:652)
01-24 02:50:03.247 24805 24923 E ResourcesManager: 	at tme.run(PG:633)
01-24 02:50:03.247 24805 24923 E ResourcesManager: 	at java.lang.Thread.run(Thread.java:1563)
01-24 02:50:03.312 21981 31504 E ActivityThread: Failed to find provider info for com.android.inputmethod.dictionarypack.aosp
01-24 02:50:03.529 19487 20680 E RoleControllerServiceImpl: Default/fallback role holder package doesn't qualify for the role, package: com.google.android.gms.supervision, role: android.app.role.SYSTEM_SUPERVISION, user: 0
01-24 02:50:05.210 19728 19728 E FBI     : Can't load library: dlopen failed: library "libmagtsync.so" not found
01-24 02:50:05.256 19728 20865 E ion     : ioctl c0044901 failed with code -1: Invalid argument
01-24 02:50:05.375 19728 19814 E msys    : E[N mns]_OnDiskCacheGetData(632)=>Start post callback cache refresh DNS resolution
01-24 02:50:05.394 19728 19814 E msys    : E[N mns]_OnSystemDNSSuccessCallback(340)=>Cache refresh succeeded with system DNS resolver. IP count: 1
01-24 02:50:06.053 19728 20917 E ion     : ioctl c0044901 failed with code -1: Invalid argument
01-24 02:50:06.144 19728 19728 E com.whatsapp: Invalid ID 0x00000000.
01-24 02:50:06.144 19728 19728 E com.whatsapp: Invalid ID 0x00000000.
01-24 02:50:06.145 19728 19728 E com.whatsapp: Invalid ID 0x00000000.
01-24 02:50:06.145 19728 19728 E com.whatsapp: Invalid ID 0x00000000.
01-24 02:50:06.145 19728 19728 E com.whatsapp: Invalid ID 0x00000000.
01-24 02:50:06.145 19728 19728 E com.whatsapp: Invalid ID 0x00000000.
01-24 02:50:06.148 19728 19728 E com.whatsapp: Invalid ID 0x00000000.
01-24 02:50:06.149 19728 19728 E com.whatsapp: Invalid ID 0x00000000.
01-24 02:50:06.149 19728 19728 E com.whatsapp: Invalid ID 0x00000000.
01-24 02:50:06.149 19728 19728 E com.whatsapp: Invalid ID 0x00000000.
01-24 02:50:06.149 19728 19728 E com.whatsapp: Invalid ID 0x00000000.
01-24 02:50:06.149 19728 19728 E com.whatsapp: Invalid ID 0x00000000.
01-24 02:50:06.149 19728 19728 E com.whatsapp: Invalid ID 0x00000000.
01-24 02:50:06.149 19728 19728 E com.whatsapp: Invalid ID 0x00000000.
01-24 02:50:06.149 19728 19728 E com.whatsapp: Invalid ID 0x00000000.
01-24 02:50:06.149 19728 19728 E com.whatsapp: Invalid ID 0x00000000.
01-24 02:50:06.149 19728 19728 E com.whatsapp: Invalid ID 0x00000000.
01-24 02:50:06.382 19728 19728 E ANDR-VIVO-PERF: IVPerf::tryGetService failed!
01-24 02:52:23.242 19728 19728 E com.whatsapp: Invalid ID 0x00000000.
01-24 02:52:23.242 19728 19728 E com.whatsapp: Invalid ID 0x00000000.
01-24 02:52:23.242 19728 19728 E com.whatsapp: Invalid ID 0x00000000.
01-24 02:52:23.242 19728 19728 E com.whatsapp: Invalid ID 0x00000000.
01-24 02:52:23.243 19728 19728 E com.whatsapp: Invalid ID 0x00000000.
01-24 02:52:23.243 19728 19728 E com.whatsapp: Invalid ID 0x00000000.
01-24 02:52:23.244 19728 19728 E com.whatsapp: Invalid ID 0x00000000.
01-24 02:52:23.245 19728 19728 E com.whatsapp: Invalid ID 0x00000000.
01-24 02:52:23.245 19728 19728 E com.whatsapp: Invalid ID 0x00000000.
01-24 02:52:23.245 19728 19728 E com.whatsapp: Invalid ID 0x00000000.
01-24 02:52:23.245 19728 19728 E com.whatsapp: Invalid ID 0x00000000.
01-24 02:52:23.245 19728 19728 E com.whatsapp: Invalid ID 0x00000000.
01-24 02:52:23.245 19728 19728 E com.whatsapp: Invalid ID 0x00000000.
01-24 02:52:23.245 19728 19728 E com.whatsapp: Invalid ID 0x00000000.
01-24 02:52:23.245 19728 19728 E com.whatsapp: Invalid ID 0x00000000.
01-24 02:52:23.245 19728 19728 E com.whatsapp: Invalid ID 0x00000000.
01-24 02:52:23.245 19728 19728 E com.whatsapp: Invalid ID 0x00000000.
01-24 02:52:23.391 19728 19728 E ANDR-VIVO-PERF: IVPerf::tryGetService failed!
01-24 02:52:27.718 19001 19183 E msys    : E[N mns]_OnDiskCacheGetData(632)=>Start post callback cache refresh DNS resolution
01-24 02:52:28.900 19728 19728 E ANDR-VIVO-PERF: IVPerf::tryGetService failed!
01-24 02:52:30.741 19001 19183 E msys    : E[N mns]_OnSystemDNSSuccessCallback(340)=>Cache refresh succeeded with system DNS resolver. IP count: 1
01-24 02:52:31.726 19728 19728 E ANDR-VIVO-PERF: IVPerf::tryGetService failed!
01-24 02:52:35.837 19728 19728 E ANDR-VIVO-PERF: IVPerf::tryGetService failed!
01-24 02:52:42.569 19728 19728 E ANDR-VIVO-PERF: IVPerf::tryGetService failed!
01-24 02:52:42.593 19728 19728 E ANDR-VIVO-PERF: IVPerf::tryGetService failed!
01-24 02:52:51.158 24805 21388 E AbstractLogEventBuilder: The provided ProductIdOrigin 3 is not one of the process-level expected values: 1 or 2
01-24 02:52:51.195 24805 24885 E AbstractLogEventBuilder: The provided ProductIdOrigin 3 is not one of the process-level expected values: 1 or 2
01-24 02:52:51.435 24805 24885 E AbstractLogEventBuilder: The provided ProductIdOrigin 3 is not one of the process-level expected values: 1 or 2
01-24 02:52:51.967 24805 24805 E AbstractLogEventBuilder: The provided ProductIdOrigin 3 is not one of the process-level expected values: 1 or 2
01-24 02:52:52.912 24805 24916 E AbstractLogEventBuilder: The provided ProductIdOrigin 3 is not one of the process-level expected values: 1 or 2
01-24 02:52:56.562 24805 21407 E AbstractLogEventBuilder: The provided ProductIdOrigin 3 is not one of the process-level expected values: 1 or 2
01-24 02:52:56.563 24805 24923 E AbstractLogEventBuilder: The provided ProductIdOrigin 3 is not one of the process-level expected values: 1 or 2
01-24 02:52:56.566 24805 24916 E AbstractLogEventBuilder: The provided ProductIdOrigin 3 is not one of the process-level expected values: 1 or 2
01-24 02:53:13.251 24805 24805 E AbstractLogEventBuilder: The provided ProductIdOrigin 3 is not one of the process-level expected values: 1 or 2
01-24 02:53:13.252 24805 24805 E AbstractLogEventBuilder: The provided ProductIdOrigin 3 is not one of the process-level expected values: 1 or 2
01-24 02:53:13.262 24805 21388 E AbstractLogEventBuilder: The provided ProductIdOrigin 3 is not one of the process-level expected values: 1 or 2
