01-24 02:58:54.331 23316 23384 E QPLProvider: 	at X.C4F.Awc(Unknown Source:2)
01-24 02:58:54.331 23316 23384 E QPLProvider: 	at X.2wh.<init>(:20)
01-24 02:58:54.331 23316 23384 E QPLProvider: 	at X.2ly.C8u(:17)
01-24 02:58:54.331 23316 23384 E QPLProvider: 	at X.2wf.A00(:10)
01-24 02:58:54.331 23316 23384 E QPLProvider: 	at X.2we.<init>(:11)
01-24 02:58:54.331 23316 23384 E QPLProvider: 	at X.2mq.A00(:4)
01-24 02:58:54.331 23316 23384 E QPLProvider: 	at X.C4F.DBg(Unknown Source:47)
01-24 02:58:54.331 23316 23384 E QPLProvider: 	at X.C4F.A01(Unknown Source:51)
01-24 02:58:54.331 23316 23384 E QPLProvider: 	at X.C4V.A01(Unknown Source:47)
01-24 02:58:54.331 23316 23384 E QPLProvider: 	at X.C4F.Awc(Unknown Source:2)
01-24 02:58:54.331 23316 23384 E QPLProvider: 	at X.2tv.A00(:287)
01-24 02:58:54.331 23316 23384 E QPLProvider: 	at X.2qd.get(:321)
01-24 02:58:54.331 23316 23384 E QPLProvider: 	at X.2qf.A01(:9)
01-24 02:58:54.331 23316 23384 E QPLProvider: 	at X.2qg.run(:132)
01-24 02:58:54.331 23316 23384 E QPLProvider: 	at X.1sg.run(:25)
01-24 02:58:54.331 23316 23384 E QPLProvider: 	at X.2hm.run(:16)
01-24 02:58:54.331 23316 23384 E QPLProvider: 	at X.1sg.run(:25)
01-24 02:58:54.331 23316 23384 E QPLProvider: 	at java.util.concurrent.ThreadPoolExecutor.runWorker(ThreadPoolExecutor.java:1154)
01-24 02:58:54.331 23316 23384 E QPLProvider: 	at java.util.concurrent.ThreadPoolExecutor$Worker.run(ThreadPoolExecutor.java:652)
01-24 02:58:54.331 23316 23384 E QPLProvider: 	at X.1sk.run(:113)
01-24 02:58:54.331 23316 23384 E QPLProvider: 	at java.lang.Thread.run(Thread.java:1563)
01-24 02:58:54.331 23316 23384 E QPLProvider: 	at X.1sl.run(:8)
01-24 02:58:54.333 23316 23384 E QPLProvider: QuickPerformanceLogger instance wasn't installed in provider, returning noop. Please call QuickPerformanceLoggerProvider.setQuickPerformanceLogger() before getting the instance.
01-24 02:58:54.333 23316 23384 E QPLProvider: java.lang.IllegalStateException: No QPL instance provided
01-24 02:58:54.333 23316 23384 E QPLProvider: 	at com.facebook.quicklog.QuickPerformanceLoggerProvider.getQPLInstance(Unknown Source:8)
01-24 02:58:54.333 23316 23384 E QPLProvider: 	at X.C4F.A01(Unknown Source:55)
01-24 02:58:54.333 23316 23384 E QPLProvider: 	at X.C4V.A01(Unknown Source:47)
01-24 02:58:54.333 23316 23384 E QPLProvider: 	at X.C4F.Awc(Unknown Source:2)
01-24 02:58:54.333 23316 23384 E QPLProvider: 	at X.2tv.A00(:287)
01-24 02:58:54.333 23316 23384 E QPLProvider: 	at X.2qd.get(:321)
01-24 02:58:54.333 23316 23384 E QPLProvider: 	at X.2qf.A01(:9)
01-24 02:58:54.333 23316 23384 E QPLProvider: 	at X.2qg.run(:132)
01-24 02:58:54.333 23316 23384 E QPLProvider: 	at X.1sg.run(:25)
01-24 02:58:54.333 23316 23384 E QPLProvider: 	at X.2hm.run(:16)
01-24 02:58:54.333 23316 23384 E QPLProvider: 	at X.1sg.run(:25)
01-24 02:58:54.333 23316 23384 E QPLProvider: 	at java.util.concurrent.ThreadPoolExecutor.runWorker(ThreadPoolExecutor.java:1154)
01-24 02:58:54.333 23316 23384 E QPLProvider: 	at java.util.concurrent.ThreadPoolExecutor$Worker.run(ThreadPoolExecutor.java:652)
01-24 02:58:54.333 23316 23384 E QPLProvider: 	at X.1sk.run(:113)
01-24 02:58:54.333 23316 23384 E QPLProvider: 	at java.lang.Thread.run(Thread.java:1563)
01-24 02:58:54.333 23316 23384 E QPLProvider: 	at X.1sl.run(:8)
01-24 02:58:54.333 23316 23384 E QPLProvider: QuickPerformanceLogger instance wasn't installed in provider, returning noop. Please call QuickPerformanceLoggerProvider.setQuickPerformanceLogger() before getting the instance.
01-24 02:58:54.333 23316 23384 E QPLProvider: java.lang.IllegalStateException: No QPL instance provided
01-24 02:58:54.333 23316 23384 E QPLProvider: 	at com.facebook.quicklog.QuickPerformanceLoggerProvider.getQPLInstance(Unknown Source:8)
01-24 02:58:54.333 23316 23384 E QPLProvider: 	at X.C4F.A01(Unknown Source:66)
01-24 02:58:54.333 23316 23384 E QPLProvider: 	at X.C4V.A01(Unknown Source:47)
01-24 02:58:54.333 23316 23384 E QPLProvider: 	at X.C4F.Awc(Unknown Source:2)
01-24 02:58:54.333 23316 23384 E QPLProvider: 	at X.2tv.A00(:287)
01-24 02:58:54.333 23316 23384 E QPLProvider: 	at X.2qd.get(:321)
01-24 02:58:54.333 23316 23384 E QPLProvider: 	at X.2qf.A01(:9)
01-24 02:58:54.333 23316 23384 E QPLProvider: 	at X.2qg.run(:132)
01-24 02:58:54.333 23316 23384 E QPLProvider: 	at X.1sg.run(:25)
01-24 02:58:54.333 23316 23384 E QPLProvider: 	at X.2hm.run(:16)
01-24 02:58:54.333 23316 23384 E QPLProvider: 	at X.1sg.run(:25)
01-24 02:58:54.333 23316 23384 E QPLProvider: 	at java.util.concurrent.ThreadPoolExecutor.runWorker(ThreadPoolExecutor.java:1154)
01-24 02:58:54.333 23316 23384 E QPLProvider: 	at java.util.concurrent.ThreadPoolExecutor$Worker.run(ThreadPoolExecutor.java:652)
01-24 02:58:54.333 23316 23384 E QPLProvider: 	at X.1sk.run(:113)
01-24 02:58:54.333 23316 23384 E QPLProvider: 	at java.lang.Thread.run(Thread.java:1563)
01-24 02:58:54.333 23316 23384 E QPLProvider: 	at X.1sl.run(:8)
01-24 02:58:54.333 23316 23384 E QPLProvider: QuickPerformanceLogger instance wasn't installed in provider, returning noop. Please call QuickPerformanceLoggerProvider.setQuickPerformanceLogger() before getting the instance.
01-24 02:58:54.333 23316 23384 E QPLProvider: java.lang.IllegalStateException: No QPL instance provided
01-24 02:58:54.333 23316 23384 E QPLProvider: 	at com.facebook.quicklog.QuickPerformanceLoggerProvider.getQPLInstance(Unknown Source:8)
01-24 02:58:54.333 23316 23384 E QPLProvider: 	at X.C4F.A01(Unknown Source:119)
01-24 02:58:54.333 23316 23384 E QPLProvider: 	at X.C4V.A01(Unknown Source:47)
01-24 02:58:54.333 23316 23384 E QPLProvider: 	at X.C4F.Awc(Unknown Source:2)
01-24 02:58:54.333 23316 23384 E QPLProvider: 	at X.2tv.A00(:287)
01-24 02:58:54.333 23316 23384 E QPLProvider: 	at X.2qd.get(:321)
01-24 02:58:54.333 23316 23384 E QPLProvider: 	at X.2qf.A01(:9)
01-24 02:58:54.333 23316 23384 E QPLProvider: 	at X.2qg.run(:132)
01-24 02:58:54.333 23316 23384 E QPLProvider: 	at X.1sg.run(:25)
01-24 02:58:54.333 23316 23384 E QPLProvider: 	at X.2hm.run(:16)
01-24 02:58:54.333 23316 23384 E QPLProvider: 	at X.1sg.run(:25)
01-24 02:58:54.333 23316 23384 E QPLProvider: 	at java.util.concurrent.ThreadPoolExecutor.runWorker(ThreadPoolExecutor.java:1154)
01-24 02:58:54.333 23316 23384 E QPLProvider: 	at java.util.concurrent.ThreadPoolExecutor$Worker.run(ThreadPoolExecutor.java:652)
01-24 02:58:54.333 23316 23384 E QPLProvider: 	at X.1sk.run(:113)
01-24 02:58:54.333 23316 23384 E QPLProvider: 	at java.lang.Thread.run(Thread.java:1563)
01-24 02:58:54.333 23316 23384 E QPLProvider: 	at X.1sl.run(:8)
01-24 02:58:54.333 23316 23384 E QPLProvider: QuickPerformanceLogger instance wasn't installed in provider, returning noop. Please call QuickPerformanceLoggerProvider.setQuickPerformanceLogger() before getting the instance.
01-24 02:58:54.333 23316 23384 E QPLProvider: java.lang.IllegalStateException: No QPL instance provided
01-24 02:58:54.333 23316 23384 E QPLProvider: 	at com.facebook.quicklog.QuickPerformanceLoggerProvider.getQPLInstance(Unknown Source:8)
01-24 02:58:54.333 23316 23384 E QPLProvider: 	at X.C4F.A01(Unknown Source:130)
01-24 02:58:54.333 23316 23384 E QPLProvider: 	at X.C4V.A01(Unknown Source:47)
01-24 02:58:54.333 23316 23384 E QPLProvider: 	at X.C4F.Awc(Unknown Source:2)
01-24 02:58:54.333 23316 23384 E QPLProvider: 	at X.2tv.A00(:287)
01-24 02:58:54.333 23316 23384 E QPLProvider: 	at X.2qd.get(:321)
01-24 02:58:54.333 23316 23384 E QPLProvider: 	at X.2qf.A01(:9)
01-24 02:58:54.333 23316 23384 E QPLProvider: 	at X.2qg.run(:132)
01-24 02:58:54.333 23316 23384 E QPLProvider: 	at X.1sg.run(:25)
01-24 02:58:54.333 23316 23384 E QPLProvider: 	at X.2hm.run(:16)
01-24 02:58:54.333 23316 23384 E QPLProvider: 	at X.1sg.run(:25)
01-24 02:58:54.333 23316 23384 E QPLProvider: 	at java.util.concurrent.ThreadPoolExecutor.runWorker(ThreadPoolExecutor.java:1154)
01-24 02:58:54.333 23316 23384 E QPLProvider: 	at java.util.concurrent.ThreadPoolExecutor$Worker.run(ThreadPoolExecutor.java:652)
01-24 02:58:54.333 23316 23384 E QPLProvider: 	at X.1sk.run(:113)
01-24 02:58:54.333 23316 23384 E QPLProvider: 	at java.lang.Thread.run(Thread.java:1563)
01-24 02:58:54.333 23316 23384 E QPLProvider: 	at X.1sl.run(:8)
01-24 02:58:54.333 23316 23384 E QPLProvider: QuickPerformanceLogger instance wasn't installed in provider, returning noop. Please call QuickPerformanceLoggerProvider.setQuickPerformanceLogger() before getting the instance.
01-24 02:58:54.333 23316 23384 E QPLProvider: java.lang.IllegalStateException: No QPL instance provided
01-24 02:58:54.333 23316 23384 E QPLProvider: 	at com.facebook.quicklog.QuickPerformanceLoggerProvider.getQPLInstance(Unknown Source:8)
01-24 02:58:54.333 23316 23384 E QPLProvider: 	at X.C4F.A01(Unknown Source:144)
01-24 02:58:54.333 23316 23384 E QPLProvider: 	at X.C4V.A01(Unknown Source:47)
01-24 02:58:54.333 23316 23384 E QPLProvider: 	at X.C4F.Awc(Unknown Source:2)
01-24 02:58:54.333 23316 23384 E QPLProvider: 	at X.2tv.A00(:287)
01-24 02:58:54.333 23316 23384 E QPLProvider: 	at X.2qd.get(:321)
01-24 02:58:54.333 23316 23384 E QPLProvider: 	at X.2qf.A01(:9)
01-24 02:58:54.333 23316 23384 E QPLProvider: 	at X.2qg.run(:132)
01-24 02:58:54.333 23316 23384 E QPLProvider: 	at X.1sg.run(:25)
01-24 02:58:54.333 23316 23384 E QPLProvider: 	at X.2hm.run(:16)
01-24 02:58:54.333 23316 23384 E QPLProvider: 	at X.1sg.run(:25)
01-24 02:58:54.333 23316 23384 E QPLProvider: 	at java.util.concurrent.ThreadPoolExecutor.runWorker(ThreadPoolExecutor.java:1154)
01-24 02:58:54.333 23316 23384 E QPLProvider: 	at java.util.concurrent.ThreadPoolExecutor$Worker.run(ThreadPoolExecutor.java:652)
01-24 02:58:54.333 23316 23384 E QPLProvider: 	at X.1sk.run(:113)
01-24 02:58:54.333 23316 23384 E QPLProvider: 	at java.lang.Thread.run(Thread.java:1563)
01-24 02:58:54.333 23316 23384 E QPLProvider: 	at X.1sl.run(:8)
01-24 02:58:54.333 23316 23384 E QPLProvider: QuickPerformanceLogger instance wasn't installed in provider, returning noop. Please call QuickPerformanceLoggerProvider.setQuickPerformanceLogger() before getting the instance.
01-24 02:58:54.333 23316 23384 E QPLProvider: java.lang.IllegalStateException: No QPL instance provided
01-24 02:58:54.333 23316 23384 E QPLProvider: 	at com.facebook.quicklog.QuickPerformanceLoggerProvider.getQPLInstance(Unknown Source:8)
01-24 02:58:54.333 23316 23384 E QPLProvider: 	at X.C4F.A01(Unknown Source:168)
01-24 02:58:54.333 23316 23384 E QPLProvider: 	at X.C4V.A01(Unknown Source:47)
01-24 02:58:54.333 23316 23384 E QPLProvider: 	at X.C4F.Awc(Unknown Source:2)
01-24 02:58:54.333 23316 23384 E QPLProvider: 	at X.2tv.A00(:287)
01-24 02:58:54.333 23316 23384 E QPLProvider: 	at X.2qd.get(:321)
01-24 02:58:54.333 23316 23384 E QPLProvider: 	at X.2qf.A01(:9)
01-24 02:58:54.333 23316 23384 E QPLProvider: 	at X.2qg.run(:132)
01-24 02:58:54.333 23316 23384 E QPLProvider: 	at X.1sg.run(:25)
01-24 02:58:54.333 23316 23384 E QPLProvider: 	at X.2hm.run(:16)
01-24 02:58:54.333 23316 23384 E QPLProvider: 	at X.1sg.run(:25)
01-24 02:58:54.333 23316 23384 E QPLProvider: 	at java.util.concurrent.ThreadPoolExecutor.runWorker(ThreadPoolExecutor.java:1154)
01-24 02:58:54.333 23316 23384 E QPLProvider: 	at java.util.concurrent.ThreadPoolExecutor$Worker.run(ThreadPoolExecutor.java:652)
01-24 02:58:54.333 23316 23384 E QPLProvider: 	at X.1sk.run(:113)
01-24 02:58:54.333 23316 23384 E QPLProvider: 	at java.lang.Thread.run(Thread.java:1563)
01-24 02:58:54.333 23316 23384 E QPLProvider: 	at X.1sl.run(:8)
01-24 02:58:54.333 23316 23384 E QPLProvider: QuickPerformanceLogger instance wasn't installed in provider, returning noop. Please call QuickPerformanceLoggerProvider.setQuickPerformanceLogger() before getting the instance.
01-24 02:58:54.333 23316 23384 E QPLProvider: java.lang.IllegalStateException: No QPL instance provided
01-24 02:58:54.333 23316 23384 E QPLProvider: 	at com.facebook.quicklog.QuickPerformanceLoggerProvider.getQPLInstance(Unknown Source:8)
01-24 02:58:54.333 23316 23384 E QPLProvider: 	at X.C4V.A01(Unknown Source:51)
01-24 02:58:54.333 23316 23384 E QPLProvider: 	at X.C4F.Awc(Unknown Source:2)
01-24 02:58:54.333 23316 23384 E QPLProvider: 	at X.2tv.A00(:287)
01-24 02:58:54.333 23316 23384 E QPLProvider: 	at X.2qd.get(:321)
01-24 02:58:54.333 23316 23384 E QPLProvider: 	at X.2qf.A01(:9)
01-24 02:58:54.333 23316 23384 E QPLProvider: 	at X.2qg.run(:132)
01-24 02:58:54.333 23316 23384 E QPLProvider: 	at X.1sg.run(:25)
01-24 02:58:54.333 23316 23384 E QPLProvider: 	at X.2hm.run(:16)
01-24 02:58:54.333 23316 23384 E QPLProvider: 	at X.1sg.run(:25)
01-24 02:58:54.333 23316 23384 E QPLProvider: 	at java.util.concurrent.ThreadPoolExecutor.runWorker(ThreadPoolExecutor.java:1154)
01-24 02:58:54.333 23316 23384 E QPLProvider: 	at java.util.concurrent.ThreadPoolExecutor$Worker.run(ThreadPoolExecutor.java:652)
01-24 02:58:54.333 23316 23384 E QPLProvider: 	at X.1sk.run(:113)
01-24 02:58:54.333 23316 23384 E QPLProvider: 	at java.lang.Thread.run(Thread.java:1563)
01-24 02:58:54.333 23316 23384 E QPLProvider: 	at X.1sl.run(:8)
01-24 02:58:54.333 23316 23384 E QPLProvider: QuickPerformanceLogger instance wasn't installed in provider, returning noop. Please call QuickPerformanceLoggerProvider.setQuickPerformanceLogger() before getting the instance.
01-24 02:58:54.333 23316 23384 E QPLProvider: java.lang.IllegalStateException: No QPL instance provided
01-24 02:58:54.333 23316 23384 E QPLProvider: 	at com.facebook.quicklog.QuickPerformanceLoggerProvider.getQPLInstance(Unknown Source:8)
01-24 02:58:54.333 23316 23384 E QPLProvider: 	at X.C4V.A01(Unknown Source:62)
01-24 02:58:54.333 23316 23384 E QPLProvider: 	at X.C4F.Awc(Unknown Source:2)
01-24 02:58:54.333 23316 23384 E QPLProvider: 	at X.2tv.A00(:287)
01-24 02:58:54.333 23316 23384 E QPLProvider: 	at X.2qd.get(:321)
01-24 02:58:54.333 23316 23384 E QPLProvider: 	at X.2qf.A01(:9)
01-24 02:58:54.333 23316 23384 E QPLProvider: 	at X.2qg.run(:132)
01-24 02:58:54.333 23316 23384 E QPLProvider: 	at X.1sg.run(:25)
01-24 02:58:54.333 23316 23384 E QPLProvider: 	at X.2hm.run(:16)
01-24 02:58:54.333 23316 23384 E QPLProvider: 	at X.1sg.run(:25)
01-24 02:58:54.333 23316 23384 E QPLProvider: 	at java.util.concurrent.ThreadPoolExecutor.runWorker(ThreadPoolExecutor.java:1154)
01-24 02:58:54.333 23316 23384 E QPLProvider: 	at java.util.concurrent.ThreadPoolExecutor$Worker.run(ThreadPoolExecutor.java:652)
01-24 02:58:54.333 23316 23384 E QPLProvider: 	at X.1sk.run(:113)
01-24 02:58:54.333 23316 23384 E QPLProvider: 	at java.lang.Thread.run(Thread.java:1563)
01-24 02:58:54.333 23316 23384 E QPLProvider: 	at X.1sl.run(:8)
01-24 02:58:54.333 23316 23384 E QPLProvider: QuickPerformanceLogger instance wasn't installed in provider, returning noop. Please call QuickPerformanceLoggerProvider.setQuickPerformanceLogger() before getting the instance.
01-24 02:58:54.333 23316 23384 E QPLProvider: java.lang.IllegalStateException: No QPL instance provided
01-24 02:58:54.333 23316 23384 E QPLProvider: 	at com.facebook.quicklog.QuickPerformanceLoggerProvider.getQPLInstance(Unknown Source:8)
01-24 02:58:54.333 23316 23384 E QPLProvider: 	at X.C4V.A01(Unknown Source:92)
01-24 02:58:54.333 23316 23384 E QPLProvider: 	at X.C4F.Awc(Unknown Source:2)
01-24 02:58:54.333 23316 23384 E QPLProvider: 	at X.2tv.A00(:287)
01-24 02:58:54.333 23316 23384 E QPLProvider: 	at X.2qd.get(:321)
01-24 02:58:54.333 23316 23384 E QPLProvider: 	at X.2qf.A01(:9)
01-24 02:58:54.333 23316 23384 E QPLProvider: 	at X.2qg.run(:132)
01-24 02:58:54.333 23316 23384 E QPLProvider: 	at X.1sg.run(:25)
01-24 02:58:54.333 23316 23384 E QPLProvider: 	at X.2hm.run(:16)
01-24 02:58:54.333 23316 23384 E QPLProvider: 	at X.1sg.run(:25)
01-24 02:58:54.333 23316 23384 E QPLProvider: 	at java.util.concurrent.ThreadPoolExecutor.runWorker(ThreadPoolExecutor.java:1154)
01-24 02:58:54.333 23316 23384 E QPLProvider: 	at java.util.concurrent.ThreadPoolExecutor$Worker.run(ThreadPoolExecutor.java:652)
01-24 02:58:54.333 23316 23384 E QPLProvider: 	at X.1sk.run(:113)
01-24 02:58:54.333 23316 23384 E QPLProvider: 	at java.lang.Thread.run(Thread.java:1563)
01-24 02:58:54.333 23316 23384 E QPLProvider: 	at X.1sl.run(:8)
01-24 02:58:54.334 23316 23384 E QPLProvider: QuickPerformanceLogger instance wasn't installed in provider, returning noop. Please call QuickPerformanceLoggerProvider.setQuickPerformanceLogger() before getting the instance.
01-24 02:58:54.334 23316 23384 E QPLProvider: java.lang.IllegalStateException: No QPL instance provided
01-24 02:58:54.334 23316 23384 E QPLProvider: 	at com.facebook.quicklog.QuickPerformanceLoggerProvider.getQPLInstance(Unknown Source:8)
01-24 02:58:54.334 23316 23384 E QPLProvider: 	at X.C4V.A01(Unknown Source:103)
01-24 02:58:54.334 23316 23384 E QPLProvider: 	at X.C4F.Awc(Unknown Source:2)
01-24 02:58:54.334 23316 23384 E QPLProvider: 	at X.2tv.A00(:287)
01-24 02:58:54.334 23316 23384 E QPLProvider: 	at X.2qd.get(:321)
01-24 02:58:54.334 23316 23384 E QPLProvider: 	at X.2qf.A01(:9)
01-24 02:58:54.334 23316 23384 E QPLProvider: 	at X.2qg.run(:132)
01-24 02:58:54.334 23316 23384 E QPLProvider: 	at X.1sg.run(:25)
01-24 02:58:54.334 23316 23384 E QPLProvider: 	at X.2hm.run(:16)
01-24 02:58:54.334 23316 23384 E QPLProvider: 	at X.1sg.run(:25)
01-24 02:58:54.334 23316 23384 E QPLProvider: 	at java.util.concurrent.ThreadPoolExecutor.runWorker(ThreadPoolExecutor.java:1154)
01-24 02:58:54.334 23316 23384 E QPLProvider: 	at java.util.concurrent.ThreadPoolExecutor$Worker.run(ThreadPoolExecutor.java:652)
01-24 02:58:54.334 23316 23384 E QPLProvider: 	at X.1sk.run(:113)
01-24 02:58:54.334 23316 23384 E QPLProvider: 	at java.lang.Thread.run(Thread.java:1563)
01-24 02:58:54.334 23316 23384 E QPLProvider: 	at X.1sl.run(:8)
01-24 02:58:54.334 23316 23384 E QPLProvider: QuickPerformanceLogger instance wasn't installed in provider, returning noop. Please call QuickPerformanceLoggerProvider.setQuickPerformanceLogger() before getting the instance.
01-24 02:58:54.334 23316 23384 E QPLProvider: java.lang.IllegalStateException: No QPL instance provided
01-24 02:58:54.334 23316 23384 E QPLProvider: 	at com.facebook.quicklog.QuickPerformanceLoggerProvider.getQPLInstance(Unknown Source:8)
01-24 02:58:54.334 23316 23384 E QPLProvider: 	at X.C4V.A01(Unknown Source:127)
01-24 02:58:54.334 23316 23384 E QPLProvider: 	at X.C4F.Awc(Unknown Source:2)
01-24 02:58:54.334 23316 23384 E QPLProvider: 	at X.2tv.A00(:287)
01-24 02:58:54.334 23316 23384 E QPLProvider: 	at X.2qd.get(:321)
01-24 02:58:54.334 23316 23384 E QPLProvider: 	at X.2qf.A01(:9)
01-24 02:58:54.334 23316 23384 E QPLProvider: 	at X.2qg.run(:132)
01-24 02:58:54.334 23316 23384 E QPLProvider: 	at X.1sg.run(:25)
01-24 02:58:54.334 23316 23384 E QPLProvider: 	at X.2hm.run(:16)
01-24 02:58:54.334 23316 23384 E QPLProvider: 	at X.1sg.run(:25)
01-24 02:58:54.334 23316 23384 E QPLProvider: 	at java.util.concurrent.ThreadPoolExecutor.runWorker(ThreadPoolExecutor.java:1154)
01-24 02:58:54.334 23316 23384 E QPLProvider: 	at java.util.concurrent.ThreadPoolExecutor$Worker.run(ThreadPoolExecutor.java:652)
01-24 02:58:54.334 23316 23384 E QPLProvider: 	at X.1sk.run(:113)
01-24 02:58:54.334 23316 23384 E QPLProvider: 	at java.lang.Thread.run(Thread.java:1563)
01-24 02:58:54.334 23316 23384 E QPLProvider: 	at X.1sl.run(:8)
01-24 02:58:54.334 23316 23384 E QPLProvider: QuickPerformanceLogger instance wasn't installed in provider, returning noop. Please call QuickPerformanceLoggerProvider.setQuickPerformanceLogger() before getting the instance.
01-24 02:58:54.334 23316 23384 E QPLProvider: java.lang.IllegalStateException: No QPL instance provided
01-24 02:58:54.334 23316 23384 E QPLProvider: 	at com.facebook.quicklog.QuickPerformanceLoggerProvider.getQPLInstance(Unknown Source:8)
01-24 02:58:54.334 23316 23384 E QPLProvider: 	at X.C4V.A01(Unknown Source:138)
01-24 02:58:54.334 23316 23384 E QPLProvider: 	at X.C4F.Awc(Unknown Source:2)
01-24 02:58:54.334 23316 23384 E QPLProvider: 	at X.2tv.A00(:287)
01-24 02:58:54.334 23316 23384 E QPLProvider: 	at X.2qd.get(:321)
01-24 02:58:54.334 23316 23384 E QPLProvider: 	at X.2qf.A01(:9)
01-24 02:58:54.334 23316 23384 E QPLProvider: 	at X.2qg.run(:132)
01-24 02:58:54.334 23316 23384 E QPLProvider: 	at X.1sg.run(:25)
01-24 02:58:54.334 23316 23384 E QPLProvider: 	at X.2hm.run(:16)
01-24 02:58:54.334 23316 23384 E QPLProvider: 	at X.1sg.run(:25)
01-24 02:58:54.334 23316 23384 E QPLProvider: 	at java.util.concurrent.ThreadPoolExecutor.runWorker(ThreadPoolExecutor.java:1154)
01-24 02:58:54.334 23316 23384 E QPLProvider: 	at java.util.concurrent.ThreadPoolExecutor$Worker.run(ThreadPoolExecutor.java:652)
01-24 02:58:54.334 23316 23384 E QPLProvider: 	at X.1sk.run(:113)
01-24 02:58:54.334 23316 23384 E QPLProvider: 	at java.lang.Thread.run(Thread.java:1563)
01-24 02:58:54.334 23316 23384 E QPLProvider: 	at X.1sl.run(:8)
01-24 02:58:54.357 23316 23384 E QPLProvider: QuickPerformanceLogger instance wasn't installed in provider, returning noop. Please call QuickPerformanceLoggerProvider.setQuickPerformanceLogger() before getting the instance.
01-24 02:58:54.357 23316 23384 E QPLProvider: java.lang.IllegalStateException: No QPL instance provided
01-24 02:58:54.357 23316 23384 E QPLProvider: 	at com.facebook.quicklog.QuickPerformanceLoggerProvider.getQPLInstance(Unknown Source:8)
01-24 02:58:54.357 23316 23384 E QPLProvider: 	at com.facebook.quicklog.QuickPerformanceLoggerNativeProvider.getQPLInstance(:0)
01-24 02:58:54.357 23316 23384 E QPLProvider: 	at com.instagram.service.tigon.IGTigonService.initHybrid(Native Method)
01-24 02:58:54.357 23316 23384 E QPLProvider: 	at com.instagram.service.tigon.IGTigonService.<init>(:42)
01-24 02:58:54.357 23316 23384 E QPLProvider: 	at X.2tv.A00(:566)
01-24 02:58:54.357 23316 23384 E QPLProvider: 	at X.2qd.get(:321)
01-24 02:58:54.357 23316 23384 E QPLProvider: 	at X.2qf.A01(:9)
01-24 02:58:54.357 23316 23384 E QPLProvider: 	at X.2qg.run(:132)
01-24 02:58:54.357 23316 23384 E QPLProvider: 	at X.1sg.run(:25)
01-24 02:58:54.357 23316 23384 E QPLProvider: 	at X.2hm.run(:16)
01-24 02:58:54.357 23316 23384 E QPLProvider: 	at X.1sg.run(:25)
01-24 02:58:54.357 23316 23384 E QPLProvider: 	at java.util.concurrent.ThreadPoolExecutor.runWorker(ThreadPoolExecutor.java:1154)
01-24 02:58:54.357 23316 23384 E QPLProvider: 	at java.util.concurrent.ThreadPoolExecutor$Worker.run(ThreadPoolExecutor.java:652)
01-24 02:58:54.357 23316 23384 E QPLProvider: 	at X.1sk.run(:113)
01-24 02:58:54.357 23316 23384 E QPLProvider: 	at java.lang.Thread.run(Thread.java:1563)
01-24 02:58:54.357 23316 23384 E QPLProvider: 	at X.1sl.run(:8)
01-24 02:58:54.358 23316 23404 E QPLProvider: QuickPerformanceLogger instance wasn't installed in provider, returning noop. Please call QuickPerformanceLoggerProvider.setQuickPerformanceLogger() before getting the instance.
01-24 02:58:54.358 23316 23404 E QPLProvider: java.lang.IllegalStateException: No QPL instance provided
01-24 02:58:54.358 23316 23404 E QPLProvider: 	at com.facebook.quicklog.QuickPerformanceLoggerProvider.getQPLInstance(Unknown Source:8)
01-24 02:58:54.358 23316 23404 E QPLProvider: 	at com.facebook.quicklog.QuickPerformanceLoggerNativeProvider.getQPLInstance(:0)
01-24 02:58:54.358 23316 23404 E QPLProvider: 	at com.facebook.common.jniexecutors.NativeRunnable.nativeRun(Native Method)
01-24 02:58:54.358 23316 23404 E QPLProvider: 	at com.facebook.common.jniexecutors.NativeRunnable.run(Unknown Source:8)
01-24 02:58:54.358 23316 23404 E QPLProvider: 	at com.facebook.common.jniexecutors.PooledNativeRunnable.run(:0)
01-24 02:58:54.358 23316 23404 E QPLProvider: 	at java.util.concurrent.Executors$RunnableAdapter.call(Executors.java:520)
01-24 02:58:54.358 23316 23404 E QPLProvider: 	at java.util.concurrent.FutureTask.run(FutureTask.java:317)
01-24 02:58:54.358 23316 23404 E QPLProvider: 	at java.util.concurrent.ScheduledThreadPoolExecutor$ScheduledFutureTask.run(ScheduledThreadPoolExecutor.java:348)
01-24 02:58:54.358 23316 23404 E QPLProvider: 	at java.util.concurrent.ThreadPoolExecutor.runWorker(ThreadPoolExecutor.java:1154)
01-24 02:58:54.358 23316 23404 E QPLProvider: 	at java.util.concurrent.ThreadPoolExecutor$Worker.run(ThreadPoolExecutor.java:652)
01-24 02:58:54.358 23316 23404 E QPLProvider: 	at java.lang.Thread.run(Thread.java:1563)
01-24 02:58:54.615 23316 23316 E SlowAppComponent: 0ms: InstagramAppShell instantiating…
01-24 02:58:54.615 23316 23316 E SlowAppComponent: 615ms: KeepWarmReceiver instantiating…
01-24 02:58:54.615 23316 23316 E SlowAppComponent: Main thread was blocked for 617ms in the background starting with InstagramAppShell
01-24 02:58:54.835 23316 23592 E EmergencyPushPeriodicFetchWorker: Skipping fetch since app is backgrounded
01-24 02:58:54.891 23316 23366 E PendingMediaStoreSerializer: deserialize start
01-24 02:58:54.891 23316 23366 E PendingMediaStoreSerializer: start reading pending media
01-24 02:58:54.892 23316 23366 E PendingMediaStoreSerializer: Set the submedia on albums
01-24 02:58:54.892 23316 23366 E PendingMediaStoreSerializer: Set the submedia on post threads
01-24 02:58:54.892 23316 23366 E PendingMediaStoreSerializer: Set the submedia on story templates
01-24 02:58:54.892 23316 23594 E EmergencyPushPeriodicFetchWorker: Skipping fetch since app is backgrounded
01-24 02:58:54.892 23316 23366 E PendingMediaStoreSerializer: deserialize is done. start calling callbacks
01-24 02:58:54.892 23316 23366 E PendingMediaStoreSerializer: deserialize end
01-24 02:58:54.892 23316 23316 E PendingMediaStoreSerializer: wait for deserialization lock
01-24 02:58:54.893 23316 23316 E PendingMediaStoreSerializer: calling callbacks
01-24 02:58:54.923 23316 23582 E msys    : E[N mns]_OnDiskCacheGetData(632)=>Start post callback cache refresh DNS resolution
01-24 02:58:54.938 23316 23582 E msys    : E[N mns]_OnSystemDNSSuccessCallback(340)=>Cache refresh succeeded with system DNS resolver. IP count: 1
01-24 02:58:54.973 23316 23620 E msys    : E[D SqliteError]MCISQLiteErrorLogCallback(238)=>(1 @ proc -78402************** via 4932106040497036545, execCtx 2, dbName (null)) no such table: mdcoresyncenginedatabase_upgrade_cql_schema_facets in "SELECT version
01-24 02:58:54.973 23316 23620 E msys    :   FROM mdcoresyncenginedatabase_upgrade_cql_schema_facets
01-24 02:58:54.973 23316 23620 E msys    :   WHERE facet = ?
01-24 02:58:54.973 23316 23620 E msys    : LIMIT 1"
01-24 02:58:54.973 23316 23620 E msys    : E[D cql]MCISQLiteLogDatabaseErrorWithFormat(70)=>MCQMdcoresyncenginedatabaseUpgradeCqlGetFacetVersion: (1)(1) no such table: mdcoresyncenginedatabase_upgrade_cql_schema_facets
01-24 02:58:54.979 23316 23620 E msys    : E[S send]_MCDEpochCreateByData(288)=>Failed to find an existing network_requests row ( queue name = (null), sync database id = 223, network task identifier = (null)): Error Domain=Facebook_MCD_epoch Code=200004
01-24 02:58:57.528 23316 23366 E ActionQueryTaskListener: 0 onTaskStart BACKGROUND modules: [pytorch]
01-24 02:58:58.564 23316 23647 E ActionQueryTaskListener: 0 onLoadBatchStart BACKGROUND modules: [pytorch]
01-24 02:58:58.577 23316 23647 E ActionQueryTaskListener: 0 onLoadBatchComplete exception: null BACKGROUND modules: [pytorch]
01-24 02:58:58.603 23316 23647 E ActionQueryTaskListener: 0 onTaskComplete [true,false,] BACKGROUND modules: [pytorch]
01-24 02:58:58.729 23316 23366 E ActionQueryTaskListener: 1 onTaskStart BACKGROUND modules: [executorch]
01-24 02:58:58.730 23316 23647 E ActionQueryTaskListener: 1 onLoadBatchStart BACKGROUND modules: [executorch]
01-24 02:58:58.739 23316 23647 E ActionQueryTaskListener: 1 onLoadBatchComplete exception: null BACKGROUND modules: [executorch]
01-24 02:58:59.763 23316 23679 E ActionQueryTaskListener: 1 onTaskComplete [true,false,] BACKGROUND modules: [executorch]
01-24 02:59:00.893 23316 23561 E FbnsAIDLClientManager: Max Try reached for binding to FbnsAIDLService, threadId 4567
01-24 02:59:00.894 23316 23561 E FbnsAIDLClientManager: Fbns AIDL request got RemoteException
01-24 02:59:00.894 23316 23561 E FbnsAIDLClientManager: android.os.RemoteException: AIDLService is not bound
01-24 02:59:00.894 23316 23561 E FbnsAIDLClientManager: 	at X.9fQ.call(Unknown Source:393)
01-24 02:59:00.894 23316 23561 E FbnsAIDLClientManager: 	at java.util.concurrent.FutureTask.run(FutureTask.java:317)
01-24 02:59:00.894 23316 23561 E FbnsAIDLClientManager: 	at java.util.concurrent.ThreadPoolExecutor.runWorker(ThreadPoolExecutor.java:1154)
01-24 02:59:00.894 23316 23561 E FbnsAIDLClientManager: 	at java.util.concurrent.ThreadPoolExecutor$Worker.run(ThreadPoolExecutor.java:652)
01-24 02:59:00.894 23316 23561 E FbnsAIDLClientManager: 	at java.lang.Thread.run(Thread.java:1563)
01-24 02:59:00.896 23316 23563 E FbnsAIDLClientManager: Max Try reached for binding to FbnsAIDLService, threadId 4568
01-24 02:59:00.897 23316 23563 E FbnsAIDLClientManager: Fbns AIDL request got RemoteException
01-24 02:59:00.897 23316 23563 E FbnsAIDLClientManager: android.os.RemoteException: AIDLService is not bound
01-24 02:59:00.897 23316 23563 E FbnsAIDLClientManager: 	at X.9fQ.call(Unknown Source:393)
01-24 02:59:00.897 23316 23563 E FbnsAIDLClientManager: 	at java.util.concurrent.FutureTask.run(FutureTask.java:317)
01-24 02:59:00.897 23316 23563 E FbnsAIDLClientManager: 	at java.util.concurrent.ThreadPoolExecutor.runWorker(ThreadPoolExecutor.java:1154)
01-24 02:59:00.897 23316 23563 E FbnsAIDLClientManager: 	at java.util.concurrent.ThreadPoolExecutor$Worker.run(ThreadPoolExecutor.java:652)
01-24 02:59:00.897 23316 23563 E FbnsAIDLClientManager: 	at java.lang.Thread.run(Thread.java:1563)
01-24 02:59:09.506 23316 23439 E msys    : E[N mns]_OnDiskCacheGetData(632)=>Start post callback cache refresh DNS resolution
01-24 02:59:09.526 23316 23439 E msys    : E[N mns]_OnSystemDNSSuccessCallback(340)=>Cache refresh succeeded with system DNS resolver. IP count: 1
01-24 02:59:34.135 23316 23439 E msys    : E[N mns]_OnDiskCacheGetData(632)=>Start post callback cache refresh DNS resolution
01-24 02:59:34.140 23316 23439 E msys    : E[N mns]_OnSystemDNSSuccessCallback(340)=>Cache refresh succeeded with system DNS resolver. IP count: 1
01-24 02:59:36.411 23316 23439 E msys    : E[N mns]_OnDiskCacheGetData(632)=>Start post callback cache refresh DNS resolution
01-24 02:59:36.430 23316 23439 E msys    : E[N mns]_OnSystemDNSSuccessCallback(340)=>Cache refresh succeeded with system DNS resolver. IP count: 1
01-24 02:59:36.527 23316 23439 E msys    : E[N mns]_OnDiskCacheGetData(632)=>Start post callback cache refresh DNS resolution
01-24 02:59:36.551 23316 23439 E msys    : E[N mns]_OnSystemDNSSuccessCallback(340)=>Cache refresh succeeded with system DNS resolver. IP count: 1
01-24 02:59:36.592 23316 23439 E msys    : E[N mns]_OnDiskCacheGetData(632)=>Start post callback cache refresh DNS resolution
01-24 02:59:36.610 23316 23439 E msys    : E[N mns]_OnSystemDNSSuccessCallback(340)=>Cache refresh succeeded with system DNS resolver. IP count: 1
01-24 02:59:36.872 21981 21981 E ScrollIdentify: Unknown special app design status. flag = 4
01-24 02:59:36.961 23316 23439 E msys    : E[N mns]_OnDiskCacheGetData(632)=>Start post callback cache refresh DNS resolution
01-24 02:59:36.971 23316 23439 E msys    : E[N mns]_OnSystemDNSSuccessCallback(340)=>Cache refresh succeeded with system DNS resolver. IP count: 1
01-24 02:59:37.301 23316 23439 E msys    : E[N mns]_OnDiskCacheGetData(632)=>Start post callback cache refresh DNS resolution
01-24 02:59:37.311 23316 23439 E msys    : E[N mns]_OnSystemDNSSuccessCallback(340)=>Cache refresh succeeded with system DNS resolver. IP count: 1
01-24 02:59:37.447 23316 23439 E msys    : E[N mns]_OnDiskCacheGetData(632)=>Start post callback cache refresh DNS resolution
01-24 02:59:37.456 23316 23439 E msys    : E[N mns]_OnSystemDNSSuccessCallback(340)=>Cache refresh succeeded with system DNS resolver. IP count: 1
01-24 02:59:37.813 21981 21981 E ScrollIdentify: Unknown special app design status. flag = 4
01-24 02:59:37.830 21981 21981 E ScrollIdentify: Unknown special app design status. flag = 4
01-24 02:59:37.844 21981 21981 E ScrollIdentify: Unknown special app design status. flag = 4
01-24 02:59:39.926 23316 23671 E IdleQueuePayloadBasedServiceLayer: Request empty, but still some servings left: 651270
01-24 02:59:40.429 23316 23635 E IdleQueuePayloadBasedServiceLayer: Request empty, but still some servings left: -651270
01-24 02:59:40.429 23316 23671 E IdleQueuePayloadBasedServiceLayer: Request empty, but still some servings left: -651270
01-24 02:59:55.127 23316 23439 E msys    : E[N mns]_OnDiskCacheGetData(632)=>Start post callback cache refresh DNS resolution
01-24 02:59:55.144 23316 23439 E msys    : E[N mns]_OnSystemDNSSuccessCallback(340)=>Cache refresh succeeded with system DNS resolver. IP count: 1
01-24 03:00:37.014 20763 10194 E NearbyMediums: MEDIUM_ERROR [SYSTEM][WIFI_LAN][START_LISTENING_INCOMING_CONNECTION][ACCEPT_CONNECTION_FAILED][SOCKET_CLOSED], service-id=NearbySharing
01-24 03:00:37.014 20763 10194 E NearbyMediums: Extra Sensitive/PII message : Socket closed
01-24 03:01:06.831 20763 10194 E NearbyMediums: MEDIUM_ERROR [SYSTEM][WIFI_LAN][START_LISTENING_INCOMING_CONNECTION][ACCEPT_CONNECTION_FAILED][SOCKET_CLOSED], service-id=NearbySharing
01-24 03:01:06.831 20763 10194 E NearbyMediums: Extra Sensitive/PII message : Socket closed
01-24 03:01:16.027 21981 21981 E ScrollIdentify: Unknown special app design status. flag = 4
01-24 03:01:16.169 21981 21981 E ScrollIdentify: Unknown special app design status. flag = 4
01-24 03:01:16.180 21981 21981 E ScrollIdentify: Unknown special app design status. flag = 4
01-24 03:01:16.196 21981 21981 E ScrollIdentify: Unknown special app design status. flag = 4
01-24 03:01:16.230 21981 21981 E ScrollIdentify: Unknown special app design status. flag = 4
01-24 03:01:16.247 21981 21981 E ScrollIdentify: Unknown special app design status. flag = 4
01-24 03:01:17.733 21981 21981 E ScrollIdentify: Unknown special app design status. flag = 4
01-24 03:01:30.431 24805 24916 E RequestContextBuilder: Could not get APN after (but including) LollipopMr1: 
01-24 03:01:30.431 24805 24916 E RequestContextBuilder: java.lang.SecurityException: No permission to access APN settings
01-24 03:01:30.431 24805 24916 E RequestContextBuilder: 	at android.os.Parcel.createExceptionOrNull(Parcel.java:3025)
01-24 03:01:30.431 24805 24916 E RequestContextBuilder: 	at android.os.Parcel.createException(Parcel.java:3009)
01-24 03:01:30.431 24805 24916 E RequestContextBuilder: 	at android.os.Parcel.readException(Parcel.java:2992)
01-24 03:01:30.431 24805 24916 E RequestContextBuilder: 	at android.database.DatabaseUtils.readExceptionFromParcel(DatabaseUtils.java:190)
01-24 03:01:30.431 24805 24916 E RequestContextBuilder: 	at android.database.DatabaseUtils.readExceptionFromParcel(DatabaseUtils.java:142)
01-24 03:01:30.431 24805 24916 E RequestContextBuilder: 	at android.content.ContentProviderProxy.query(ContentProviderNative.java:481)
01-24 03:01:30.431 24805 24916 E RequestContextBuilder: 	at android.content.ContentResolver.query(ContentResolver.java:1255)
01-24 03:01:30.431 24805 24916 E RequestContextBuilder: 	at android.content.ContentResolver.query(ContentResolver.java:1182)
01-24 03:01:30.431 24805 24916 E RequestContextBuilder: 	at android.content.ContentResolver.query(ContentResolver.java:1138)
01-24 03:01:30.431 24805 24916 E RequestContextBuilder: 	at bhgo.b(PG:113)
01-24 03:01:30.431 24805 24916 E RequestContextBuilder: 	at bhgo.a(PG:146)
01-24 03:01:30.431 24805 24916 E RequestContextBuilder: 	at bhcm.a(PG:588)
01-24 03:01:30.431 24805 24916 E RequestContextBuilder: 	at bhcl.s(PG:52)
01-24 03:01:30.431 24805 24916 E RequestContextBuilder: 	at bhcl.o(PG:329)
01-24 03:01:30.431 24805 24916 E RequestContextBuilder: 	at qbu.call(PG:435)
01-24 03:01:30.431 24805 24916 E RequestContextBuilder: 	at bjnk.a(PG:3)
01-24 03:01:30.431 24805 24916 E RequestContextBuilder: 	at bjmp.run(PG:19)
01-24 03:01:30.431 24805 24916 E RequestContextBuilder: 	at bjnl.run(PG:5)
01-24 03:01:30.431 24805 24916 E RequestContextBuilder: 	at java.util.concurrent.ThreadPoolExecutor.runWorker(ThreadPoolExecutor.java:1154)
01-24 03:01:30.431 24805 24916 E RequestContextBuilder: 	at java.util.concurrent.ThreadPoolExecutor$Worker.run(ThreadPoolExecutor.java:652)
01-24 03:01:30.431 24805 24916 E RequestContextBuilder: 	at tme.run(PG:633)
01-24 03:01:30.431 24805 24916 E RequestContextBuilder: 	at java.lang.Thread.run(Thread.java:1563)
01-24 03:01:58.462 23316 23439 E msys    : E[N mns]_OnDiskCacheGetData(632)=>Start post callback cache refresh DNS resolution
01-24 03:01:58.482 23316 23439 E msys    : E[N mns]_OnSystemDNSSuccessCallback(340)=>Cache refresh succeeded with system DNS resolver. IP count: 1
01-24 03:03:04.669 24351 24351 E VendorTagDescriptor: lookupTag: Tag name 'chi.override.LargeSizeThumbnail' does not exist.
01-24 03:03:04.673 24351 24351 E VendorTagDescriptor: lookupTag: Tag name 'chi.override.LargeSizeThumbnail' does not exist.
01-24 03:03:08.178 24805 24926 E Finsky  : [4380] [Counters] attempted to use a non-positive increment for: 4752
01-24 03:03:08.206 24805 24916 E android.vending: Failed to open APK '/data/app/~~smwWPVqawgf_AqEMeQnHlQ==/com.example.regainassignment-W2P3p2HUffjCv0ZSNxA9rw==/base.apk': I/O error
01-24 03:03:08.207 24805 24916 E android.vending: Failed to open APK '/data/app/~~smwWPVqawgf_AqEMeQnHlQ==/com.example.regainassignment-W2P3p2HUffjCv0ZSNxA9rw==/base.apk': I/O error
01-24 03:03:08.211 24805 24916 E ResourcesManager: failed to add asset path '/data/app/~~smwWPVqawgf_AqEMeQnHlQ==/com.example.regainassignment-W2P3p2HUffjCv0ZSNxA9rw==/base.apk'
01-24 03:03:08.211 24805 24916 E ResourcesManager: java.io.IOException: Failed to load asset path /data/app/~~smwWPVqawgf_AqEMeQnHlQ==/com.example.regainassignment-W2P3p2HUffjCv0ZSNxA9rw==/base.apk
01-24 03:03:08.211 24805 24916 E ResourcesManager: 	at android.content.res.ApkAssets.nativeLoad(Native Method)
01-24 03:03:08.211 24805 24916 E ResourcesManager: 	at android.content.res.ApkAssets.<init>(ApkAssets.java:296)
01-24 03:03:08.211 24805 24916 E ResourcesManager: 	at android.content.res.ApkAssets.loadFromPath(ApkAssets.java:145)
01-24 03:03:08.211 24805 24916 E ResourcesManager: 	at android.app.ResourcesManager.loadApkAssets(ResourcesManager.java:501)
01-24 03:03:08.211 24805 24916 E ResourcesManager: 	at android.app.ResourcesManager.-$$Nest$mloadApkAssets(Unknown Source:0)
01-24 03:03:08.211 24805 24916 E ResourcesManager: 	at android.app.ResourcesManager$ApkAssetsSupplier.load(ResourcesManager.java:188)
01-24 03:03:08.211 24805 24916 E ResourcesManager: 	at android.app.ResourcesManager.createAssetManager(ResourcesManager.java:577)
01-24 03:03:08.211 24805 24916 E ResourcesManager: 	at android.app.ResourcesManager.createResourcesImpl(ResourcesManager.java:659)
01-24 03:03:08.211 24805 24916 E ResourcesManager: 	at android.app.ResourcesManager.findOrCreateResourcesImplForKeyLocked(ResourcesManager.java:711)
01-24 03:03:08.211 24805 24916 E ResourcesManager: 	at android.app.ResourcesManager.createResources(ResourcesManager.java:1057)
01-24 03:03:08.211 24805 24916 E ResourcesManager: 	at android.app.ResourcesManager.getResources(ResourcesManager.java:1160)
01-24 03:03:08.211 24805 24916 E ResourcesManager: 	at android.app.ActivityThread.getTopLevelResources(ActivityThread.java:2706)
01-24 03:03:08.211 24805 24916 E ResourcesManager: 	at android.app.ApplicationPackageManager.getResourcesForApplication(ApplicationPackageManager.java:2125)
01-24 03:03:08.211 24805 24916 E ResourcesManager: 	at android.app.ApplicationPackageManager.getResourcesForApplication(ApplicationPackageManager.java:2111)
01-24 03:03:08.211 24805 24916 E ResourcesManager: 	at android.app.ApplicationPackageManager.getDrawable(ApplicationPackageManager.java:1814)
01-24 03:03:08.211 24805 24916 E ResourcesManager: 	at android.app.ApplicationPackageManager.loadUnbadgedItemIcon(ApplicationPackageManager.java:3434)
01-24 03:03:08.211 24805 24916 E ResourcesManager: 	at android.app.ApplicationPackageManager.loadItemIcon(ApplicationPackageManager.java:3408)
01-24 03:03:08.211 24805 24916 E ResourcesManager: 	at android.content.pm.PackageItemInfo.loadIcon(PackageItemInfo.java:330)
01-24 03:03:08.211 24805 24916 E ResourcesManager: 	at android.content.pm.PackageItemInfo.loadIcon(PackageItemInfo.java:305)
01-24 03:03:08.211 24805 24916 E ResourcesManager: 	at android.app.ApplicationPackageManager.getApplicationIcon(ApplicationPackageManager.java:1878)
01-24 03:03:08.211 24805 24916 E ResourcesManager: 	at ooz.a(PG:19)
01-24 03:03:08.211 24805 24916 E ResourcesManager: 	at opg.l(PG:30)
01-24 03:03:08.211 24805 24916 E ResourcesManager: 	at qh.kM(PG:762)
01-24 03:03:08.211 24805 24916 E ResourcesManager: 	at ook.k(PG:36)
01-24 03:03:08.211 24805 24916 E ResourcesManager: 	at ood.f(PG:17)
01-24 03:03:08.211 24805 24916 E ResourcesManager: 	at ood.i(PG:31)
01-24 03:03:08.211 24805 24916 E ResourcesManager: 	at ope.i(PG:1)
01-24 03:03:08.211 24805 24916 E ResourcesManager: 	at oph.d(PG:11)
01-24 03:03:08.211 24805 24916 E ResourcesManager: 	at oph.e(PG:13)
01-24 03:03:08.211 24805 24916 E ResourcesManager: 	at oby.apply(PG:1641)
01-24 03:03:08.211 24805 24916 E ResourcesManager: 	at bjks.d(PG:3)
01-24 03:03:08.211 24805 24916 E ResourcesManager: 	at bjkt.run(PG:47)
01-24 03:03:08.211 24805 24916 E ResourcesManager: 	at java.util.concurrent.ThreadPoolExecutor.runWorker(ThreadPoolExecutor.java:1154)
01-24 03:03:08.211 24805 24916 E ResourcesManager: 	at java.util.concurrent.ThreadPoolExecutor$Worker.run(ThreadPoolExecutor.java:652)
01-24 03:03:08.211 24805 24916 E ResourcesManager: 	at tme.run(PG:633)
01-24 03:03:08.211 24805 24916 E ResourcesManager: 	at java.lang.Thread.run(Thread.java:1563)
01-24 03:03:08.326 21981 31504 E ActivityThread: Failed to find provider info for com.android.inputmethod.dictionarypack.aosp
01-24 03:03:08.443 19487 24507 E RoleControllerServiceImpl: Default/fallback role holder package doesn't qualify for the role, package: com.google.android.gms.supervision, role: android.app.role.SYSTEM_SUPERVISION, user: 0
01-24 03:03:09.447 22326 22326 E FBI     : Can't load library: dlopen failed: library "libmagtsync.so" not found
01-24 03:03:09.495 22326 24616 E ion     : ioctl c0044901 failed with code -1: Invalid argument
01-24 03:03:09.518 23316 23439 E msys    : E[N mns]_OnDiskCacheGetData(632)=>Start post callback cache refresh DNS resolution
01-24 03:03:09.535 23316 23439 E msys    : E[N mns]_OnSystemDNSSuccessCallback(340)=>Cache refresh succeeded with system DNS resolver. IP count: 1
01-24 03:03:10.472 22326 24661 E ion     : ioctl c0044901 failed with code -1: Invalid argument
01-24 03:03:10.499 22326 22326 E com.whatsapp: Invalid ID 0x00000000.
01-24 03:03:10.499 22326 22326 E com.whatsapp: Invalid ID 0x00000000.
01-24 03:03:10.499 22326 22326 E com.whatsapp: Invalid ID 0x00000000.
01-24 03:03:10.500 22326 22326 E com.whatsapp: Invalid ID 0x00000000.
01-24 03:03:10.500 22326 22326 E com.whatsapp: Invalid ID 0x00000000.
01-24 03:03:10.500 22326 22326 E com.whatsapp: Invalid ID 0x00000000.
01-24 03:03:10.504 22326 22326 E com.whatsapp: Invalid ID 0x00000000.
01-24 03:03:10.505 22326 22326 E com.whatsapp: Invalid ID 0x00000000.
01-24 03:03:10.505 22326 22326 E com.whatsapp: Invalid ID 0x00000000.
01-24 03:03:10.505 22326 22326 E com.whatsapp: Invalid ID 0x00000000.
01-24 03:03:10.505 22326 22326 E com.whatsapp: Invalid ID 0x00000000.
01-24 03:03:10.505 22326 22326 E com.whatsapp: Invalid ID 0x00000000.
01-24 03:03:10.505 22326 22326 E com.whatsapp: Invalid ID 0x00000000.
01-24 03:03:10.506 22326 22326 E com.whatsapp: Invalid ID 0x00000000.
01-24 03:03:10.506 22326 22326 E com.whatsapp: Invalid ID 0x00000000.
01-24 03:03:10.506 22326 22326 E com.whatsapp: Invalid ID 0x00000000.
01-24 03:03:10.506 22326 22326 E com.whatsapp: Invalid ID 0x00000000.
01-24 03:03:10.856 22326 22326 E ANDR-VIVO-PERF: IVPerf::tryGetService failed!
01-24 03:03:54.364 23316 23439 E msys    : E[N mns]_CacheRefreshTimerCallback(454)=>Start active cache refresh DNS resolution
01-24 03:03:54.365 23316 23439 E msys    : E[N mns]_CacheRefreshTimerCallback(454)=>Start active cache refresh DNS resolution
01-24 03:03:54.365 23316 23439 E msys    : E[N mns]_CacheRefreshTimerCallback(454)=>Start active cache refresh DNS resolution
01-24 03:03:54.365 23316 23439 E msys    : E[N mns]_CacheRefreshTimerCallback(454)=>Start active cache refresh DNS resolution
01-24 03:03:54.365 23316 23439 E msys    : E[N mns]_CacheRefreshTimerCallback(454)=>Start active cache refresh DNS resolution
01-24 03:03:54.365 23316 23439 E msys    : E[N mns]_CacheRefreshTimerCallback(454)=>Start active cache refresh DNS resolution
01-24 03:03:54.370 23316 23439 E msys    : E[N mns]_OnSystemDNSSuccessCallback(340)=>Cache refresh succeeded with system DNS resolver. IP count: 1
01-24 03:03:54.378 23316 23439 E msys    : E[N mns]_OnSystemDNSSuccessCallback(340)=>Cache refresh succeeded with system DNS resolver. IP count: 1
01-24 03:03:54.382 23316 23439 E msys    : E[N mns]_OnSystemDNSSuccessCallback(340)=>Cache refresh succeeded with system DNS resolver. IP count: 1
01-24 03:03:54.382 23316 23439 E msys    : E[N mns]_OnSystemDNSSuccessCallback(340)=>Cache refresh succeeded with system DNS resolver. IP count: 1
01-24 03:03:54.383 23316 23439 E msys    : E[N mns]_OnSystemDNSSuccessCallback(340)=>Cache refresh succeeded with system DNS resolver. IP count: 1
01-24 03:03:54.390 23316 23439 E msys    : E[N mns]_OnSystemDNSSuccessCallback(340)=>Cache refresh succeeded with system DNS resolver. IP count: 1
01-24 03:04:12.282 23316 23404 E MQTTBypassDGWStreamGroupCallbacks.cpp: onStreamGroupError TransientError domain: MNSQUICConnection code: 1 detail: Local error: 1073741845: 35 seconds
01-24 03:04:12.287 23316 23620 E msys    : E[S MSync]_ModularSyncHandleNetworkResponse(1751)=>DB[223] - Encountered a network error (2002: TransientError domain: MNSQUICConnection code: 1 detail: Local error: 1073741845: 35 seconds)
01-24 03:04:12.288 23316 23620 E msys    : E[S MSync]_ModularSyncHandleNetworkErrorResponse(1445)=>DB[223] - handle network error response
01-24 03:04:12.289 23316 23582 E msys    : E[N mns]_OnDiskCacheGetData(632)=>Start post callback cache refresh DNS resolution
01-24 03:04:12.306 23316 23582 E msys    : E[N mns]_OnSystemDNSSuccessCallback(340)=>Cache refresh succeeded with system DNS resolver. IP count: 1
01-24 03:04:23.441 24805 24882 E AbstractLogEventBuilder: The provided ProductIdOrigin 3 is not one of the process-level expected values: 1 or 2
01-24 03:04:23.478 24805 24923 E AbstractLogEventBuilder: The provided ProductIdOrigin 3 is not one of the process-level expected values: 1 or 2
01-24 03:04:23.720 24805 24923 E AbstractLogEventBuilder: The provided ProductIdOrigin 3 is not one of the process-level expected values: 1 or 2
01-24 03:04:24.221 24805 24805 E AbstractLogEventBuilder: The provided ProductIdOrigin 3 is not one of the process-level expected values: 1 or 2
01-24 03:04:25.152 24805 24885 E AbstractLogEventBuilder: The provided ProductIdOrigin 3 is not one of the process-level expected values: 1 or 2
01-24 03:04:28.593 24805 24903 E AbstractLogEventBuilder: The provided ProductIdOrigin 3 is not one of the process-level expected values: 1 or 2
01-24 03:04:28.593 24805 24923 E AbstractLogEventBuilder: The provided ProductIdOrigin 3 is not one of the process-level expected values: 1 or 2
01-24 03:04:28.598 24805 24926 E AbstractLogEventBuilder: The provided ProductIdOrigin 3 is not one of the process-level expected values: 1 or 2
01-24 03:04:30.209 24805 25403 E BLASTBufferQueue: [VRI[PlayProtectDialogsActivity]#79](f:2,a:3) rejecting buffer:active_size=1240x1358, requested_size=1240x1367 buffer{size=1240x1349 transform=0}
01-24 03:04:30.225 24805 25403 E BLASTBufferQueue: [VRI[PlayProtectDialogsActivity]#79](f:2,a:3) rejecting buffer:active_size=1240x1367, requested_size=1240x1376 buffer{size=1240x1358 transform=0}
01-24 03:04:30.259 24805 25403 E BLASTBufferQueue: [VRI[PlayProtectDialogsActivity]#79](f:3,a:3) rejecting buffer:active_size=1240x1385, requested_size=1240x1393 buffer{size=1240x1376 transform=0}
01-24 03:04:30.276 24805 25403 E BLASTBufferQueue: [VRI[PlayProtectDialogsActivity]#79](f:3,a:3) rejecting buffer:active_size=1240x1393, requested_size=1240x1400 buffer{size=1240x1385 transform=0}
01-24 03:04:30.294 24805 25403 E BLASTBufferQueue: [VRI[PlayProtectDialogsActivity]#79](f:3,a:3) rejecting buffer:active_size=1240x1400, requested_size=1240x1406 buffer{size=1240x1393 transform=0}
01-24 03:04:30.294 24805 25403 E FrameEvents: addLatch: Did not find frame.
01-24 03:04:30.294 24805 25403 E FrameEvents: addRelease: Did not find frame.
01-24 03:04:30.294 24805 25403 E FrameEvents: addPreComposition: Did not find frame.
01-24 03:04:30.294 24805 25403 E FrameEvents: addPostComposition: Did not find frame.
01-24 03:04:30.309 24805 15225 E BLASTBufferQueue: [VRI[PlayProtectDialogsActivity]#79](f:3,a:3) rejecting buffer:active_size=1240x1406, requested_size=1240x1412 buffer{size=1240x1400 transform=0}
01-24 03:04:30.310 24805 15225 E FrameEvents: addLatch: Did not find frame.
01-24 03:04:30.310 24805 15225 E FrameEvents: addRelease: Did not find frame.
01-24 03:04:30.310 24805 15225 E FrameEvents: addPreComposition: Did not find frame.
01-24 03:04:30.310 24805 15225 E FrameEvents: addPostComposition: Did not find frame.
01-24 03:04:30.328 24805 15225 E BLASTBufferQueue: [VRI[PlayProtectDialogsActivity]#79](f:4,a:3) rejecting buffer:active_size=1240x1412, requested_size=1240x1421 buffer{size=1240x1406 transform=0}
01-24 03:04:30.329 24805 15225 E FrameEvents: addLatch: Did not find frame.
01-24 03:04:30.329 24805 15225 E FrameEvents: addRelease: Did not find frame.
01-24 03:04:30.329 24805 15225 E FrameEvents: addPreComposition: Did not find frame.
01-24 03:04:30.329 24805 15225 E FrameEvents: addPostComposition: Did not find frame.
