01-16 02:24:40.922 23690 23690 D Regain  : Timer Update: Instagram - Used 3h 50m today: 01:10 left
01-16 02:24:41.935 23690 23690 D Regain  : Timer Update: Instagram - Used 3h 50m today: 01:09 left
01-16 02:24:42.946 23690 23690 D Regain  : Timer Update: Instagram - Used 3h 50m today: 01:08 left
01-16 02:24:43.270 23690 23690 D Regain  : UsageCheckReceiver: onReceive triggered
01-16 02:24:43.277 23690 23903 D Regain  : Current Foreground App (before screen check): com.instagram.android
01-16 02:24:43.277 23690 23903 D Regain  : Current Foreground App (final): com.instagram.android
01-16 02:24:43.287 23690 23903 D Regain  : Notification update: Instagram - Used 3h 59m today | Session time left: 1m
01-16 02:24:43.959 23690 23690 D Regain  : Timer Update: Instagram - Used 3h 50m today: 01:07 left
01-16 02:24:44.979 23690 23690 D Regain  : Timer Update: Instagram - Used 3h 50m today: 01:06 left
01-16 02:24:45.995 23690 23690 D Regain  : Timer Update: Instagram - Used 3h 50m today: 01:05 left
01-16 02:24:47.007 23690 23690 D Regain  : Timer Update: Instagram - Used 3h 50m today: 01:04 left
01-16 02:24:48.019 23690 23690 D Regain  : Timer Update: Instagram - Used 3h 50m today: 01:03 left
01-16 02:24:48.294 23690 23690 D Regain  : UsageCheckReceiver: onReceive triggered
01-16 02:24:48.301 23690 23903 D Regain  : Current Foreground App (before screen check): com.instagram.android
01-16 02:24:48.302 23690 23903 D Regain  : Current Foreground App (final): com.instagram.android
01-16 02:24:48.313 23690 23903 D Regain  : Notification update: Instagram - Used 3h 59m today | Session time left: 0m
01-16 02:24:49.030 23690 23690 D Regain  : Timer Update: Instagram - Used 3h 50m today: 01:02 left
01-16 02:24:50.045 23690 23690 D Regain  : Timer Update: Instagram - Used 3h 50m today: 01:01 left
01-16 02:24:51.058 23690 23690 D Regain  : Timer Update: Instagram - Used 3h 50m today: 01:00 left
01-16 02:24:52.071 23690 23690 D Regain  : Timer Update: Instagram - Used 3h 50m today: 00:59 left
01-16 02:24:53.086 23690 23690 D Regain  : Timer Update: Instagram - Used 3h 50m today: 00:58 left
01-16 02:24:53.319 23690 23690 D Regain  : UsageCheckReceiver: onReceive triggered
01-16 02:24:53.330 23690 23903 D Regain  : Current Foreground App (before screen check): com.instagram.android
01-16 02:24:53.330 23690 23903 D Regain  : Current Foreground App (final): com.instagram.android
01-16 02:24:53.345 23690 23903 D Regain  : Notification update: Instagram - Used 3h 59m today | Session time left: 0m
01-16 02:24:54.099 23690 23690 D Regain  : Timer Update: Instagram - Used 3h 50m today: 00:57 left
01-16 02:24:55.110 23690 23690 D Regain  : Timer Update: Instagram - Used 3h 50m today: 00:56 left
01-16 02:24:56.126 23690 23690 D Regain  : Timer Update: Instagram - Used 3h 50m today: 00:55 left
01-16 02:24:57.134 23690 23690 D Regain  : Timer Update: Instagram - Used 3h 50m today: 00:54 left
01-16 02:24:58.146 23690 23690 D Regain  : Timer Update: Instagram - Used 3h 50m today: 00:53 left
01-16 02:24:58.359 23690 23690 D Regain  : UsageCheckReceiver: onReceive triggered
01-16 02:24:58.377 23690 23903 D Regain  : Current Foreground App (before screen check): com.instagram.android
01-16 02:24:58.377 23690 23903 D Regain  : Current Foreground App (final): com.instagram.android
01-16 02:24:58.413 23690 23904 D Regain  : Notification update: Instagram - Used 3h 59m today | Session time left: 0m
01-16 02:24:59.159 23690 23690 D Regain  : Timer Update: Instagram - Used 3h 50m today: 00:52 left
01-16 02:25:00.175 23690 23690 D Regain  : Timer Update: Instagram - Used 3h 50m today: 00:51 left
01-16 02:25:01.187 23690 23690 D Regain  : Timer Update: Instagram - Used 3h 50m today: 00:50 left
01-16 02:25:02.198 23690 23690 D Regain  : Timer Update: Instagram - Used 3h 50m today: 00:49 left
01-16 02:25:03.210 23690 23690 D Regain  : Timer Update: Instagram - Used 3h 50m today: 00:48 left
01-16 02:25:03.423 23690 23690 D Regain  : UsageCheckReceiver: onReceive triggered
01-16 02:25:03.431 23690 23904 D Regain  : Current Foreground App (before screen check): com.instagram.android
01-16 02:25:03.431 23690 23904 D Regain  : Current Foreground App (final): com.instagram.android
01-16 02:25:03.444 23690 23904 D Regain  : Notification update: Instagram - Used 3h 59m today | Session time left: 0m
01-16 02:25:04.222 23690 23690 D Regain  : Timer Update: Instagram - Used 3h 50m today: 00:47 left
01-16 02:25:05.236 23690 23690 D Regain  : Timer Update: Instagram - Used 3h 50m today: 00:46 left
01-16 02:25:06.248 23690 23690 D Regain  : Timer Update: Instagram - Used 3h 50m today: 00:45 left
01-16 02:25:07.255 23690 23690 D Regain  : Timer Update: Instagram - Used 3h 50m today: 00:44 left
01-16 02:25:08.266 23690 23690 D Regain  : Timer Update: Instagram - Used 3h 50m today: 00:43 left
01-16 02:25:08.454 23690 23690 D Regain  : UsageCheckReceiver: onReceive triggered
01-16 02:25:08.461 23690 23904 D Regain  : Current Foreground App (before screen check): com.instagram.android
01-16 02:25:08.461 23690 23904 D Regain  : Current Foreground App (final): com.instagram.android
01-16 02:25:08.475 23690 23904 D Regain  : Notification update: Instagram - Used 3h 59m today | Session time left: 0m
01-16 02:25:09.279 23690 23690 D Regain  : Timer Update: Instagram - Used 3h 50m today: 00:42 left
01-16 02:25:10.290 23690 23690 D Regain  : Timer Update: Instagram - Used 3h 50m today: 00:41 left
01-16 02:25:11.303 23690 23690 D Regain  : Timer Update: Instagram - Used 3h 50m today: 00:40 left
01-16 02:25:12.319 23690 23690 D Regain  : Timer Update: Instagram - Used 3h 50m today: 00:39 left
01-16 02:25:13.331 23690 23690 D Regain  : Timer Update: Instagram - Used 3h 50m today: 00:38 left
01-16 02:25:13.485 23690 23690 D Regain  : UsageCheckReceiver: onReceive triggered
01-16 02:25:13.496 23690 23904 D Regain  : Current Foreground App (before screen check): com.instagram.android
01-16 02:25:13.496 23690 23904 D Regain  : Current Foreground App (final): com.instagram.android
01-16 02:25:13.509 23690 23904 D Regain  : Notification update: Instagram - Used 3h 59m today | Session time left: 0m
01-16 02:25:14.343 23690 23690 D Regain  : Timer Update: Instagram - Used 3h 50m today: 00:37 left
01-16 02:25:15.355 23690 23690 D Regain  : Timer Update: Instagram - Used 3h 50m today: 00:36 left
01-16 02:25:16.370 23690 23690 D Regain  : Timer Update: Instagram - Used 3h 50m today: 00:35 left
01-16 02:25:17.386 23690 23690 D Regain  : Timer Update: Instagram - Used 3h 50m today: 00:34 left
01-16 02:25:18.398 23690 23690 D Regain  : Timer Update: Instagram - Used 3h 50m today: 00:33 left
01-16 02:25:18.517 23690 23690 D Regain  : UsageCheckReceiver: onReceive triggered
01-16 02:25:18.529 23690 23904 D Regain  : Current Foreground App (before screen check): com.instagram.android
01-16 02:25:18.529 23690 23904 D Regain  : Current Foreground App (final): com.instagram.android
01-16 02:25:18.546 23690 23904 D Regain  : Notification update: Instagram - Used 3h 59m today | Session time left: 0m
01-16 02:25:19.411 23690 23690 D Regain  : Timer Update: Instagram - Used 3h 50m today: 00:32 left
01-16 02:25:20.423 23690 23690 D Regain  : Timer Update: Instagram - Used 3h 50m today: 00:31 left
01-16 02:25:21.435 23690 23690 D Regain  : Timer Update: Instagram - Used 3h 50m today: 00:30 left
01-16 02:25:22.447 23690 23690 D Regain  : Timer Update: Instagram - Used 3h 50m today: 00:29 left
01-16 02:25:23.458 23690 23690 D Regain  : Timer Update: Instagram - Used 3h 50m today: 00:28 left
01-16 02:25:23.554 23690 23690 D Regain  : UsageCheckReceiver: onReceive triggered
01-16 02:25:23.563 23690 23904 D Regain  : Current Foreground App (before screen check): com.instagram.android
01-16 02:25:23.563 23690 23904 D Regain  : Current Foreground App (final): com.instagram.android
01-16 02:25:23.575 23690 23904 D Regain  : Notification update: Instagram - Used 3h 59m today | Session time left: 0m
01-16 02:25:24.470 23690 23690 D Regain  : Timer Update: Instagram - Used 3h 50m today: 00:27 left
01-16 02:25:25.483 23690 23690 D Regain  : Timer Update: Instagram - Used 3h 50m today: 00:26 left
01-16 02:25:26.499 23690 23690 D Regain  : Timer Update: Instagram - Used 3h 50m today: 00:25 left
01-16 02:25:27.511 23690 23690 D Regain  : Timer Update: Instagram - Used 3h 50m today: 00:24 left
01-16 02:25:28.522 23690 23690 D Regain  : Timer Update: Instagram - Used 3h 50m today: 00:23 left
01-16 02:25:28.582 23690 23690 D Regain  : UsageCheckReceiver: onReceive triggered
01-16 02:25:28.596 23690 23904 D Regain  : Current Foreground App (before screen check): com.instagram.android
01-16 02:25:28.596 23690 23904 D Regain  : Current Foreground App (final): com.instagram.android
01-16 02:25:28.608 23690 23904 D Regain  : Notification update: Instagram - Used 3h 59m today | Session time left: 0m
01-16 02:25:29.535 23690 23690 D Regain  : Timer Update: Instagram - Used 3h 50m today: 00:22 left
01-16 02:25:30.546 23690 23690 D Regain  : Timer Update: Instagram - Used 3h 50m today: 00:21 left
01-16 02:25:31.559 23690 23690 D Regain  : Timer Update: Instagram - Used 3h 50m today: 00:20 left
01-16 02:25:32.571 23690 23690 D Regain  : Timer Update: Instagram - Used 3h 50m today: 00:19 left
01-16 02:25:33.583 23690 23690 D Regain  : Timer Update: Instagram - Used 3h 50m today: 00:18 left
01-16 02:25:33.622 23690 23690 D Regain  : UsageCheckReceiver: onReceive triggered
01-16 02:25:33.632 23690 23904 D Regain  : Current Foreground App (before screen check): com.instagram.android
01-16 02:25:33.632 23690 23904 D Regain  : Current Foreground App (final): com.instagram.android
01-16 02:25:33.645 23690 23904 D Regain  : Notification update: Instagram - Used 4h today | Session time left: 0m
01-16 02:25:34.595 23690 23690 D Regain  : Timer Update: Instagram - Used 3h 50m today: 00:17 left
01-16 02:25:35.608 23690 23690 D Regain  : Timer Update: Instagram - Used 3h 50m today: 00:16 left
01-16 02:25:36.623 23690 23690 D Regain  : Timer Update: Instagram - Used 3h 50m today: 00:15 left
01-16 02:25:37.634 23690 23690 D Regain  : Timer Update: Instagram - Used 3h 50m today: 00:14 left
01-16 02:25:38.647 23690 23690 D Regain  : Timer Update: Instagram - Used 3h 50m today: 00:13 left
01-16 02:25:38.657 23690 23690 D Regain  : UsageCheckReceiver: onReceive triggered
01-16 02:25:38.673 23690 23904 D Regain  : Current Foreground App (before screen check): com.instagram.android
01-16 02:25:38.673 23690 23904 D Regain  : Current Foreground App (final): com.instagram.android
01-16 02:25:38.683 23690 23904 D Regain  : Notification update: Instagram - Used 4h today | Session time left: 0m
01-16 02:25:39.663 23690 23690 D Regain  : Timer Update: Instagram - Used 3h 50m today: 00:12 left
01-16 02:25:40.675 23690 23690 D Regain  : Timer Update: Instagram - Used 3h 50m today: 00:11 left
01-16 02:25:41.692 23690 23690 D Regain  : Timer Update: Instagram - Used 3h 50m today: 00:10 left
01-16 02:25:42.707 23690 23690 D Regain  : Timer Update: Instagram - Used 3h 50m today: 00:09 left
01-16 02:25:43.691 23690 23690 D Regain  : UsageCheckReceiver: onReceive triggered
01-16 02:25:43.716 23690 23904 D Regain  : Current Foreground App (before screen check): com.instagram.android
01-16 02:25:43.716 23690 23904 D Regain  : Current Foreground App (final): com.instagram.android
01-16 02:25:43.718 23690 23690 D Regain  : Timer Update: Instagram - Used 3h 50m today: 00:08 left
01-16 02:25:43.728 23690 23904 D Regain  : Notification update: Instagram - Used 4h today | Session time left: 0m
01-16 02:25:43.733 23690 23904 D Regain  : Ended session for com.instagram.android (remainingTime set to 0, state -> BLOCKED)
01-16 02:25:44.727 23690 23690 D Regain  : Timer Update: Instagram - Used 3h 50m today: 00:07 left
01-16 02:25:45.731 23690 23690 D Regain  : Timer Update: Instagram - Used 3h 50m today: 00:06 left
01-16 02:25:46.740 23690 23690 D Regain  : Timer Update: Instagram - Used 3h 50m today: 00:05 left
01-16 02:25:47.751 23690 23690 D Regain  : Timer Update: Instagram - Used 3h 50m today: 00:04 left
01-16 02:25:48.758 23690 23690 D Regain  : Timer Update: Instagram - Used 3h 50m today: 00:03 left
01-16 02:25:49.365 23690 23690 D Regain  : UsageCheckReceiver: onReceive triggered
01-16 02:25:49.382 23690 23904 D Regain  : Current Foreground App (before screen check): com.example.regainassignment
01-16 02:25:49.382 23690 23904 D Regain  : Current Foreground App (final): com.example.regainassignment
01-16 02:25:49.388 23690 23904 D Regain  : Reset com.instagram.android from BLOCKED to IDLE
01-16 02:25:49.390 23690 23904 D Regain  : Timer cancelled
01-16 02:25:50.371 23690 23690 D Regain  : Cleared session cache for com.instagram.android (state -> BLOCKED)
01-16 02:25:54.467 23690 23690 D Regain  : UsageCheckReceiver: onReceive triggered
01-16 02:25:54.476 23690 23904 D Regain  : Current Foreground App (before screen check): com.android.launcher3
01-16 02:25:54.477 23690 23904 D Regain  : Current Foreground App (final): com.android.launcher3
01-16 02:25:54.481 23690 23904 D Regain  : Timer cancelled
01-16 02:25:59.602 23690 23690 D Regain  : UsageCheckReceiver: onReceive triggered
01-16 02:25:59.620 23690 23904 D Regain  : Current Foreground App (before screen check): com.android.launcher3
01-16 02:25:59.620 23690 23904 D Regain  : Current Foreground App (final): com.android.launcher3
01-16 02:25:59.623 23690 23904 D Regain  : Timer cancelled
