--------- beginning of main
01-16 01:41:12.494 27862 27862 D Regain  : UsageCheckReceiver: onReceive triggered
01-16 01:41:12.502 27862 28207 D Regain  : Current Foreground App (before screen check): null
01-16 01:41:12.504 27862 28207 D Regain  : Current Foreground App (final): null
01-16 01:41:12.505 27862 28207 D Regain  : Timer cancelled
01-16 01:41:17.518 27862 27862 D Regain  : UsageCheckReceiver: onReceive triggered
01-16 01:41:17.531 27862 28207 D Regain  : Current Foreground App (before screen check): com.android.settings
01-16 01:41:17.531 27862 28207 D Regain  : Current Foreground App (final): com.android.settings
01-16 01:41:17.569 27862 28207 D Regain  : Timer cancelled
01-16 01:41:22.581 27862 27862 D Regain  : UsageCheckReceiver: onReceive triggered
01-16 01:41:22.585 27862 28207 D Regain  : Current Foreground App (before screen check): com.android.settings
01-16 01:41:22.585 27862 28207 D Regain  : Current Foreground App (final): com.android.settings
01-16 01:41:22.593 27862 28207 D Regain  : Timer cancelled
01-16 01:41:27.610 27862 27862 D Regain  : UsageCheckReceiver: onReceive triggered
01-16 01:41:27.615 27862 28207 D Regain  : Current Foreground App (before screen check): com.android.settings
01-16 01:41:27.615 27862 28207 D Regain  : Current Foreground App (final): com.android.settings
01-16 01:41:27.621 27862 28207 D Regain  : Timer cancelled
01-16 01:41:32.647 27862 27862 D Regain  : UsageCheckReceiver: onReceive triggered
01-16 01:41:32.671 27862 28207 D Regain  : Current Foreground App (before screen check): com.example.regainassignment
01-16 01:41:32.671 27862 28207 D Regain  : Current Foreground App (final): com.example.regainassignment
01-16 01:41:32.683 27862 28207 D Regain  : Timer cancelled
01-16 01:41:37.696 27862 27862 D Regain  : UsageCheckReceiver: onReceive triggered
01-16 01:41:37.707 27862 28207 D Regain  : Current Foreground App (before screen check): com.example.regainassignment
01-16 01:41:37.707 27862 28207 D Regain  : Current Foreground App (final): com.example.regainassignment
01-16 01:41:37.710 27862 28207 D Regain  : Timer cancelled
01-16 01:41:42.719 27862 27862 D Regain  : UsageCheckReceiver: onReceive triggered
01-16 01:41:42.731 27862 28207 D Regain  : Current Foreground App (before screen check): com.example.regainassignment
01-16 01:41:42.731 27862 28207 D Regain  : Current Foreground App (final): com.example.regainassignment
01-16 01:41:42.734 27862 28207 D Regain  : Timer cancelled
01-16 01:41:48.849 27862 27862 D Regain  : UsageCheckReceiver: onReceive triggered
01-16 01:41:48.861 27862 28207 D Regain  : Current Foreground App (before screen check): com.instagram.android
01-16 01:41:48.862 27862 28207 D Regain  : Current Foreground App (final): com.instagram.android
01-16 01:41:50.263 27862 27862 D Regain  : Started session for com.instagram.android: duration=300000ms, remaining=300000ms, state=ACTIVE
01-16 01:41:54.966 27862 27862 D Regain  : UsageCheckReceiver: onReceive triggered
01-16 01:41:54.979 27862 28207 D Regain  : Current Foreground App (before screen check): com.instagram.android
01-16 01:41:54.980 27862 28207 D Regain  : Current Foreground App (final): com.instagram.android
01-16 01:41:54.991 27862 28207 D Regain  : Resumed session for com.instagram.android: used=0ms, remaining=300000ms
01-16 01:41:55.002 27862 28207 D Regain  : Notification update: Instagram - Used 3h 30m today | Session time left: 4m
01-16 01:41:55.007 27862 27862 D Regain  : Timer Update: Instagram - Used 3h 30m today: 05:00 left
01-16 01:41:56.020 27862 27862 D Regain  : Timer Update: Instagram - Used 3h 30m today: 04:59 left
01-16 01:41:57.035 27862 27862 D Regain  : Timer Update: Instagram - Used 3h 30m today: 04:58 left
01-16 01:41:58.047 27862 27862 D Regain  : Timer Update: Instagram - Used 3h 30m today: 04:57 left
01-16 01:41:59.063 27862 27862 D Regain  : Timer Update: Instagram - Used 3h 30m today: 04:56 left
01-16 01:42:00.076 27862 27862 D Regain  : Timer Update: Instagram - Used 3h 30m today: 04:55 left
01-16 01:42:01.093 27862 27862 D Regain  : Timer Update: Instagram - Used 3h 30m today: 04:54 left
01-16 01:42:01.098 27862 27862 D Regain  : UsageCheckReceiver: onReceive triggered
01-16 01:42:01.115 27862 28207 D Regain  : Current Foreground App (before screen check): com.instagram.android
01-16 01:42:01.115 27862 28207 D Regain  : Current Foreground App (final): com.instagram.android
01-16 01:42:01.126 27862 28207 D Regain  : Resumed session for com.instagram.android: used=11ms, remaining=299989ms
01-16 01:42:01.137 27862 28207 D Regain  : Notification update: Instagram - Used 3h 30m today | Session time left: 4m
01-16 01:42:02.109 27862 27862 D Regain  : Timer Update: Instagram - Used 3h 30m today: 04:53 left
01-16 01:42:03.128 27862 27862 D Regain  : Timer Update: Instagram - Used 3h 30m today: 04:52 left
01-16 01:42:04.144 27862 27862 D Regain  : Timer Update: Instagram - Used 3h 30m today: 04:51 left
01-16 01:42:05.163 27862 27862 D Regain  : Timer Update: Instagram - Used 3h 30m today: 04:50 left
01-16 01:42:06.190 27862 27862 D Regain  : Timer Update: Instagram - Used 3h 30m today: 04:49 left
01-16 01:42:07.210 27862 27862 D Regain  : Timer Update: Instagram - Used 3h 30m today: 04:48 left
01-16 01:42:07.242 27862 27862 D Regain  : UsageCheckReceiver: onReceive triggered
01-16 01:42:07.268 27862 28207 D Regain  : Current Foreground App (before screen check): com.instagram.android
01-16 01:42:07.268 27862 28207 D Regain  : Current Foreground App (final): com.instagram.android
01-16 01:42:07.284 27862 28207 D Regain  : Resumed session for com.instagram.android: used=19ms, remaining=299981ms
01-16 01:42:07.298 27862 28207 D Regain  : Notification update: Instagram - Used 3h 30m today | Session time left: 4m
01-16 01:42:08.234 27862 27862 D Regain  : Timer Update: Instagram - Used 3h 30m today: 04:47 left
01-16 01:42:09.249 27862 27862 D Regain  : Timer Update: Instagram - Used 3h 30m today: 04:46 left
01-16 01:42:10.266 27862 27862 D Regain  : Timer Update: Instagram - Used 3h 30m today: 04:45 left
01-16 01:42:11.280 27862 27862 D Regain  : Timer Update: Instagram - Used 3h 30m today: 04:44 left
01-16 01:42:12.291 27862 27862 D Regain  : Timer Update: Instagram - Used 3h 30m today: 04:43 left
01-16 01:42:13.307 27862 27862 D Regain  : Timer Update: Instagram - Used 3h 30m today: 04:42 left
01-16 01:42:13.362 27862 27862 D Regain  : UsageCheckReceiver: onReceive triggered
01-16 01:42:13.379 27862 28207 D Regain  : Current Foreground App (before screen check): com.instagram.android
01-16 01:42:13.379 27862 28207 D Regain  : Current Foreground App (final): com.instagram.android
01-16 01:42:13.392 27862 28207 D Regain  : Resumed session for com.instagram.android: used=29ms, remaining=299971ms
01-16 01:42:13.406 27862 28207 D Regain  : Notification update: Instagram - Used 3h 30m today | Session time left: 4m
01-16 01:42:14.325 27862 27862 D Regain  : Timer Update: Instagram - Used 3h 30m today: 04:41 left
01-16 01:42:15.340 27862 27862 D Regain  : Timer Update: Instagram - Used 3h 30m today: 04:40 left
01-16 01:42:16.356 27862 27862 D Regain  : Timer Update: Instagram - Used 3h 30m today: 04:39 left
01-16 01:42:17.369 27862 27862 D Regain  : Timer Update: Instagram - Used 3h 30m today: 04:38 left
01-16 01:42:18.385 27862 27862 D Regain  : Timer Update: Instagram - Used 3h 30m today: 04:37 left
01-16 01:42:19.399 27862 27862 D Regain  : Timer Update: Instagram - Used 3h 30m today: 04:36 left
01-16 01:42:19.478 27862 27862 D Regain  : UsageCheckReceiver: onReceive triggered
01-16 01:42:19.491 27862 28207 D Regain  : Current Foreground App (before screen check): com.instagram.android
01-16 01:42:19.492 27862 28207 D Regain  : Current Foreground App (final): com.instagram.android
01-16 01:42:19.501 27862 28207 D Regain  : Resumed session for com.instagram.android: used=40ms, remaining=299960ms
01-16 01:42:19.510 27862 28207 D Regain  : Notification update: Instagram - Used 3h 30m today | Session time left: 4m
01-16 01:42:20.411 27862 27862 D Regain  : Timer Update: Instagram - Used 3h 30m today: 04:35 left
01-16 01:42:21.423 27862 27862 D Regain  : Timer Update: Instagram - Used 3h 30m today: 04:34 left
01-16 01:42:22.435 27862 27862 D Regain  : Timer Update: Instagram - Used 3h 30m today: 04:33 left
01-16 01:42:23.450 27862 27862 D Regain  : Timer Update: Instagram - Used 3h 30m today: 04:32 left
01-16 01:42:24.464 27862 27862 D Regain  : Timer Update: Instagram - Used 3h 30m today: 04:31 left
01-16 01:42:25.480 27862 27862 D Regain  : Timer Update: Instagram - Used 3h 30m today: 04:30 left
01-16 01:42:25.581 27862 27862 D Regain  : UsageCheckReceiver: onReceive triggered
01-16 01:42:25.595 27862 28207 D Regain  : Current Foreground App (before screen check): com.instagram.android
01-16 01:42:25.595 27862 28207 D Regain  : Current Foreground App (final): com.instagram.android
01-16 01:42:25.604 27862 28207 D Regain  : Resumed session for com.instagram.android: used=49ms, remaining=299951ms
01-16 01:42:25.613 27862 28207 D Regain  : Notification update: Instagram - Used 3h 30m today | Session time left: 4m
01-16 01:42:26.496 27862 27862 D Regain  : Timer Update: Instagram - Used 3h 30m today: 04:29 left
01-16 01:42:27.511 27862 27862 D Regain  : Timer Update: Instagram - Used 3h 30m today: 04:28 left
01-16 01:42:28.523 27862 27862 D Regain  : Timer Update: Instagram - Used 3h 30m today: 04:27 left
01-16 01:42:29.535 27862 27862 D Regain  : Timer Update: Instagram - Used 3h 30m today: 04:26 left
01-16 01:42:30.548 27862 27862 D Regain  : Timer Update: Instagram - Used 3h 30m today: 04:25 left
01-16 01:42:31.562 27862 27862 D Regain  : Timer Update: Instagram - Used 3h 30m today: 04:24 left
01-16 01:42:31.715 27862 27862 D Regain  : UsageCheckReceiver: onReceive triggered
01-16 01:42:31.727 27862 28207 D Regain  : Current Foreground App (before screen check): com.instagram.android
01-16 01:42:31.727 27862 28207 D Regain  : Current Foreground App (final): com.instagram.android
01-16 01:42:31.734 27862 28207 D Regain  : Resumed session for com.instagram.android: used=55ms, remaining=299945ms
01-16 01:42:31.743 27862 28207 D Regain  : Notification update: Instagram - Used 3h 30m today | Session time left: 4m
01-16 01:42:32.575 27862 27862 D Regain  : Timer Update: Instagram - Used 3h 30m today: 04:23 left
01-16 01:42:33.592 27862 27862 D Regain  : Timer Update: Instagram - Used 3h 30m today: 04:22 left
01-16 01:42:34.608 27862 27862 D Regain  : Timer Update: Instagram - Used 3h 30m today: 04:21 left
01-16 01:42:35.623 27862 27862 D Regain  : Timer Update: Instagram - Used 3h 30m today: 04:20 left
01-16 01:42:36.635 27862 27862 D Regain  : Timer Update: Instagram - Used 3h 30m today: 04:19 left
01-16 01:42:37.647 27862 27862 D Regain  : Timer Update: Instagram - Used 3h 30m today: 04:18 left
01-16 01:42:37.808 27862 27862 D Regain  : UsageCheckReceiver: onReceive triggered
01-16 01:42:37.819 27862 28207 D Regain  : Current Foreground App (before screen check): com.instagram.android
01-16 01:42:37.819 27862 28207 D Regain  : Current Foreground App (final): com.instagram.android
01-16 01:42:37.827 27862 28207 D Regain  : Resumed session for com.instagram.android: used=61ms, remaining=299939ms
01-16 01:42:37.837 27862 28207 D Regain  : Notification update: Instagram - Used 3h 30m today | Session time left: 4m
01-16 01:42:38.661 27862 27862 D Regain  : Timer Update: Instagram - Used 3h 30m today: 04:17 left
01-16 01:42:39.676 27862 27862 D Regain  : Timer Update: Instagram - Used 3h 30m today: 04:16 left
01-16 01:42:40.695 27862 27862 D Regain  : Timer Update: Instagram - Used 3h 30m today: 04:15 left
01-16 01:42:41.709 27862 27862 D Regain  : Timer Update: Instagram - Used 3h 30m today: 04:14 left
01-16 01:42:42.723 27862 27862 D Regain  : Timer Update: Instagram - Used 3h 30m today: 04:13 left
01-16 01:42:43.736 27862 27862 D Regain  : Timer Update: Instagram - Used 3h 30m today: 04:12 left
01-16 01:42:43.899 27862 27862 D Regain  : UsageCheckReceiver: onReceive triggered
01-16 01:42:43.910 27862 28207 D Regain  : Current Foreground App (before screen check): com.instagram.android
01-16 01:42:43.910 27862 28207 D Regain  : Current Foreground App (final): com.instagram.android
01-16 01:42:43.923 27862 28207 D Regain  : Resumed session for com.instagram.android: used=67ms, remaining=299933ms
01-16 01:42:43.933 27862 28207 D Regain  : Notification update: Instagram - Used 3h 30m today | Session time left: 4m
01-16 01:42:44.747 27862 27862 D Regain  : Timer Update: Instagram - Used 3h 30m today: 04:11 left
01-16 01:42:45.765 27862 27862 D Regain  : Timer Update: Instagram - Used 3h 30m today: 04:10 left
01-16 01:42:46.775 27862 27862 D Regain  : Timer Update: Instagram - Used 3h 30m today: 04:09 left
01-16 01:42:47.788 27862 27862 D Regain  : Timer Update: Instagram - Used 3h 30m today: 04:08 left
01-16 01:42:48.814 27862 27862 D Regain  : Screen locked, pausing visual timer
01-16 01:42:50.134 27862 27862 D Regain  : UsageCheckReceiver: onReceive triggered
01-16 01:42:50.148 27862 28207 D Regain  : Current Foreground App (before screen check): null
01-16 01:42:50.149 27862 28207 D Regain  : Screen is OFF/LOCKED. Pausing current app and stopping monitoring.
01-16 01:42:50.149 27862 28207 D Regain  : Current Foreground App (final): null
01-16 01:42:50.164 27862 28207 D Regain  : Final time update for com.instagram.android before pausing
01-16 01:42:50.173 27862 28207 D Regain  : Paused session for com.instagram.android: 293690ms remaining. Removed from memory.
01-16 01:42:50.174 27862 28207 D Regain  : Timer cancelled
01-16 01:42:57.372 27862 27862 D Regain  : UsageCheckReceiver: onReceive triggered
01-16 01:42:57.386 27862 28207 D Regain  : Current Foreground App (before screen check): null
01-16 01:42:57.387 27862 28207 D Regain  : Current Foreground App (final): null
01-16 01:42:57.387 27862 28207 D Regain  : Timer cancelled
01-16 01:43:04.516 27862 27862 D Regain  : UsageCheckReceiver: onReceive triggered
01-16 01:43:04.525 27862 28207 D Regain  : Current Foreground App (before screen check): com.instagram.android
01-16 01:43:04.525 27862 28207 D Regain  : Current Foreground App (final): com.instagram.android
01-16 01:43:04.536 27862 28207 D Regain  : Resumed session for com.instagram.android: used=6310ms, remaining=293690ms
01-16 01:43:04.544 27862 28207 D Regain  : Notification update: Instagram - Used 3h 30m today | Session time left: 4m
01-16 01:43:04.549 27862 27862 D Regain  : Timer Update: Instagram - Used 3h 30m today: 04:54 left
01-16 01:43:05.562 27862 27862 D Regain  : Timer Update: Instagram - Used 3h 30m today: 04:53 left
01-16 01:43:06.575 27862 27862 D Regain  : Timer Update: Instagram - Used 3h 30m today: 04:52 left
01-16 01:43:07.594 27862 27862 D Regain  : Timer Update: Instagram - Used 3h 30m today: 04:51 left
01-16 01:43:08.612 27862 27862 D Regain  : Timer Update: Instagram - Used 3h 30m today: 04:50 left
01-16 01:43:09.627 27862 27862 D Regain  : Timer Update: Instagram - Used 3h 30m today: 04:49 left
01-16 01:43:10.640 27862 27862 D Regain  : Timer Update: Instagram - Used 3h 30m today: 04:48 left
01-16 01:43:11.618 27862 27862 D Regain  : UsageCheckReceiver: onReceive triggered
01-16 01:43:11.632 27862 28207 D Regain  : Current Foreground App (before screen check): com.instagram.android
01-16 01:43:11.632 27862 28207 D Regain  : Current Foreground App (final): com.instagram.android
01-16 01:43:11.642 27862 28207 D Regain  : Resumed session for com.instagram.android: used=6319ms, remaining=293681ms
01-16 01:43:11.651 27862 27862 D Regain  : Timer Update: Instagram - Used 3h 30m today: 04:47 left
01-16 01:43:11.653 27862 28207 D Regain  : Notification update: Instagram - Used 3h 30m today | Session time left: 4m
01-16 01:43:12.664 27862 27862 D Regain  : Timer Update: Instagram - Used 3h 30m today: 04:46 left
01-16 01:43:13.679 27862 27862 D Regain  : Timer Update: Instagram - Used 3h 30m today: 04:45 left
01-16 01:43:14.694 27862 27862 D Regain  : Timer Update: Instagram - Used 3h 30m today: 04:44 left
01-16 01:43:15.713 27862 27862 D Regain  : Timer Update: Instagram - Used 3h 30m today: 04:43 left
01-16 01:43:16.729 27862 27862 D Regain  : Timer Update: Instagram - Used 3h 30m today: 04:42 left
01-16 01:43:17.744 27862 27862 D Regain  : Timer Update: Instagram - Used 3h 30m today: 04:41 left
01-16 01:43:18.755 27862 27862 D Regain  : Timer Update: Instagram - Used 3h 30m today: 04:40 left
01-16 01:43:18.758 27862 27862 D Regain  : UsageCheckReceiver: onReceive triggered
01-16 01:43:18.772 27862 28207 D Regain  : Current Foreground App (before screen check): com.instagram.android
01-16 01:43:18.772 27862 28207 D Regain  : Current Foreground App (final): com.instagram.android
01-16 01:43:18.780 27862 28207 D Regain  : Resumed session for com.instagram.android: used=6329ms, remaining=293671ms
01-16 01:43:18.794 27862 28207 D Regain  : Notification update: Instagram - Used 3h 30m today | Session time left: 4m
01-16 01:43:19.767 27862 27862 D Regain  : Timer Update: Instagram - Used 3h 30m today: 04:39 left
01-16 01:43:20.784 27862 27862 D Regain  : Timer Update: Instagram - Used 3h 30m today: 04:38 left
01-16 01:43:21.796 27862 27862 D Regain  : Timer Update: Instagram - Used 3h 30m today: 04:37 left
01-16 01:43:22.813 27862 27862 D Regain  : Timer Update: Instagram - Used 3h 30m today: 04:36 left
01-16 01:43:23.829 27862 27862 D Regain  : Timer Update: Instagram - Used 3h 30m today: 04:35 left
01-16 01:43:24.844 27862 27862 D Regain  : Timer Update: Instagram - Used 3h 30m today: 04:34 left
01-16 01:43:25.859 27862 27862 D Regain  : Timer Update: Instagram - Used 3h 30m today: 04:33 left
01-16 01:43:25.887 27862 27862 D Regain  : UsageCheckReceiver: onReceive triggered
01-16 01:43:25.899 27862 28207 D Regain  : Current Foreground App (before screen check): com.instagram.android
01-16 01:43:25.899 27862 28207 D Regain  : Current Foreground App (final): com.instagram.android
01-16 01:43:25.907 27862 28207 D Regain  : Resumed session for com.instagram.android: used=6339ms, remaining=293661ms
01-16 01:43:25.917 27862 28209 D Regain  : Notification update: Instagram - Used 3h 30m today | Session time left: 4m
01-16 01:43:26.872 27862 27862 D Regain  : Timer Update: Instagram - Used 3h 30m today: 04:32 left
01-16 01:43:27.884 27862 27862 D Regain  : Timer Update: Instagram - Used 3h 30m today: 04:31 left
01-16 01:43:28.897 27862 27862 D Regain  : Timer Update: Instagram - Used 3h 30m today: 04:30 left
01-16 01:43:29.911 27862 27862 D Regain  : Timer Update: Instagram - Used 3h 30m today: 04:29 left
01-16 01:43:30.923 27862 27862 D Regain  : Timer Update: Instagram - Used 3h 30m today: 04:28 left
01-16 01:43:31.938 27862 27862 D Regain  : Timer Update: Instagram - Used 3h 30m today: 04:27 left
01-16 01:43:32.956 27862 27862 D Regain  : Timer Update: Instagram - Used 3h 30m today: 04:26 left
01-16 01:43:32.999 27862 27862 D Regain  : UsageCheckReceiver: onReceive triggered
01-16 01:43:33.010 27862 28209 D Regain  : Current Foreground App (before screen check): com.instagram.android
01-16 01:43:33.010 27862 28209 D Regain  : Current Foreground App (final): com.instagram.android
01-16 01:43:33.018 27862 28209 D Regain  : Resumed session for com.instagram.android: used=6345ms, remaining=293655ms
01-16 01:43:33.028 27862 28209 D Regain  : Notification update: Instagram - Used 3h 30m today | Session time left: 4m
01-16 01:43:33.975 27862 27862 D Regain  : Timer Update: Instagram - Used 3h 30m today: 04:25 left
01-16 01:43:34.993 27862 27862 D Regain  : Timer Update: Instagram - Used 3h 30m today: 04:24 left
01-16 01:43:36.005 27862 27862 D Regain  : Timer Update: Instagram - Used 3h 30m today: 04:23 left
01-16 01:43:37.015 27862 27862 D Regain  : Timer Update: Instagram - Used 3h 30m today: 04:22 left
01-16 01:43:38.028 27862 27862 D Regain  : Timer Update: Instagram - Used 3h 30m today: 04:21 left
01-16 01:43:39.041 27862 27862 D Regain  : Timer Update: Instagram - Used 3h 30m today: 04:20 left
01-16 01:43:40.055 27862 27862 D Regain  : Timer Update: Instagram - Used 3h 30m today: 04:19 left
01-16 01:43:40.093 27862 27862 D Regain  : UsageCheckReceiver: onReceive triggered
01-16 01:43:40.104 27862 28209 D Regain  : Current Foreground App (before screen check): com.instagram.android
01-16 01:43:40.105 27862 28209 D Regain  : Current Foreground App (final): com.instagram.android
01-16 01:43:40.113 27862 28209 D Regain  : Resumed session for com.instagram.android: used=6352ms, remaining=293648ms
01-16 01:43:40.124 27862 28209 D Regain  : Notification update: Instagram - Used 3h 30m today | Session time left: 4m
01-16 01:43:41.068 27862 27862 D Regain  : Timer Update: Instagram - Used 3h 30m today: 04:18 left
01-16 01:43:42.080 27862 27862 D Regain  : Timer Update: Instagram - Used 3h 30m today: 04:17 left
01-16 01:43:43.097 27862 27862 D Regain  : Timer Update: Instagram - Used 3h 30m today: 04:16 left
01-16 01:43:44.111 27862 27862 D Regain  : Timer Update: Instagram - Used 3h 30m today: 04:15 left
01-16 01:43:45.123 27862 27862 D Regain  : Timer Update: Instagram - Used 3h 30m today: 04:14 left
01-16 01:43:46.136 27862 27862 D Regain  : Timer Update: Instagram - Used 3h 30m today: 04:13 left
01-16 01:43:47.151 27862 27862 D Regain  : Timer Update: Instagram - Used 3h 30m today: 04:12 left
01-16 01:43:47.216 27862 27862 D Regain  : UsageCheckReceiver: onReceive triggered
01-16 01:43:47.224 27862 28209 D Regain  : Current Foreground App (before screen check): com.instagram.android
01-16 01:43:47.224 27862 28209 D Regain  : Current Foreground App (final): com.instagram.android
01-16 01:43:47.231 27862 28209 D Regain  : Resumed session for com.instagram.android: used=6360ms, remaining=293640ms
01-16 01:43:47.246 27862 28209 D Regain  : Notification update: Instagram - Used 3h 30m today | Session time left: 4m
01-16 01:43:48.165 27862 27862 D Regain  : Timer Update: Instagram - Used 3h 30m today: 04:11 left
01-16 01:43:49.181 27862 27862 D Regain  : Timer Update: Instagram - Used 3h 30m today: 04:10 left
01-16 01:43:50.196 27862 27862 D Regain  : Timer Update: Instagram - Used 3h 30m today: 04:09 left
01-16 01:43:51.213 27862 27862 D Regain  : Timer Update: Instagram - Used 3h 30m today: 04:08 left
01-16 01:43:52.229 27862 27862 D Regain  : Timer Update: Instagram - Used 3h 30m today: 04:07 left
01-16 01:43:53.243 27862 27862 D Regain  : Timer Update: Instagram - Used 3h 30m today: 04:06 left
01-16 01:43:54.255 27862 27862 D Regain  : Timer Update: Instagram - Used 3h 30m today: 04:05 left
01-16 01:43:54.339 27862 27862 D Regain  : UsageCheckReceiver: onReceive triggered
01-16 01:43:54.348 27862 28209 D Regain  : Current Foreground App (before screen check): com.instagram.android
01-16 01:43:54.348 27862 28209 D Regain  : Current Foreground App (final): com.instagram.android
01-16 01:43:54.354 27862 28209 D Regain  : Resumed session for com.instagram.android: used=6367ms, remaining=293633ms
01-16 01:43:54.364 27862 28209 D Regain  : Notification update: Instagram - Used 3h 30m today | Session time left: 4m
01-16 01:43:55.268 27862 27862 D Regain  : Timer Update: Instagram - Used 3h 30m today: 04:04 left
01-16 01:43:56.287 27862 27862 D Regain  : Timer Update: Instagram - Used 3h 30m today: 04:03 left
01-16 01:43:57.305 27862 27862 D Regain  : Timer Update: Instagram - Used 3h 30m today: 04:02 left
01-16 01:43:58.320 27862 27862 D Regain  : Timer Update: Instagram - Used 3h 30m today: 04:01 left
01-16 01:43:59.337 27862 27862 D Regain  : Timer Update: Instagram - Used 3h 30m today: 04:00 left
01-16 01:44:00.359 27862 27862 D Regain  : Timer Update: Instagram - Used 3h 30m today: 03:59 left
01-16 01:44:01.375 27862 27862 D Regain  : Timer Update: Instagram - Used 3h 30m today: 03:58 left
01-16 01:44:01.465 27862 27862 D Regain  : UsageCheckReceiver: onReceive triggered
01-16 01:44:01.475 27862 28209 D Regain  : Current Foreground App (before screen check): com.instagram.android
01-16 01:44:01.475 27862 28209 D Regain  : Current Foreground App (final): com.instagram.android
01-16 01:44:01.485 27862 28209 D Regain  : Resumed session for com.instagram.android: used=6374ms, remaining=293626ms
01-16 01:44:01.498 27862 28209 D Regain  : Notification update: Instagram - Used 3h 30m today | Session time left: 4m
01-16 01:44:02.389 27862 27862 D Regain  : Timer Update: Instagram - Used 3h 30m today: 03:57 left
01-16 01:44:03.406 27862 27862 D Regain  : Timer Update: Instagram - Used 3h 30m today: 03:56 left
01-16 01:44:04.421 27862 27862 D Regain  : Timer Update: Instagram - Used 3h 30m today: 03:55 left
01-16 01:44:05.436 27862 27862 D Regain  : Timer Update: Instagram - Used 3h 30m today: 03:54 left
01-16 01:44:06.452 27862 27862 D Regain  : Timer Update: Instagram - Used 3h 30m today: 03:53 left
01-16 01:44:07.469 27862 27862 D Regain  : Timer Update: Instagram - Used 3h 30m today: 03:52 left
01-16 01:44:08.487 27862 27862 D Regain  : Timer Update: Instagram - Used 3h 30m today: 03:51 left
01-16 01:44:08.634 27862 27862 D Regain  : UsageCheckReceiver: onReceive triggered
01-16 01:44:08.647 27862 28209 D Regain  : Current Foreground App (before screen check): com.instagram.android
01-16 01:44:08.647 27862 28209 D Regain  : Current Foreground App (final): com.instagram.android
01-16 01:44:08.659 27862 28209 D Regain  : Resumed session for com.instagram.android: used=6383ms, remaining=293617ms
01-16 01:44:08.670 27862 28209 D Regain  : Notification update: Instagram - Used 3h 30m today | Session time left: 4m
01-16 01:44:09.501 27862 27862 D Regain  : Timer Update: Instagram - Used 3h 30m today: 03:50 left
01-16 01:44:10.517 27862 27862 D Regain  : Timer Update: Instagram - Used 3h 30m today: 03:49 left
01-16 01:44:11.533 27862 27862 D Regain  : Timer Update: Instagram - Used 3h 30m today: 03:48 left
01-16 01:44:12.548 27862 27862 D Regain  : Timer Update: Instagram - Used 3h 30m today: 03:47 left
01-16 01:44:13.565 27862 27862 D Regain  : Timer Update: Instagram - Used 3h 30m today: 03:46 left
01-16 01:44:14.580 27862 27862 D Regain  : Timer Update: Instagram - Used 3h 30m today: 03:45 left
01-16 01:44:15.593 27862 27862 D Regain  : Timer Update: Instagram - Used 3h 30m today: 03:44 left
01-16 01:44:15.766 27862 27862 D Regain  : UsageCheckReceiver: onReceive triggered
01-16 01:44:15.779 27862 28209 D Regain  : Current Foreground App (before screen check): com.instagram.android
01-16 01:44:15.779 27862 28209 D Regain  : Current Foreground App (final): com.instagram.android
01-16 01:44:15.791 27862 28209 D Regain  : Resumed session for com.instagram.android: used=6393ms, remaining=293607ms
01-16 01:44:15.805 27862 28209 D Regain  : Notification update: Instagram - Used 3h 30m today | Session time left: 4m
01-16 01:44:16.607 27862 27862 D Regain  : Timer Update: Instagram - Used 3h 30m today: 03:43 left
01-16 01:44:17.620 27862 27862 D Regain  : Timer Update: Instagram - Used 3h 30m today: 03:42 left
01-16 01:44:18.637 27862 27862 D Regain  : Timer Update: Instagram - Used 3h 30m today: 03:41 left
01-16 01:44:19.651 27862 27862 D Regain  : Timer Update: Instagram - Used 3h 30m today: 03:40 left
01-16 01:44:20.664 27862 27862 D Regain  : Timer Update: Instagram - Used 3h 30m today: 03:39 left
01-16 01:44:21.681 27862 27862 D Regain  : Timer Update: Instagram - Used 3h 30m today: 03:38 left
01-16 01:44:22.698 27862 27862 D Regain  : Timer Update: Instagram - Used 3h 30m today: 03:37 left
01-16 01:44:23.715 27862 27862 D Regain  : Timer Update: Instagram - Used 3h 30m today: 03:36 left
01-16 01:44:23.920 27862 27862 D Regain  : UsageCheckReceiver: onReceive triggered
01-16 01:44:23.931 27862 28209 D Regain  : Current Foreground App (before screen check): com.android.launcher3
01-16 01:44:23.931 27862 28209 D Regain  : Current Foreground App (final): com.android.launcher3
01-16 01:44:23.941 27862 28209 D Regain  : Final time update for com.instagram.android before pausing
01-16 01:44:23.949 27862 28209 D Regain  : Paused session for com.instagram.android: 285459ms remaining. Removed from memory.
01-16 01:44:23.952 27862 28209 D Regain  : Timer cancelled
01-16 01:44:32.077 27862 27862 D Regain  : UsageCheckReceiver: onReceive triggered
01-16 01:44:32.086 27862 28209 D Regain  : Current Foreground App (before screen check): com.whatsapp
01-16 01:44:32.086 27862 28209 D Regain  : Current Foreground App (final): com.whatsapp
01-16 01:44:33.510 27862 27862 D Regain  : Started session for com.whatsapp: duration=300000ms, remaining=300000ms, state=ACTIVE
01-16 01:44:40.255 27862 27862 D Regain  : UsageCheckReceiver: onReceive triggered
01-16 01:44:40.268 27862 28209 D Regain  : Current Foreground App (before screen check): com.whatsapp
01-16 01:44:40.268 27862 28209 D Regain  : Current Foreground App (final): com.whatsapp
01-16 01:44:40.281 27862 28209 D Regain  : Resumed session for com.whatsapp: used=0ms, remaining=300000ms
01-16 01:44:40.291 27862 28209 D Regain  : Notification update: WhatsApp - Used 22m today | Session time left: 4m
01-16 01:44:40.295 27862 27862 D Regain  : Timer Update: WhatsApp - Used 22m today: 05:00 left
01-16 01:44:41.309 27862 27862 D Regain  : Timer Update: WhatsApp - Used 22m today: 04:59 left
01-16 01:44:42.326 27862 27862 D Regain  : Timer Update: WhatsApp - Used 22m today: 04:58 left
01-16 01:44:43.341 27862 27862 D Regain  : Timer Update: WhatsApp - Used 22m today: 04:57 left
01-16 01:44:44.364 27862 27862 D Regain  : Timer Update: WhatsApp - Used 22m today: 04:56 left
01-16 01:44:45.378 27862 27862 D Regain  : Timer Update: WhatsApp - Used 22m today: 04:55 left
01-16 01:44:46.391 27862 27862 D Regain  : Timer Update: WhatsApp - Used 22m today: 04:54 left
01-16 01:44:47.403 27862 27862 D Regain  : Timer Update: WhatsApp - Used 22m today: 04:53 left
01-16 01:44:48.417 27862 27862 D Regain  : Timer Update: WhatsApp - Used 22m today: 04:52 left
01-16 01:44:48.469 27862 27862 D Regain  : UsageCheckReceiver: onReceive triggered
01-16 01:44:48.489 27862 28209 D Regain  : Current Foreground App (before screen check): com.whatsapp
01-16 01:44:48.489 27862 28209 D Regain  : Current Foreground App (final): com.whatsapp
01-16 01:44:48.500 27862 28209 D Regain  : Resumed session for com.whatsapp: used=11ms, remaining=299989ms
01-16 01:44:48.511 27862 28209 D Regain  : Notification update: WhatsApp - Used 22m today | Session time left: 4m
01-16 01:44:49.431 27862 27862 D Regain  : Timer Update: WhatsApp - Used 22m today: 04:51 left
01-16 01:44:50.443 27862 27862 D Regain  : Timer Update: WhatsApp - Used 22m today: 04:50 left
01-16 01:44:51.459 27862 27862 D Regain  : Timer Update: WhatsApp - Used 22m today: 04:49 left
01-16 01:44:52.472 27862 27862 D Regain  : Timer Update: WhatsApp - Used 22m today: 04:48 left
01-16 01:44:53.488 27862 27862 D Regain  : Timer Update: WhatsApp - Used 22m today: 04:47 left
01-16 01:44:54.500 27862 27862 D Regain  : Timer Update: WhatsApp - Used 22m today: 04:46 left
01-16 01:44:55.518 27862 27862 D Regain  : Timer Update: WhatsApp - Used 22m today: 04:45 left
01-16 01:44:56.533 27862 27862 D Regain  : Timer Update: WhatsApp - Used 22m today: 04:44 left
01-16 01:44:56.684 27862 27862 D Regain  : UsageCheckReceiver: onReceive triggered
01-16 01:44:56.694 27862 28209 D Regain  : Current Foreground App (before screen check): com.whatsapp
01-16 01:44:56.694 27862 28209 D Regain  : Current Foreground App (final): com.whatsapp
01-16 01:44:56.702 27862 28209 D Regain  : Resumed session for com.whatsapp: used=20ms, remaining=299980ms
01-16 01:44:56.713 27862 28209 D Regain  : Notification update: WhatsApp - Used 22m today | Session time left: 4m
01-16 01:44:57.549 27862 27862 D Regain  : Timer Update: WhatsApp - Used 22m today: 04:43 left
01-16 01:44:58.568 27862 27862 D Regain  : Timer Update: WhatsApp - Used 22m today: 04:42 left
01-16 01:44:59.588 27862 27862 D Regain  : Timer Update: WhatsApp - Used 22m today: 04:41 left
01-16 01:45:00.605 27862 27862 D Regain  : Timer Update: WhatsApp - Used 22m today: 04:40 left
01-16 01:45:01.622 27862 27862 D Regain  : Timer Update: WhatsApp - Used 22m today: 04:39 left
01-16 01:45:02.642 27862 27862 D Regain  : Timer Update: WhatsApp - Used 22m today: 04:38 left
01-16 01:45:03.663 27862 27862 D Regain  : Timer Update: WhatsApp - Used 22m today: 04:37 left
01-16 01:45:04.681 27862 27862 D Regain  : Timer Update: WhatsApp - Used 22m today: 04:36 left
01-16 01:45:04.918 27862 27862 D Regain  : UsageCheckReceiver: onReceive triggered
01-16 01:45:04.930 27862 28209 D Regain  : Current Foreground App (before screen check): com.whatsapp
01-16 01:45:04.930 27862 28209 D Regain  : Current Foreground App (final): com.whatsapp
01-16 01:45:04.937 27862 28209 D Regain  : Resumed session for com.whatsapp: used=28ms, remaining=299972ms
01-16 01:45:04.946 27862 28209 D Regain  : Notification update: WhatsApp - Used 22m today | Session time left: 4m
01-16 01:45:05.697 27862 27862 D Regain  : Timer Update: WhatsApp - Used 22m today: 04:35 left
01-16 01:45:06.711 27862 27862 D Regain  : Timer Update: WhatsApp - Used 22m today: 04:34 left
01-16 01:45:07.725 27862 27862 D Regain  : Timer Update: WhatsApp - Used 22m today: 04:33 left
01-16 01:45:08.742 27862 27862 D Regain  : Timer Update: WhatsApp - Used 22m today: 04:32 left
01-16 01:45:09.757 27862 27862 D Regain  : Timer Update: WhatsApp - Used 22m today: 04:31 left
01-16 01:45:10.771 27862 27862 D Regain  : Timer Update: WhatsApp - Used 22m today: 04:30 left
01-16 01:45:11.783 27862 27862 D Regain  : Timer Update: WhatsApp - Used 22m today: 04:29 left
01-16 01:45:12.797 27862 27862 D Regain  : Timer Update: WhatsApp - Used 22m today: 04:28 left
01-16 01:45:13.104 27862 27862 D Regain  : UsageCheckReceiver: onReceive triggered
01-16 01:45:13.116 27862 28209 D Regain  : Current Foreground App (before screen check): com.android.launcher3
01-16 01:45:13.117 27862 28209 D Regain  : Current Foreground App (final): com.android.launcher3
01-16 01:45:13.130 27862 28209 D Regain  : Final time update for com.whatsapp before pausing
01-16 01:45:13.136 27862 28209 D Regain  : Paused session for com.whatsapp: 291784ms remaining. Removed from memory.
01-16 01:45:13.140 27862 28209 D Regain  : Timer cancelled
01-16 01:45:21.285 27862 27862 D Regain  : UsageCheckReceiver: onReceive triggered
01-16 01:45:21.300 27862 28209 D Regain  : Current Foreground App (before screen check): com.instagram.android
01-16 01:45:21.300 27862 28209 D Regain  : Current Foreground App (final): com.instagram.android
01-16 01:45:21.313 27862 28209 D Regain  : Resumed session for com.instagram.android: used=14541ms, remaining=285459ms
01-16 01:45:21.321 27862 28209 D Regain  : Notification update: Instagram - Used 3h 30m today | Session time left: 4m
01-16 01:45:21.324 27862 27862 D Regain  : User on Home Screen, pausing timer visual
01-16 01:45:29.414 27862 27862 D Regain  : UsageCheckReceiver: onReceive triggered
01-16 01:45:29.426 27862 28209 D Regain  : Current Foreground App (before screen check): com.instagram.android
01-16 01:45:29.426 27862 28209 D Regain  : Current Foreground App (final): com.instagram.android
01-16 01:45:29.434 27862 28209 D Regain  : Resumed session for com.instagram.android: used=14551ms, remaining=285449ms
01-16 01:45:29.442 27862 28209 D Regain  : Notification update: Instagram - Used 3h 30m today | Session time left: 4m
01-16 01:45:29.446 27862 27862 D Regain  : Timer Update: Instagram - Used 3h 30m today: 04:46 left
01-16 01:45:30.459 27862 27862 D Regain  : Timer Update: Instagram - Used 3h 30m today: 04:45 left
01-16 01:45:31.472 27862 27862 D Regain  : Timer Update: Instagram - Used 3h 30m today: 04:44 left
01-16 01:45:32.483 27862 27862 D Regain  : Timer Update: Instagram - Used 3h 30m today: 04:43 left
01-16 01:45:33.496 27862 27862 D Regain  : Timer Update: Instagram - Used 3h 30m today: 04:42 left
01-16 01:45:34.513 27862 27862 D Regain  : Timer Update: Instagram - Used 3h 30m today: 04:41 left
01-16 01:45:35.529 27862 27862 D Regain  : Timer Update: Instagram - Used 3h 30m today: 04:40 left
01-16 01:45:36.544 27862 27862 D Regain  : Timer Update: Instagram - Used 3h 30m today: 04:39 left
01-16 01:45:37.516 27862 27862 D Regain  : UsageCheckReceiver: onReceive triggered
01-16 01:45:37.528 27862 28209 D Regain  : Current Foreground App (before screen check): com.instagram.android
01-16 01:45:37.528 27862 28209 D Regain  : Current Foreground App (final): com.instagram.android
01-16 01:45:37.536 27862 28209 D Regain  : Resumed session for com.instagram.android: used=14557ms, remaining=285443ms
01-16 01:45:37.546 27862 28209 D Regain  : Notification update: Instagram - Used 3h 30m today | Session time left: 4m
01-16 01:45:37.555 27862 27862 D Regain  : Timer Update: Instagram - Used 3h 30m today: 04:38 left
01-16 01:45:38.568 27862 27862 D Regain  : Timer Update: Instagram - Used 3h 30m today: 04:37 left
01-16 01:45:39.583 27862 27862 D Regain  : Timer Update: Instagram - Used 3h 30m today: 04:36 left
01-16 01:45:40.595 27862 27862 D Regain  : Timer Update: Instagram - Used 3h 30m today: 04:35 left
01-16 01:45:41.608 27862 27862 D Regain  : Timer Update: Instagram - Used 3h 30m today: 04:34 left
01-16 01:45:42.619 27862 27862 D Regain  : Timer Update: Instagram - Used 3h 30m today: 04:33 left
01-16 01:45:43.633 27862 27862 D Regain  : Timer Update: Instagram - Used 3h 30m today: 04:32 left
01-16 01:45:44.648 27862 27862 D Regain  : Timer Update: Instagram - Used 3h 30m today: 04:31 left
01-16 01:45:45.622 27862 27862 D Regain  : UsageCheckReceiver: onReceive triggered
01-16 01:45:45.634 27862 28209 D Regain  : Current Foreground App (before screen check): com.instagram.android
01-16 01:45:45.634 27862 28209 D Regain  : Current Foreground App (final): com.instagram.android
01-16 01:45:45.642 27862 28209 D Regain  : Resumed session for com.instagram.android: used=14565ms, remaining=285435ms
01-16 01:45:45.653 27862 28209 D Regain  : Notification update: Instagram - Used 3h 30m today | Session time left: 4m
01-16 01:45:45.663 27862 27862 D Regain  : Timer Update: Instagram - Used 3h 30m today: 04:30 left
01-16 01:45:46.675 27862 27862 D Regain  : Timer Update: Instagram - Used 3h 30m today: 04:29 left
01-16 01:45:47.696 27862 27862 D Regain  : Timer Update: Instagram - Used 3h 30m today: 04:28 left
01-16 01:45:48.707 27862 27862 D Regain  : Timer Update: Instagram - Used 3h 30m today: 04:27 left
01-16 01:45:49.720 27862 27862 D Regain  : Timer Update: Instagram - Used 3h 30m today: 04:26 left
01-16 01:45:50.731 27862 27862 D Regain  : Timer Update: Instagram - Used 3h 30m today: 04:25 left
01-16 01:45:51.744 27862 27862 D Regain  : Timer Update: Instagram - Used 3h 30m today: 04:24 left
01-16 01:45:52.759 27862 27862 D Regain  : Timer Update: Instagram - Used 3h 30m today: 04:23 left
01-16 01:45:53.772 27862 27862 D Regain  : Timer Update: Instagram - Used 3h 30m today: 04:22 left
01-16 01:45:53.777 27862 27862 D Regain  : UsageCheckReceiver: onReceive triggered
01-16 01:45:53.787 27862 28209 D Regain  : Current Foreground App (before screen check): com.instagram.android
01-16 01:45:53.788 27862 28209 D Regain  : Current Foreground App (final): com.instagram.android
01-16 01:45:53.794 27862 28209 D Regain  : Resumed session for com.instagram.android: used=14572ms, remaining=285428ms
01-16 01:45:53.803 27862 28209 D Regain  : Notification update: Instagram - Used 3h 30m today | Session time left: 4m
01-16 01:45:54.785 27862 27862 D Regain  : Timer Update: Instagram - Used 3h 30m today: 04:21 left
01-16 01:45:55.806 27862 27862 D Regain  : Timer Update: Instagram - Used 3h 30m today: 04:20 left
01-16 01:45:56.820 27862 27862 D Regain  : Timer Update: Instagram - Used 3h 30m today: 04:19 left
01-16 01:45:57.837 27862 27862 D Regain  : Timer Update: Instagram - Used 3h 30m today: 04:18 left
01-16 01:45:58.855 27862 27862 D Regain  : Timer Update: Instagram - Used 3h 30m today: 04:17 left
01-16 01:45:59.881 27862 27862 D Regain  : Timer Update: Instagram - Used 3h 30m today: 04:16 left
01-16 01:46:00.895 27862 27862 D Regain  : Timer Update: Instagram - Used 3h 30m today: 04:15 left
01-16 01:46:01.911 27862 27862 D Regain  : Timer Update: Instagram - Used 3h 30m today: 04:14 left
01-16 01:46:01.917 27862 27862 D Regain  : UsageCheckReceiver: onReceive triggered
01-16 01:46:01.930 27862 28209 D Regain  : Current Foreground App (before screen check): com.instagram.android
01-16 01:46:01.930 27862 28209 D Regain  : Current Foreground App (final): com.instagram.android
01-16 01:46:01.938 27862 28209 D Regain  : Resumed session for com.instagram.android: used=14578ms, remaining=285422ms
01-16 01:46:01.948 27862 28209 D Regain  : Notification update: Instagram - Used 3h 30m today | Session time left: 4m
01-16 01:46:02.924 27862 27862 D Regain  : Timer Update: Instagram - Used 3h 30m today: 04:13 left
01-16 01:46:03.947 27862 27862 D Regain  : Timer Update: Instagram - Used 3h 30m today: 04:12 left
01-16 01:46:04.971 27862 27862 D Regain  : Timer Update: Instagram - Used 3h 30m today: 04:11 left
01-16 01:46:05.991 27862 27862 D Regain  : Timer Update: Instagram - Used 3h 30m today: 04:10 left
01-16 01:46:07.003 27862 27862 D Regain  : Timer Update: Instagram - Used 3h 30m today: 04:09 left
01-16 01:46:08.015 27862 27862 D Regain  : Timer Update: Instagram - Used 3h 30m today: 04:08 left
01-16 01:46:09.028 27862 27862 D Regain  : Timer Update: Instagram - Used 3h 30m today: 04:07 left
01-16 01:46:10.045 27862 27862 D Regain  : Timer Update: Instagram - Used 3h 30m today: 04:06 left
01-16 01:46:10.071 27862 27862 D Regain  : UsageCheckReceiver: onReceive triggered
01-16 01:46:10.081 27862 28209 D Regain  : Current Foreground App (before screen check): com.instagram.android
01-16 01:46:10.081 27862 28209 D Regain  : Current Foreground App (final): com.instagram.android
01-16 01:46:10.092 27862 28209 D Regain  : Resumed session for com.instagram.android: used=14585ms, remaining=285415ms
01-16 01:46:10.116 27862 28209 D Regain  : Notification update: Instagram - Used 3h 30m today | Session time left: 4m
01-16 01:46:11.060 27862 27862 D Regain  : Timer Update: Instagram - Used 3h 30m today: 04:05 left
01-16 01:46:12.076 27862 27862 D Regain  : Timer Update: Instagram - Used 3h 30m today: 04:04 left
01-16 01:46:13.091 27862 27862 D Regain  : Timer Update: Instagram - Used 3h 30m today: 04:03 left
01-16 01:46:14.105 27862 27862 D Regain  : Timer Update: Instagram - Used 3h 30m today: 04:02 left
01-16 01:46:15.119 27862 27862 D Regain  : Timer Update: Instagram - Used 3h 30m today: 04:01 left
01-16 01:46:16.132 27862 27862 D Regain  : Timer Update: Instagram - Used 3h 30m today: 04:00 left
01-16 01:46:17.145 27862 27862 D Regain  : Timer Update: Instagram - Used 3h 30m today: 03:59 left
01-16 01:46:18.160 27862 27862 D Regain  : Timer Update: Instagram - Used 3h 30m today: 03:58 left
01-16 01:46:18.189 27862 27862 D Regain  : UsageCheckReceiver: onReceive triggered
01-16 01:46:18.203 27862 28209 D Regain  : Current Foreground App (before screen check): com.instagram.android
01-16 01:46:18.203 27862 28209 D Regain  : Current Foreground App (final): com.instagram.android
01-16 01:46:18.213 27862 28209 D Regain  : Resumed session for com.instagram.android: used=14599ms, remaining=285401ms
01-16 01:46:18.229 27862 28209 D Regain  : Notification update: Instagram - Used 3h 30m today | Session time left: 4m
01-16 01:46:19.176 27862 27862 D Regain  : Timer Update: Instagram - Used 3h 30m today: 03:57 left
01-16 01:46:20.192 27862 27862 D Regain  : Timer Update: Instagram - Used 3h 30m today: 03:56 left
01-16 01:46:21.204 27862 27862 D Regain  : Timer Update: Instagram - Used 3h 30m today: 03:55 left
01-16 01:46:22.216 27862 27862 D Regain  : Timer Update: Instagram - Used 3h 30m today: 03:54 left
01-16 01:46:23.227 27862 27862 D Regain  : Timer Update: Instagram - Used 3h 30m today: 03:53 left
01-16 01:46:24.241 27862 27862 D Regain  : Timer Update: Instagram - Used 3h 30m today: 03:52 left
01-16 01:46:25.255 27862 27862 D Regain  : Timer Update: Instagram - Used 3h 30m today: 03:51 left
01-16 01:46:26.267 27862 27862 D Regain  : Timer Update: Instagram - Used 3h 30m today: 03:50 left
01-16 01:46:26.311 27862 27862 D Regain  : UsageCheckReceiver: onReceive triggered
01-16 01:46:26.323 27862 28209 D Regain  : Current Foreground App (before screen check): com.instagram.android
01-16 01:46:26.323 27862 28209 D Regain  : Current Foreground App (final): com.instagram.android
01-16 01:46:26.331 27862 28209 D Regain  : Resumed session for com.instagram.android: used=14607ms, remaining=285393ms
01-16 01:46:26.342 27862 28209 D Regain  : Notification update: Instagram - Used 3h 30m today | Session time left: 4m
01-16 01:46:27.280 27862 27862 D Regain  : Timer Update: Instagram - Used 3h 30m today: 03:49 left
01-16 01:46:28.296 27862 27862 D Regain  : Timer Update: Instagram - Used 3h 30m today: 03:48 left
01-16 01:46:29.311 27862 27862 D Regain  : Timer Update: Instagram - Used 3h 30m today: 03:47 left
01-16 01:46:30.324 27862 27862 D Regain  : Timer Update: Instagram - Used 3h 30m today: 03:46 left
01-16 01:46:31.342 27862 27862 D Regain  : Timer Update: Instagram - Used 3h 30m today: 03:45 left
01-16 01:46:32.356 27862 27862 D Regain  : Timer Update: Instagram - Used 3h 30m today: 03:44 left
01-16 01:46:33.372 27862 27862 D Regain  : Timer Update: Instagram - Used 3h 30m today: 03:43 left
01-16 01:46:34.388 27862 27862 D Regain  : Timer Update: Instagram - Used 3h 30m today: 03:42 left
01-16 01:46:34.399 27862 27862 D Regain  : UsageCheckReceiver: onReceive triggered
01-16 01:46:34.413 27862 28209 D Regain  : Current Foreground App (before screen check): com.instagram.android
01-16 01:46:34.413 27862 28209 D Regain  : Current Foreground App (final): com.instagram.android
01-16 01:46:34.422 27862 28209 D Regain  : Resumed session for com.instagram.android: used=14613ms, remaining=285387ms
01-16 01:46:34.438 27862 28207 D Regain  : Notification update: Instagram - Used 3h 30m today | Session time left: 4m
01-16 01:46:35.409 27862 27862 D Regain  : Timer Update: Instagram - Used 3h 30m today: 03:41 left
01-16 01:46:36.437 27862 27862 D Regain  : Timer Update: Instagram - Used 3h 30m today: 03:40 left
01-16 01:46:37.456 27862 27862 D Regain  : Timer Update: Instagram - Used 3h 30m today: 03:39 left
01-16 01:46:38.471 27862 27862 D Regain  : Timer Update: Instagram - Used 3h 30m today: 03:38 left
01-16 01:46:39.484 27862 27862 D Regain  : Timer Update: Instagram - Used 3h 30m today: 03:37 left
01-16 01:46:40.499 27862 27862 D Regain  : Timer Update: Instagram - Used 3h 30m today: 03:36 left
01-16 01:46:41.513 27862 27862 D Regain  : Timer Update: Instagram - Used 3h 30m today: 03:35 left
01-16 01:46:42.524 27862 27862 D Regain  : Timer Update: Instagram - Used 3h 30m today: 03:34 left
01-16 01:46:42.545 27862 27862 D Regain  : UsageCheckReceiver: onReceive triggered
01-16 01:46:42.556 27862 28207 D Regain  : Current Foreground App (before screen check): com.instagram.android
01-16 01:46:42.556 27862 28207 D Regain  : Current Foreground App (final): com.instagram.android
01-16 01:46:42.569 27862 28207 D Regain  : Resumed session for com.instagram.android: used=14626ms, remaining=285374ms
01-16 01:46:42.581 27862 28207 D Regain  : Notification update: Instagram - Used 3h 30m today | Session time left: 4m
01-16 01:46:43.540 27862 27862 D Regain  : Timer Update: Instagram - Used 3h 30m today: 03:33 left
01-16 01:46:44.557 27862 27862 D Regain  : Timer Update: Instagram - Used 3h 30m today: 03:32 left
01-16 01:46:45.589 27862 27862 D Regain  : Timer Update: Instagram - Used 3h 30m today: 03:31 left
01-16 01:46:46.601 27862 27862 D Regain  : Timer Update: Instagram - Used 3h 30m today: 03:30 left
01-16 01:46:47.616 27862 27862 D Regain  : User on Home Screen, pausing timer visual
01-16 01:46:51.825 27862 27862 D Regain  : UsageCheckReceiver: onReceive triggered
01-16 01:46:51.836 27862 28207 D Regain  : Current Foreground App (before screen check): com.whatsapp
01-16 01:46:51.836 27862 28207 D Regain  : Current Foreground App (final): com.whatsapp
01-16 01:46:51.848 27862 28207 D Regain  : Final time update for com.instagram.android before pausing
01-16 01:46:51.856 27862 28207 D Regain  : Paused session for com.instagram.android: 276097ms remaining. Removed from memory.
01-16 01:46:51.864 27862 28207 D Regain  : Resumed session for com.whatsapp: used=8216ms, remaining=291784ms
01-16 01:46:51.872 27862 28207 D Regain  : Notification update: WhatsApp - Used 22m today | Session time left: 4m
01-16 01:46:51.876 27862 27862 D Regain  : Timer Update: WhatsApp - Used 22m today: 04:52 left
01-16 01:46:52.893 27862 27862 D Regain  : Timer Update: WhatsApp - Used 22m today: 04:51 left
01-16 01:46:53.911 27862 27862 D Regain  : Timer Update: WhatsApp - Used 22m today: 04:50 left
01-16 01:46:54.923 27862 27862 D Regain  : Timer Update: WhatsApp - Used 22m today: 04:49 left
01-16 01:46:55.936 27862 27862 D Regain  : Timer Update: WhatsApp - Used 22m today: 04:48 left
01-16 01:46:56.952 27862 27862 D Regain  : Timer Update: WhatsApp - Used 22m today: 04:47 left
01-16 01:46:57.963 27862 27862 D Regain  : Timer Update: WhatsApp - Used 22m today: 04:46 left
01-16 01:46:58.975 27862 27862 D Regain  : Timer Update: WhatsApp - Used 22m today: 04:45 left
01-16 01:46:59.990 27862 27862 D Regain  : Timer Update: WhatsApp - Used 22m today: 04:44 left
01-16 01:47:01.008 27862 27862 D Regain  : Timer Update: WhatsApp - Used 22m today: 04:43 left
01-16 01:47:01.037 27862 27862 D Regain  : UsageCheckReceiver: onReceive triggered
01-16 01:47:01.053 27862 28207 D Regain  : Current Foreground App (before screen check): com.whatsapp
01-16 01:47:01.053 27862 28207 D Regain  : Current Foreground App (final): com.whatsapp
01-16 01:47:01.062 27862 28207 D Regain  : Resumed session for com.whatsapp: used=8224ms, remaining=291776ms
01-16 01:47:01.071 27862 28207 D Regain  : Notification update: WhatsApp - Used 22m today | Session time left: 4m
