01-16 02:15:16.758 23690 23904 D Regain  : Current Foreground App (before screen check): com.instagram.android
01-16 02:15:16.758 23690 23904 D Regain  : Current Foreground App (final): com.instagram.android
01-16 02:15:16.776 23690 23904 D Regain  : Notification update: Instagram - Used 3h 49m today | Session time left: 0m
01-16 02:15:17.611 23690 23690 D Regain  : Timer Update: Instagram - Used 3h 47m today: 00:18 left
01-16 02:15:18.628 23690 23690 D Regain  : Timer Update: Instagram - Used 3h 47m today: 00:17 left
01-16 02:15:19.644 23690 23690 D Regain  : Timer Update: Instagram - Used 3h 47m today: 00:16 left
01-16 02:15:20.660 23690 23690 D Regain  : Timer Update: Instagram - Used 3h 47m today: 00:15 left
01-16 02:15:21.675 23690 23690 D Regain  : Timer Update: Instagram - Used 3h 47m today: 00:14 left
01-16 02:15:21.788 23690 23690 D Regain  : UsageCheckReceiver: onReceive triggered
01-16 02:15:21.803 23690 23904 D Regain  : Current Foreground App (before screen check): com.instagram.android
01-16 02:15:21.803 23690 23904 D Regain  : Current Foreground App (final): com.instagram.android
01-16 02:15:21.821 23690 23904 D Regain  : Notification update: Instagram - Used 3h 49m today | Session time left: 0m
01-16 02:15:22.687 23690 23690 D Regain  : Timer Update: Instagram - Used 3h 47m today: 00:13 left
01-16 02:15:23.703 23690 23690 D Regain  : Timer Update: Instagram - Used 3h 47m today: 00:12 left
01-16 02:15:24.718 23690 23690 D Regain  : Timer Update: Instagram - Used 3h 47m today: 00:11 left
01-16 02:15:25.732 23690 23690 D Regain  : Timer Update: Instagram - Used 3h 47m today: 00:10 left
01-16 02:15:26.748 23690 23690 D Regain  : Timer Update: Instagram - Used 3h 47m today: 00:09 left
01-16 02:15:26.832 23690 23690 D Regain  : UsageCheckReceiver: onReceive triggered
01-16 02:15:26.842 23690 23904 D Regain  : Current Foreground App (before screen check): com.instagram.android
01-16 02:15:26.842 23690 23904 D Regain  : Current Foreground App (final): com.instagram.android
01-16 02:15:26.858 23690 23904 D Regain  : Notification update: Instagram - Used 3h 50m today | Session time left: 0m
01-16 02:15:27.764 23690 23690 D Regain  : Timer Update: Instagram - Used 3h 47m today: 00:08 left
01-16 02:15:28.779 23690 23690 D Regain  : Timer Update: Instagram - Used 3h 47m today: 00:07 left
01-16 02:15:29.791 23690 23690 D Regain  : Timer Update: Instagram - Used 3h 47m today: 00:06 left
01-16 02:15:30.803 23690 23690 D Regain  : Timer Update: Instagram - Used 3h 47m today: 00:05 left
01-16 02:15:31.815 23690 23690 D Regain  : Timer Update: Instagram - Used 3h 47m today: 00:04 left
01-16 02:15:31.875 23690 23690 D Regain  : UsageCheckReceiver: onReceive triggered
01-16 02:15:31.893 23690 23904 D Regain  : Current Foreground App (before screen check): com.instagram.android
01-16 02:15:31.893 23690 23904 D Regain  : Current Foreground App (final): com.instagram.android
01-16 02:15:31.909 23690 23904 D Regain  : Notification update: Instagram - Used 3h 50m today | Session time left: 0m
01-16 02:15:32.827 23690 23690 D Regain  : Timer Update: Instagram - Used 3h 47m today: 00:03 left
01-16 02:15:33.843 23690 23690 D Regain  : Timer Update: Instagram - Used 3h 47m today: 00:02 left
01-16 02:15:34.859 23690 23690 D Regain  : Timer Update: Instagram - Used 3h 47m today: 00:01 left
01-16 02:15:35.869 23690 23690 D Regain  : Timer Finished locally
01-16 02:15:36.921 23690 23690 D Regain  : UsageCheckReceiver: onReceive triggered
01-16 02:15:36.935 23690 23904 D Regain  : Current Foreground App (before screen check): com.instagram.android
01-16 02:15:36.935 23690 23904 D Regain  : Current Foreground App (final): com.instagram.android
01-16 02:15:36.953 23690 23904 D Regain  : Notification update: Instagram - Used 3h 50m today | Session time left: 0m
01-16 02:15:36.954 23690 23690 D Regain  : Timer Finished locally
01-16 02:15:36.959 23690 23904 D Regain  : Ended session for com.instagram.android (remainingTime set to 0, state -> BLOCKED)
01-16 02:15:42.601 23690 23690 D Regain  : UsageCheckReceiver: onReceive triggered
01-16 02:15:42.614 23690 23904 D Regain  : Current Foreground App (before screen check): com.example.regainassignment
01-16 02:15:42.614 23690 23904 D Regain  : Current Foreground App (final): com.example.regainassignment
01-16 02:15:42.621 23690 23904 D Regain  : Reset com.instagram.android from BLOCKED to IDLE
01-16 02:15:42.625 23690 23904 D Regain  : Timer cancelled
01-16 02:15:47.736 23690 23690 D Regain  : UsageCheckReceiver: onReceive triggered
01-16 02:15:47.749 23690 23904 D Regain  : Current Foreground App (before screen check): com.instagram.android
01-16 02:15:47.750 23690 23904 D Regain  : Current Foreground App (final): com.instagram.android
01-16 02:15:47.773 23690 23904 D Regain  : Notification update: Instagram - Used 3h 50m today | Session time left: 9m
01-16 02:15:47.779 23690 23690 D Regain  : Timer Update: Instagram - Used 3h 50m today: 09:56 left
01-16 02:15:48.799 23690 23690 D Regain  : Timer Update: Instagram - Used 3h 50m today: 09:55 left
01-16 02:15:49.811 23690 23690 D Regain  : Timer Update: Instagram - Used 3h 50m today: 09:54 left
01-16 02:15:50.823 23690 23690 D Regain  : Timer Update: Instagram - Used 3h 50m today: 09:53 left
01-16 02:15:51.839 23690 23690 D Regain  : Timer Update: Instagram - Used 3h 50m today: 09:52 left
01-16 02:15:52.817 23690 23690 D Regain  : UsageCheckReceiver: onReceive triggered
01-16 02:15:52.828 23690 23904 D Regain  : Current Foreground App (before screen check): com.instagram.android
01-16 02:15:52.829 23690 23904 D Regain  : Current Foreground App (final): com.instagram.android
01-16 02:15:52.849 23690 23904 D Regain  : Notification update: Instagram - Used 3h 50m today | Session time left: 9m
01-16 02:15:52.852 23690 23690 D Regain  : Timer Update: Instagram - Used 3h 50m today: 09:51 left
01-16 02:15:53.869 23690 23690 D Regain  : Timer Update: Instagram - Used 3h 50m today: 09:50 left
01-16 02:15:54.883 23690 23690 D Regain  : Timer Update: Instagram - Used 3h 50m today: 09:49 left
01-16 02:15:55.895 23690 23690 D Regain  : Timer Update: Instagram - Used 3h 50m today: 09:48 left
01-16 02:15:56.908 23690 23690 D Regain  : Timer Update: Instagram - Used 3h 50m today: 09:47 left
01-16 02:15:57.896 23690 23690 D Regain  : UsageCheckReceiver: onReceive triggered
01-16 02:15:57.908 23690 23904 D Regain  : Current Foreground App (before screen check): com.instagram.android
01-16 02:15:57.908 23690 23904 D Regain  : Current Foreground App (final): com.instagram.android
01-16 02:15:57.924 23690 23690 D Regain  : Timer Update: Instagram - Used 3h 50m today: 09:46 left
01-16 02:15:57.925 23690 23904 D Regain  : Notification update: Instagram - Used 3h 50m today | Session time left: 9m
01-16 02:15:58.939 23690 23690 D Regain  : Timer Update: Instagram - Used 3h 50m today: 09:45 left
01-16 02:15:59.955 23690 23690 D Regain  : Timer Update: Instagram - Used 3h 50m today: 09:44 left
01-16 02:16:00.973 23690 23690 D Regain  : Timer Update: Instagram - Used 3h 50m today: 09:43 left
01-16 02:16:01.987 23690 23690 D Regain  : Timer Update: Instagram - Used 3h 50m today: 09:42 left
01-16 02:16:02.976 23690 23690 D Regain  : UsageCheckReceiver: onReceive triggered
01-16 02:16:02.988 23690 23904 D Regain  : Current Foreground App (before screen check): com.instagram.android
01-16 02:16:02.988 23690 23904 D Regain  : Current Foreground App (final): com.instagram.android
01-16 02:16:03.001 23690 23690 D Regain  : Timer Update: Instagram - Used 3h 50m today: 09:41 left
01-16 02:16:03.004 23690 23904 D Regain  : Notification update: Instagram - Used 3h 50m today | Session time left: 9m
01-16 02:16:04.015 23690 23690 D Regain  : Timer Update: Instagram - Used 3h 50m today: 09:40 left
01-16 02:16:05.031 23690 23690 D Regain  : Timer Update: Instagram - Used 3h 50m today: 09:39 left
01-16 02:16:06.043 23690 23690 D Regain  : Timer Update: Instagram - Used 3h 50m today: 09:38 left
01-16 02:16:07.055 23690 23690 D Regain  : Timer Update: Instagram - Used 3h 50m today: 09:37 left
01-16 02:16:08.060 23690 23690 D Regain  : UsageCheckReceiver: onReceive triggered
01-16 02:16:08.064 23690 23690 D Regain  : Timer Update: Instagram - Used 3h 50m today: 09:36 left
01-16 02:16:08.073 23690 23904 D Regain  : Current Foreground App (before screen check): com.instagram.android
01-16 02:16:08.074 23690 23904 D Regain  : Current Foreground App (final): com.instagram.android
01-16 02:16:08.091 23690 23904 D Regain  : Notification update: Instagram - Used 3h 50m today | Session time left: 9m
01-16 02:16:09.083 23690 23690 D Regain  : Timer Update: Instagram - Used 3h 50m today: 09:35 left
01-16 02:16:10.100 23690 23690 D Regain  : Timer Update: Instagram - Used 3h 50m today: 09:34 left
01-16 02:16:11.114 23690 23690 D Regain  : Timer Update: Instagram - Used 3h 50m today: 09:33 left
01-16 02:16:12.127 23690 23690 D Regain  : Timer Update: Instagram - Used 3h 50m today: 09:32 left
01-16 02:16:13.150 23690 23690 D Regain  : Timer Update: Instagram - Used 3h 50m today: 09:31 left
01-16 02:16:13.156 23690 23690 D Regain  : UsageCheckReceiver: onReceive triggered
01-16 02:16:13.169 23690 23904 D Regain  : Current Foreground App (before screen check): com.instagram.android
01-16 02:16:13.169 23690 23904 D Regain  : Current Foreground App (final): com.instagram.android
01-16 02:16:13.181 23690 23904 D Regain  : Notification update: Instagram - Used 3h 50m today | Session time left: 9m
01-16 02:16:14.163 23690 23690 D Regain  : Timer Update: Instagram - Used 3h 50m today: 09:30 left
01-16 02:16:15.179 23690 23690 D Regain  : Timer Update: Instagram - Used 3h 50m today: 09:29 left
01-16 02:16:16.193 23690 23690 D Regain  : Timer Update: Instagram - Used 3h 50m today: 09:28 left
01-16 02:16:17.209 23690 23690 D Regain  : Timer Update: Instagram - Used 3h 50m today: 09:27 left
01-16 02:16:18.224 23690 23690 D Regain  : Timer Update: Instagram - Used 3h 50m today: 09:26 left
01-16 02:16:18.246 23690 23690 D Regain  : UsageCheckReceiver: onReceive triggered
01-16 02:16:18.265 23690 23904 D Regain  : Current Foreground App (before screen check): com.instagram.android
01-16 02:16:18.265 23690 23904 D Regain  : Current Foreground App (final): com.instagram.android
01-16 02:16:18.282 23690 23904 D Regain  : Notification update: Instagram - Used 3h 50m today | Session time left: 9m
01-16 02:16:19.238 23690 23690 D Regain  : Timer Update: Instagram - Used 3h 50m today: 09:25 left
01-16 02:16:20.251 23690 23690 D Regain  : Timer Update: Instagram - Used 3h 50m today: 09:24 left
01-16 02:16:21.267 23690 23690 D Regain  : Timer Update: Instagram - Used 3h 50m today: 09:23 left
01-16 02:16:22.280 23690 23690 D Regain  : Timer Update: Instagram - Used 3h 50m today: 09:22 left
01-16 02:16:23.296 23690 23690 D Regain  : Timer Update: Instagram - Used 3h 50m today: 09:21 left
01-16 02:16:23.346 23690 23690 D Regain  : UsageCheckReceiver: onReceive triggered
01-16 02:16:23.362 23690 23904 D Regain  : Current Foreground App (before screen check): com.instagram.android
01-16 02:16:23.362 23690 23904 D Regain  : Current Foreground App (final): com.instagram.android
01-16 02:16:23.378 23690 23904 D Regain  : Notification update: Instagram - Used 3h 50m today | Session time left: 9m
01-16 02:16:24.310 23690 23690 D Regain  : Timer Update: Instagram - Used 3h 50m today: 09:20 left
01-16 02:16:25.327 23690 23690 D Regain  : Timer Update: Instagram - Used 3h 50m today: 09:19 left
01-16 02:16:26.338 23690 23690 D Regain  : Timer Update: Instagram - Used 3h 50m today: 09:18 left
01-16 02:16:27.350 23690 23690 D Regain  : Timer Update: Instagram - Used 3h 50m today: 09:17 left
01-16 02:16:28.362 23690 23690 D Regain  : Timer Update: Instagram - Used 3h 50m today: 09:16 left
01-16 02:16:28.463 23690 23690 D Regain  : UsageCheckReceiver: onReceive triggered
01-16 02:16:28.475 23690 23904 D Regain  : Current Foreground App (before screen check): com.instagram.android
01-16 02:16:28.476 23690 23904 D Regain  : Current Foreground App (final): com.instagram.android
01-16 02:16:28.493 23690 23904 D Regain  : Notification update: Instagram - Used 3h 50m today | Session time left: 9m
01-16 02:16:29.375 23690 23690 D Regain  : Timer Update: Instagram - Used 3h 50m today: 09:15 left
01-16 02:16:30.392 23690 23690 D Regain  : Timer Update: Instagram - Used 3h 50m today: 09:14 left
01-16 02:16:31.408 23690 23690 D Regain  : Timer Update: Instagram - Used 3h 50m today: 09:13 left
01-16 02:16:32.423 23690 23690 D Regain  : Timer Update: Instagram - Used 3h 50m today: 09:12 left
01-16 02:16:33.436 23690 23690 D Regain  : Timer Update: Instagram - Used 3h 50m today: 09:11 left
01-16 02:16:33.576 23690 23690 D Regain  : UsageCheckReceiver: onReceive triggered
01-16 02:16:33.590 23690 23904 D Regain  : Current Foreground App (before screen check): com.instagram.android
01-16 02:16:33.591 23690 23904 D Regain  : Current Foreground App (final): com.instagram.android
01-16 02:16:33.609 23690 23904 D Regain  : Notification update: Instagram - Used 3h 51m today | Session time left: 9m
01-16 02:16:34.456 23690 23690 D Regain  : Timer Update: Instagram - Used 3h 50m today: 09:10 left
01-16 02:16:35.474 23690 23690 D Regain  : Timer Update: Instagram - Used 3h 50m today: 09:09 left
01-16 02:16:36.491 23690 23690 D Regain  : Timer Update: Instagram - Used 3h 50m today: 09:08 left
01-16 02:16:37.507 23690 23690 D Regain  : Timer Update: Instagram - Used 3h 50m today: 09:07 left
01-16 02:16:38.519 23690 23690 D Regain  : Timer Update: Instagram - Used 3h 50m today: 09:06 left
01-16 02:16:38.703 23690 23690 D Regain  : UsageCheckReceiver: onReceive triggered
01-16 02:16:38.719 23690 23904 D Regain  : Current Foreground App (before screen check): com.instagram.android
01-16 02:16:38.719 23690 23904 D Regain  : Current Foreground App (final): com.instagram.android
01-16 02:16:38.742 23690 23904 D Regain  : Notification update: Instagram - Used 3h 51m today | Session time left: 9m
01-16 02:16:39.534 23690 23690 D Regain  : Timer Update: Instagram - Used 3h 50m today: 09:05 left
01-16 02:16:40.547 23690 23690 D Regain  : Timer Update: Instagram - Used 3h 50m today: 09:04 left
01-16 02:16:41.563 23690 23690 D Regain  : Timer Update: Instagram - Used 3h 50m today: 09:03 left
01-16 02:16:42.579 23690 23690 D Regain  : Timer Update: Instagram - Used 3h 50m today: 09:02 left
01-16 02:16:43.595 23690 23690 D Regain  : Timer Update: Instagram - Used 3h 50m today: 09:01 left
01-16 02:16:43.824 23690 23690 D Regain  : UsageCheckReceiver: onReceive triggered
01-16 02:16:43.844 23690 23904 D Regain  : Current Foreground App (before screen check): com.instagram.android
01-16 02:16:43.844 23690 23904 D Regain  : Current Foreground App (final): com.instagram.android
01-16 02:16:43.863 23690 23904 D Regain  : Notification update: Instagram - Used 3h 51m today | Session time left: 8m
01-16 02:16:44.612 23690 23690 D Regain  : Timer Update: Instagram - Used 3h 50m today: 09:00 left
01-16 02:16:45.629 23690 23690 D Regain  : Timer Update: Instagram - Used 3h 50m today: 08:59 left
01-16 02:16:46.644 23690 23690 D Regain  : Timer Update: Instagram - Used 3h 50m today: 08:58 left
01-16 02:16:47.660 23690 23690 D Regain  : Timer Update: Instagram - Used 3h 50m today: 08:57 left
01-16 02:16:48.676 23690 23690 D Regain  : Timer Update: Instagram - Used 3h 50m today: 08:56 left
01-16 02:16:48.959 23690 23690 D Regain  : UsageCheckReceiver: onReceive triggered
01-16 02:16:48.971 23690 23904 D Regain  : Current Foreground App (before screen check): com.instagram.android
01-16 02:16:48.971 23690 23904 D Regain  : Current Foreground App (final): com.instagram.android
01-16 02:16:48.984 23690 23904 D Regain  : Notification update: Instagram - Used 3h 51m today | Session time left: 8m
01-16 02:16:49.692 23690 23690 D Regain  : Timer Update: Instagram - Used 3h 50m today: 08:55 left
01-16 02:16:50.707 23690 23690 D Regain  : Timer Update: Instagram - Used 3h 50m today: 08:54 left
01-16 02:16:51.723 23690 23690 D Regain  : Timer Update: Instagram - Used 3h 50m today: 08:53 left
01-16 02:16:52.735 23690 23690 D Regain  : Timer Update: Instagram - Used 3h 50m today: 08:52 left
01-16 02:16:53.751 23690 23690 D Regain  : Timer Update: Instagram - Used 3h 50m today: 08:51 left
01-16 02:16:54.033 23690 23690 D Regain  : UsageCheckReceiver: onReceive triggered
01-16 02:16:54.041 23690 23904 D Regain  : Current Foreground App (before screen check): com.instagram.android
01-16 02:16:54.041 23690 23904 D Regain  : Current Foreground App (final): com.instagram.android
01-16 02:16:54.050 23690 23904 D Regain  : Notification update: Instagram - Used 3h 51m today | Session time left: 8m
01-16 02:16:54.764 23690 23690 D Regain  : Timer Update: Instagram - Used 3h 50m today: 08:50 left
01-16 02:16:55.778 23690 23690 D Regain  : Timer Update: Instagram - Used 3h 50m today: 08:49 left
01-16 02:16:56.790 23690 23690 D Regain  : Timer Update: Instagram - Used 3h 50m today: 08:48 left
01-16 02:16:57.803 23690 23690 D Regain  : Timer Update: Instagram - Used 3h 50m today: 08:47 left
01-16 02:16:58.819 23690 23690 D Regain  : Timer Update: Instagram - Used 3h 50m today: 08:46 left
01-16 02:16:59.117 23690 23690 D Regain  : UsageCheckReceiver: onReceive triggered
01-16 02:16:59.124 23690 23904 D Regain  : Current Foreground App (before screen check): com.instagram.android
01-16 02:16:59.125 23690 23904 D Regain  : Current Foreground App (final): com.instagram.android
01-16 02:16:59.137 23690 23904 D Regain  : Notification update: Instagram - Used 3h 51m today | Session time left: 8m
01-16 02:16:59.831 23690 23690 D Regain  : Timer Update: Instagram - Used 3h 50m today: 08:45 left
01-16 02:17:00.843 23690 23690 D Regain  : Timer Update: Instagram - Used 3h 50m today: 08:44 left
01-16 02:17:01.855 23690 23690 D Regain  : Timer Update: Instagram - Used 3h 50m today: 08:43 left
01-16 02:17:02.869 23690 23690 D Regain  : Timer Update: Instagram - Used 3h 50m today: 08:42 left
01-16 02:17:03.884 23690 23690 D Regain  : Timer Update: Instagram - Used 3h 50m today: 08:41 left
01-16 02:17:04.190 23690 23690 D Regain  : UsageCheckReceiver: onReceive triggered
01-16 02:17:04.205 23690 23904 D Regain  : Current Foreground App (before screen check): com.instagram.android
01-16 02:17:04.206 23690 23904 D Regain  : Current Foreground App (final): com.instagram.android
01-16 02:17:04.230 23690 23904 D Regain  : Notification update: Instagram - Used 3h 51m today | Session time left: 8m
01-16 02:17:04.899 23690 23690 D Regain  : Timer Update: Instagram - Used 3h 50m today: 08:40 left
01-16 02:17:05.915 23690 23690 D Regain  : Timer Update: Instagram - Used 3h 50m today: 08:39 left
01-16 02:17:06.928 23690 23690 D Regain  : Timer Update: Instagram - Used 3h 50m today: 08:38 left
01-16 02:17:07.941 23690 23690 D Regain  : Timer Update: Instagram - Used 3h 50m today: 08:37 left
01-16 02:17:08.956 23690 23690 D Regain  : Timer Update: Instagram - Used 3h 50m today: 08:36 left
01-16 02:17:09.305 23690 23690 D Regain  : UsageCheckReceiver: onReceive triggered
01-16 02:17:09.314 23690 23904 D Regain  : Current Foreground App (before screen check): com.instagram.android
01-16 02:17:09.314 23690 23904 D Regain  : Current Foreground App (final): com.instagram.android
01-16 02:17:09.326 23690 23904 D Regain  : Notification update: Instagram - Used 3h 51m today | Session time left: 8m
01-16 02:17:09.977 23690 23690 D Regain  : Timer Update: Instagram - Used 3h 50m today: 08:35 left
01-16 02:17:10.991 23690 23690 D Regain  : Timer Update: Instagram - Used 3h 50m today: 08:34 left
01-16 02:17:12.002 23690 23690 D Regain  : Timer Update: Instagram - Used 3h 50m today: 08:33 left
01-16 02:17:13.015 23690 23690 D Regain  : Timer Update: Instagram - Used 3h 50m today: 08:32 left
01-16 02:17:14.028 23690 23690 D Regain  : Timer Update: Instagram - Used 3h 50m today: 08:31 left
01-16 02:17:14.356 23690 23690 D Regain  : UsageCheckReceiver: onReceive triggered
01-16 02:17:14.364 23690 23904 D Regain  : Current Foreground App (before screen check): com.instagram.android
01-16 02:17:14.364 23690 23904 D Regain  : Current Foreground App (final): com.instagram.android
01-16 02:17:14.376 23690 23904 D Regain  : Notification update: Instagram - Used 3h 51m today | Session time left: 8m
01-16 02:17:15.043 23690 23690 D Regain  : Timer Update: Instagram - Used 3h 50m today: 08:30 left
01-16 02:17:16.058 23690 23690 D Regain  : Timer Update: Instagram - Used 3h 50m today: 08:29 left
01-16 02:17:17.071 23690 23690 D Regain  : Timer Update: Instagram - Used 3h 50m today: 08:28 left
01-16 02:17:18.087 23690 23690 D Regain  : Timer Update: Instagram - Used 3h 50m today: 08:27 left
01-16 02:17:19.099 23690 23690 D Regain  : Timer Update: Instagram - Used 3h 50m today: 08:26 left
01-16 02:17:19.438 23690 23690 D Regain  : UsageCheckReceiver: onReceive triggered
01-16 02:17:19.446 23690 23904 D Regain  : Current Foreground App (before screen check): com.instagram.android
01-16 02:17:19.446 23690 23904 D Regain  : Current Foreground App (final): com.instagram.android
01-16 02:17:19.457 23690 23904 D Regain  : Notification update: Instagram - Used 3h 51m today | Session time left: 8m
01-16 02:17:20.112 23690 23690 D Regain  : Timer Update: Instagram - Used 3h 50m today: 08:25 left
01-16 02:17:21.127 23690 23690 D Regain  : Timer Update: Instagram - Used 3h 50m today: 08:24 left
01-16 02:17:22.139 23690 23690 D Regain  : Timer Update: Instagram - Used 3h 50m today: 08:23 left
01-16 02:17:23.155 23690 23690 D Regain  : Timer Update: Instagram - Used 3h 50m today: 08:22 left
01-16 02:17:24.171 23690 23690 D Regain  : Timer Update: Instagram - Used 3h 50m today: 08:21 left
01-16 02:17:24.510 23690 23690 D Regain  : UsageCheckReceiver: onReceive triggered
01-16 02:17:24.518 23690 23904 D Regain  : Current Foreground App (before screen check): com.instagram.android
01-16 02:17:24.519 23690 23904 D Regain  : Current Foreground App (final): com.instagram.android
01-16 02:17:24.530 23690 23904 D Regain  : Notification update: Instagram - Used 3h 51m today | Session time left: 8m
01-16 02:17:25.183 23690 23690 D Regain  : Timer Update: Instagram - Used 3h 50m today: 08:20 left
01-16 02:17:26.194 23690 23690 D Regain  : Timer Update: Instagram - Used 3h 50m today: 08:19 left
01-16 02:17:27.206 23690 23690 D Regain  : Timer Update: Instagram - Used 3h 50m today: 08:18 left
01-16 02:17:28.219 23690 23690 D Regain  : Timer Update: Instagram - Used 3h 50m today: 08:17 left
01-16 02:17:29.231 23690 23690 D Regain  : Timer Update: Instagram - Used 3h 50m today: 08:16 left
01-16 02:17:29.561 23690 23690 D Regain  : UsageCheckReceiver: onReceive triggered
01-16 02:17:29.572 23690 23904 D Regain  : Current Foreground App (before screen check): com.instagram.android
01-16 02:17:29.572 23690 23904 D Regain  : Current Foreground App (final): com.instagram.android
01-16 02:17:29.582 23690 23904 D Regain  : Notification update: Instagram - Used 3h 51m today | Session time left: 8m
01-16 02:17:30.247 23690 23690 D Regain  : Timer Update: Instagram - Used 3h 50m today: 08:15 left
01-16 02:17:31.259 23690 23690 D Regain  : Timer Update: Instagram - Used 3h 50m today: 08:14 left
01-16 02:17:32.271 23690 23690 D Regain  : Timer Update: Instagram - Used 3h 50m today: 08:13 left
01-16 02:17:33.282 23690 23690 D Regain  : Timer Update: Instagram - Used 3h 50m today: 08:12 left
01-16 02:17:34.295 23690 23690 D Regain  : Timer Update: Instagram - Used 3h 50m today: 08:11 left
01-16 02:17:34.638 23690 23690 D Regain  : UsageCheckReceiver: onReceive triggered
01-16 02:17:34.647 23690 23904 D Regain  : Current Foreground App (before screen check): com.instagram.android
01-16 02:17:34.647 23690 23904 D Regain  : Current Foreground App (final): com.instagram.android
01-16 02:17:34.666 23690 23904 D Regain  : Notification update: Instagram - Used 3h 52m today | Session time left: 8m
01-16 02:17:35.306 23690 23690 D Regain  : Timer Update: Instagram - Used 3h 50m today: 08:10 left
01-16 02:17:36.319 23690 23690 D Regain  : Timer Update: Instagram - Used 3h 50m today: 08:09 left
01-16 02:17:37.335 23690 23690 D Regain  : Timer Update: Instagram - Used 3h 50m today: 08:08 left
01-16 02:17:38.350 23690 23690 D Regain  : Timer Update: Instagram - Used 3h 50m today: 08:07 left
01-16 02:17:39.363 23690 23690 D Regain  : Timer Update: Instagram - Used 3h 50m today: 08:06 left
01-16 02:17:39.726 23690 23690 D Regain  : UsageCheckReceiver: onReceive triggered
01-16 02:17:39.739 23690 23904 D Regain  : Current Foreground App (before screen check): com.instagram.android
01-16 02:17:39.739 23690 23904 D Regain  : Current Foreground App (final): com.instagram.android
01-16 02:17:39.755 23690 23904 D Regain  : Notification update: Instagram - Used 3h 52m today | Session time left: 8m
01-16 02:17:40.379 23690 23690 D Regain  : Timer Update: Instagram - Used 3h 50m today: 08:05 left
01-16 02:17:41.394 23690 23690 D Regain  : Timer Update: Instagram - Used 3h 50m today: 08:04 left
01-16 02:17:42.406 23690 23690 D Regain  : Timer Update: Instagram - Used 3h 50m today: 08:03 left
01-16 02:17:43.419 23690 23690 D Regain  : Timer Update: Instagram - Used 3h 50m today: 08:02 left
01-16 02:17:44.431 23690 23690 D Regain  : Timer Update: Instagram - Used 3h 50m today: 08:01 left
01-16 02:17:44.823 23690 23690 D Regain  : UsageCheckReceiver: onReceive triggered
01-16 02:17:44.832 23690 23904 D Regain  : Current Foreground App (before screen check): com.instagram.android
01-16 02:17:44.832 23690 23904 D Regain  : Current Foreground App (final): com.instagram.android
01-16 02:17:44.844 23690 23904 D Regain  : Notification update: Instagram - Used 3h 52m today | Session time left: 7m
01-16 02:17:45.443 23690 23690 D Regain  : Timer Update: Instagram - Used 3h 50m today: 08:00 left
01-16 02:17:46.455 23690 23690 D Regain  : Timer Update: Instagram - Used 3h 50m today: 07:59 left
01-16 02:17:47.466 23690 23690 D Regain  : Timer Update: Instagram - Used 3h 50m today: 07:58 left
01-16 02:17:48.478 23690 23690 D Regain  : Timer Update: Instagram - Used 3h 50m today: 07:57 left
01-16 02:17:49.490 23690 23690 D Regain  : Timer Update: Instagram - Used 3h 50m today: 07:56 left
01-16 02:17:49.894 23690 23690 D Regain  : UsageCheckReceiver: onReceive triggered
01-16 02:17:49.903 23690 23904 D Regain  : Current Foreground App (before screen check): com.instagram.android
01-16 02:17:49.903 23690 23904 D Regain  : Current Foreground App (final): com.instagram.android
01-16 02:17:49.914 23690 23904 D Regain  : Notification update: Instagram - Used 3h 52m today | Session time left: 7m
01-16 02:17:50.503 23690 23690 D Regain  : Timer Update: Instagram - Used 3h 50m today: 07:55 left
01-16 02:17:51.515 23690 23690 D Regain  : Timer Update: Instagram - Used 3h 50m today: 07:54 left
01-16 02:17:52.528 23690 23690 D Regain  : Timer Update: Instagram - Used 3h 50m today: 07:53 left
01-16 02:17:53.545 23690 23690 D Regain  : Timer Update: Instagram - Used 3h 50m today: 07:52 left
01-16 02:17:54.559 23690 23690 D Regain  : Timer Update: Instagram - Used 3h 50m today: 07:51 left
01-16 02:17:54.973 23690 23690 D Regain  : UsageCheckReceiver: onReceive triggered
01-16 02:17:54.981 23690 23904 D Regain  : Current Foreground App (before screen check): com.instagram.android
01-16 02:17:54.981 23690 23904 D Regain  : Current Foreground App (final): com.instagram.android
01-16 02:17:54.994 23690 23904 D Regain  : Notification update: Instagram - Used 3h 52m today | Session time left: 7m
01-16 02:17:55.571 23690 23690 D Regain  : Timer Update: Instagram - Used 3h 50m today: 07:50 left
01-16 02:17:56.583 23690 23690 D Regain  : Timer Update: Instagram - Used 3h 50m today: 07:49 left
01-16 02:17:57.595 23690 23690 D Regain  : Timer Update: Instagram - Used 3h 50m today: 07:48 left
01-16 02:17:58.607 23690 23690 D Regain  : Timer Update: Instagram - Used 3h 50m today: 07:47 left
01-16 02:17:59.619 23690 23690 D Regain  : Timer Update: Instagram - Used 3h 50m today: 07:46 left
01-16 02:18:00.094 23690 23690 D Regain  : UsageCheckReceiver: onReceive triggered
01-16 02:18:00.103 23690 23904 D Regain  : Current Foreground App (before screen check): com.instagram.android
01-16 02:18:00.103 23690 23904 D Regain  : Current Foreground App (final): com.instagram.android
01-16 02:18:00.114 23690 23904 D Regain  : Notification update: Instagram - Used 3h 52m today | Session time left: 7m
01-16 02:18:00.631 23690 23690 D Regain  : Timer Update: Instagram - Used 3h 50m today: 07:45 left
01-16 02:18:01.646 23690 23690 D Regain  : Timer Update: Instagram - Used 3h 50m today: 07:44 left
01-16 02:18:02.658 23690 23690 D Regain  : Timer Update: Instagram - Used 3h 50m today: 07:43 left
01-16 02:18:03.671 23690 23690 D Regain  : Timer Update: Instagram - Used 3h 50m today: 07:42 left
01-16 02:18:04.684 23690 23690 D Regain  : Timer Update: Instagram - Used 3h 50m today: 07:41 left
01-16 02:18:05.188 23690 23690 D Regain  : UsageCheckReceiver: onReceive triggered
01-16 02:18:05.200 23690 23904 D Regain  : Current Foreground App (before screen check): com.instagram.android
01-16 02:18:05.200 23690 23904 D Regain  : Current Foreground App (final): com.instagram.android
01-16 02:18:05.213 23690 23904 D Regain  : Notification update: Instagram - Used 3h 52m today | Session time left: 7m
01-16 02:18:05.694 23690 23690 D Regain  : Timer Update: Instagram - Used 3h 50m today: 07:40 left
01-16 02:18:06.707 23690 23690 D Regain  : Timer Update: Instagram - Used 3h 50m today: 07:39 left
01-16 02:18:07.721 23690 23690 D Regain  : Timer Update: Instagram - Used 3h 50m today: 07:38 left
01-16 02:18:08.735 23690 23690 D Regain  : Timer Update: Instagram - Used 3h 50m today: 07:37 left
01-16 02:18:09.747 23690 23690 D Regain  : Timer Update: Instagram - Used 3h 50m today: 07:36 left
01-16 02:18:10.256 23690 23690 D Regain  : UsageCheckReceiver: onReceive triggered
01-16 02:18:10.267 23690 23904 D Regain  : Current Foreground App (before screen check): com.instagram.android
01-16 02:18:10.267 23690 23904 D Regain  : Current Foreground App (final): com.instagram.android
01-16 02:18:10.281 23690 23904 D Regain  : Notification update: Instagram - Used 3h 52m today | Session time left: 7m
01-16 02:18:10.759 23690 23690 D Regain  : Timer Update: Instagram - Used 3h 50m today: 07:35 left
01-16 02:18:11.775 23690 23690 D Regain  : Timer Update: Instagram - Used 3h 50m today: 07:34 left
01-16 02:18:12.790 23690 23690 D Regain  : Timer Update: Instagram - Used 3h 50m today: 07:33 left
01-16 02:18:13.803 23690 23690 D Regain  : Timer Update: Instagram - Used 3h 50m today: 07:32 left
01-16 02:18:14.815 23690 23690 D Regain  : Timer Update: Instagram - Used 3h 50m today: 07:31 left
01-16 02:18:15.329 23690 23690 D Regain  : UsageCheckReceiver: onReceive triggered
01-16 02:18:15.339 23690 23904 D Regain  : Current Foreground App (before screen check): com.instagram.android
01-16 02:18:15.339 23690 23904 D Regain  : Current Foreground App (final): com.instagram.android
01-16 02:18:15.351 23690 23904 D Regain  : Notification update: Instagram - Used 3h 52m today | Session time left: 7m
01-16 02:18:15.827 23690 23690 D Regain  : Timer Update: Instagram - Used 3h 50m today: 07:30 left
01-16 02:18:16.841 23690 23690 D Regain  : Timer Update: Instagram - Used 3h 50m today: 07:29 left
01-16 02:18:17.859 23690 23690 D Regain  : Timer Update: Instagram - Used 3h 50m today: 07:28 left
01-16 02:18:18.870 23690 23690 D Regain  : Timer Update: Instagram - Used 3h 50m today: 07:27 left
01-16 02:18:19.888 23690 23690 D Regain  : Timer Update: Instagram - Used 3h 50m today: 07:26 left
01-16 02:18:20.414 23690 23690 D Regain  : UsageCheckReceiver: onReceive triggered
01-16 02:18:20.424 23690 23904 D Regain  : Current Foreground App (before screen check): com.instagram.android
01-16 02:18:20.424 23690 23904 D Regain  : Current Foreground App (final): com.instagram.android
01-16 02:18:20.436 23690 23904 D Regain  : Notification update: Instagram - Used 3h 52m today | Session time left: 7m
01-16 02:18:20.903 23690 23690 D Regain  : Timer Update: Instagram - Used 3h 50m today: 07:25 left
01-16 02:18:21.917 23690 23690 D Regain  : Timer Update: Instagram - Used 3h 50m today: 07:24 left
01-16 02:18:22.939 23690 23690 D Regain  : Timer Update: Instagram - Used 3h 50m today: 07:23 left
01-16 02:18:23.955 23690 23690 D Regain  : Timer Update: Instagram - Used 3h 50m today: 07:22 left
01-16 02:18:24.972 23690 23690 D Regain  : Timer Update: Instagram - Used 3h 50m today: 07:21 left
01-16 02:18:25.510 23690 23690 D Regain  : UsageCheckReceiver: onReceive triggered
01-16 02:18:25.520 23690 23904 D Regain  : Current Foreground App (before screen check): com.instagram.android
01-16 02:18:25.521 23690 23904 D Regain  : Current Foreground App (final): com.instagram.android
01-16 02:18:25.534 23690 23904 D Regain  : Notification update: Instagram - Used 3h 52m today | Session time left: 7m
01-16 02:18:25.988 23690 23690 D Regain  : Timer Update: Instagram - Used 3h 50m today: 07:20 left
01-16 02:18:27.003 23690 23690 D Regain  : Timer Update: Instagram - Used 3h 50m today: 07:19 left
01-16 02:18:28.015 23690 23690 D Regain  : Timer Update: Instagram - Used 3h 50m today: 07:18 left
01-16 02:18:29.031 23690 23690 D Regain  : Timer Update: Instagram - Used 3h 50m today: 07:17 left
01-16 02:18:30.043 23690 23690 D Regain  : Timer Update: Instagram - Used 3h 50m today: 07:16 left
01-16 02:18:30.609 23690 23690 D Regain  : UsageCheckReceiver: onReceive triggered
01-16 02:18:30.619 23690 23904 D Regain  : Current Foreground App (before screen check): com.instagram.android
01-16 02:18:30.620 23690 23904 D Regain  : Current Foreground App (final): com.instagram.android
01-16 02:18:30.631 23690 23904 D Regain  : Notification update: Instagram - Used 3h 52m today | Session time left: 7m
01-16 02:18:31.057 23690 23690 D Regain  : Timer Update: Instagram - Used 3h 50m today: 07:15 left
01-16 02:18:32.071 23690 23690 D Regain  : Timer Update: Instagram - Used 3h 50m today: 07:14 left
01-16 02:18:33.087 23690 23690 D Regain  : Timer Update: Instagram - Used 3h 50m today: 07:13 left
01-16 02:18:34.102 23690 23690 D Regain  : Timer Update: Instagram - Used 3h 50m today: 07:12 left
01-16 02:18:35.117 23690 23690 D Regain  : Timer Update: Instagram - Used 3h 50m today: 07:11 left
01-16 02:18:35.746 23690 23690 D Regain  : UsageCheckReceiver: onReceive triggered
01-16 02:18:35.759 23690 23904 D Regain  : Current Foreground App (before screen check): com.instagram.android
01-16 02:18:35.759 23690 23904 D Regain  : Current Foreground App (final): com.instagram.android
01-16 02:18:35.772 23690 23904 D Regain  : Notification update: Instagram - Used 3h 53m today | Session time left: 7m
01-16 02:18:36.131 23690 23690 D Regain  : Timer Update: Instagram - Used 3h 50m today: 07:10 left
01-16 02:18:37.143 23690 23690 D Regain  : Timer Update: Instagram - Used 3h 50m today: 07:09 left
01-16 02:18:38.154 23690 23690 D Regain  : Timer Update: Instagram - Used 3h 50m today: 07:08 left
01-16 02:18:39.166 23690 23690 D Regain  : Timer Update: Instagram - Used 3h 50m today: 07:07 left
01-16 02:18:40.180 23690 23690 D Regain  : Timer Update: Instagram - Used 3h 50m today: 07:06 left
01-16 02:18:40.815 23690 23690 D Regain  : UsageCheckReceiver: onReceive triggered
01-16 02:18:40.830 23690 23904 D Regain  : Current Foreground App (before screen check): com.instagram.android
01-16 02:18:40.830 23690 23904 D Regain  : Current Foreground App (final): com.instagram.android
01-16 02:18:40.843 23690 23904 D Regain  : Notification update: Instagram - Used 3h 53m today | Session time left: 7m
01-16 02:18:41.193 23690 23690 D Regain  : Timer Update: Instagram - Used 3h 50m today: 07:05 left
01-16 02:18:42.207 23690 23690 D Regain  : Timer Update: Instagram - Used 3h 50m today: 07:04 left
01-16 02:18:43.219 23690 23690 D Regain  : Timer Update: Instagram - Used 3h 50m today: 07:03 left
01-16 02:18:44.235 23690 23690 D Regain  : Timer Update: Instagram - Used 3h 50m today: 07:02 left
01-16 02:18:45.246 23690 23690 D Regain  : Timer Update: Instagram - Used 3h 50m today: 07:01 left
01-16 02:18:45.851 23690 23690 D Regain  : UsageCheckReceiver: onReceive triggered
01-16 02:18:45.861 23690 23904 D Regain  : Current Foreground App (before screen check): com.instagram.android
01-16 02:18:45.861 23690 23904 D Regain  : Current Foreground App (final): com.instagram.android
01-16 02:18:45.876 23690 23904 D Regain  : Notification update: Instagram - Used 3h 53m today | Session time left: 6m
01-16 02:18:46.259 23690 23690 D Regain  : Timer Update: Instagram - Used 3h 50m today: 07:00 left
01-16 02:18:47.271 23690 23690 D Regain  : Timer Update: Instagram - Used 3h 50m today: 06:59 left
01-16 02:18:48.283 23690 23690 D Regain  : Timer Update: Instagram - Used 3h 50m today: 06:58 left
01-16 02:18:49.295 23690 23690 D Regain  : Timer Update: Instagram - Used 3h 50m today: 06:57 left
01-16 02:18:50.307 23690 23690 D Regain  : Timer Update: Instagram - Used 3h 50m today: 06:56 left
01-16 02:18:50.884 23690 23690 D Regain  : UsageCheckReceiver: onReceive triggered
01-16 02:18:50.892 23690 23904 D Regain  : Current Foreground App (before screen check): com.instagram.android
01-16 02:18:50.892 23690 23904 D Regain  : Current Foreground App (final): com.instagram.android
01-16 02:18:50.905 23690 23904 D Regain  : Notification update: Instagram - Used 3h 53m today | Session time left: 6m
01-16 02:18:51.319 23690 23690 D Regain  : Timer Update: Instagram - Used 3h 50m today: 06:55 left
01-16 02:18:52.334 23690 23690 D Regain  : Timer Update: Instagram - Used 3h 50m today: 06:54 left
01-16 02:18:53.347 23690 23690 D Regain  : Timer Update: Instagram - Used 3h 50m today: 06:53 left
01-16 02:18:54.358 23690 23690 D Regain  : Timer Update: Instagram - Used 3h 50m today: 06:52 left
01-16 02:18:55.370 23690 23690 D Regain  : Timer Update: Instagram - Used 3h 50m today: 06:51 left
01-16 02:18:55.915 23690 23690 D Regain  : UsageCheckReceiver: onReceive triggered
01-16 02:18:55.928 23690 23904 D Regain  : Current Foreground App (before screen check): com.instagram.android
01-16 02:18:55.928 23690 23904 D Regain  : Current Foreground App (final): com.instagram.android
01-16 02:18:55.944 23690 23904 D Regain  : Notification update: Instagram - Used 3h 53m today | Session time left: 6m
01-16 02:18:56.383 23690 23690 D Regain  : Timer Update: Instagram - Used 3h 50m today: 06:50 left
01-16 02:18:57.398 23690 23690 D Regain  : Timer Update: Instagram - Used 3h 50m today: 06:49 left
01-16 02:18:58.411 23690 23690 D Regain  : Timer Update: Instagram - Used 3h 50m today: 06:48 left
01-16 02:18:59.426 23690 23690 D Regain  : Timer Update: Instagram - Used 3h 50m today: 06:47 left
01-16 02:19:00.438 23690 23690 D Regain  : Timer Update: Instagram - Used 3h 50m today: 06:46 left
01-16 02:19:00.952 23690 23690 D Regain  : UsageCheckReceiver: onReceive triggered
01-16 02:19:00.961 23690 23904 D Regain  : Current Foreground App (before screen check): com.instagram.android
01-16 02:19:00.961 23690 23904 D Regain  : Current Foreground App (final): com.instagram.android
01-16 02:19:00.974 23690 23904 D Regain  : Notification update: Instagram - Used 3h 53m today | Session time left: 6m
01-16 02:19:01.451 23690 23690 D Regain  : Timer Update: Instagram - Used 3h 50m today: 06:45 left
01-16 02:19:02.463 23690 23690 D Regain  : Timer Update: Instagram - Used 3h 50m today: 06:44 left
01-16 02:19:03.475 23690 23690 D Regain  : Timer Update: Instagram - Used 3h 50m today: 06:43 left
01-16 02:19:04.487 23690 23690 D Regain  : Timer Update: Instagram - Used 3h 50m today: 06:42 left
01-16 02:19:05.498 23690 23690 D Regain  : Timer Update: Instagram - Used 3h 50m today: 06:41 left
01-16 02:19:05.981 23690 23690 D Regain  : UsageCheckReceiver: onReceive triggered
01-16 02:19:05.989 23690 23904 D Regain  : Current Foreground App (before screen check): com.instagram.android
01-16 02:19:05.989 23690 23904 D Regain  : Current Foreground App (final): com.instagram.android
01-16 02:19:06.002 23690 23904 D Regain  : Notification update: Instagram - Used 3h 53m today | Session time left: 6m
01-16 02:19:06.512 23690 23690 D Regain  : Timer Update: Instagram - Used 3h 50m today: 06:40 left
01-16 02:19:07.527 23690 23690 D Regain  : Timer Update: Instagram - Used 3h 50m today: 06:39 left
01-16 02:19:08.543 23690 23690 D Regain  : Timer Update: Instagram - Used 3h 50m today: 06:38 left
01-16 02:19:09.558 23690 23690 D Regain  : Timer Update: Instagram - Used 3h 50m today: 06:37 left
01-16 02:19:10.571 23690 23690 D Regain  : Timer Update: Instagram - Used 3h 50m today: 06:36 left
01-16 02:19:11.010 23690 23690 D Regain  : UsageCheckReceiver: onReceive triggered
01-16 02:19:11.021 23690 23904 D Regain  : Current Foreground App (before screen check): com.instagram.android
01-16 02:19:11.021 23690 23904 D Regain  : Current Foreground App (final): com.instagram.android
01-16 02:19:11.035 23690 23904 D Regain  : Notification update: Instagram - Used 3h 53m today | Session time left: 6m
01-16 02:19:11.582 23690 23690 D Regain  : Timer Update: Instagram - Used 3h 50m today: 06:35 left
01-16 02:19:12.595 23690 23690 D Regain  : Timer Update: Instagram - Used 3h 50m today: 06:34 left
01-16 02:19:13.611 23690 23690 D Regain  : Timer Update: Instagram - Used 3h 50m today: 06:33 left
01-16 02:19:14.623 23690 23690 D Regain  : Timer Update: Instagram - Used 3h 50m today: 06:32 left
01-16 02:19:15.635 23690 23690 D Regain  : Timer Update: Instagram - Used 3h 50m today: 06:31 left
01-16 02:19:16.043 23690 23690 D Regain  : UsageCheckReceiver: onReceive triggered
01-16 02:19:16.053 23690 23904 D Regain  : Current Foreground App (before screen check): com.instagram.android
01-16 02:19:16.053 23690 23904 D Regain  : Current Foreground App (final): com.instagram.android
01-16 02:19:16.067 23690 23904 D Regain  : Notification update: Instagram - Used 3h 53m today | Session time left: 6m
01-16 02:19:16.647 23690 23690 D Regain  : Timer Update: Instagram - Used 3h 50m today: 06:30 left
01-16 02:19:17.659 23690 23690 D Regain  : Timer Update: Instagram - Used 3h 50m today: 06:29 left
01-16 02:19:18.675 23690 23690 D Regain  : Timer Update: Instagram - Used 3h 50m today: 06:28 left
01-16 02:19:19.691 23690 23690 D Regain  : Timer Update: Instagram - Used 3h 50m today: 06:27 left
01-16 02:19:20.702 23690 23690 D Regain  : Timer Update: Instagram - Used 3h 50m today: 06:26 left
01-16 02:19:21.075 23690 23690 D Regain  : UsageCheckReceiver: onReceive triggered
01-16 02:19:21.084 23690 23904 D Regain  : Current Foreground App (before screen check): com.instagram.android
01-16 02:19:21.084 23690 23904 D Regain  : Current Foreground App (final): com.instagram.android
01-16 02:19:21.105 23690 23904 D Regain  : Notification update: Instagram - Used 3h 53m today | Session time left: 6m
01-16 02:19:21.714 23690 23690 D Regain  : Timer Update: Instagram - Used 3h 50m today: 06:25 left
01-16 02:19:22.728 23690 23690 D Regain  : Timer Update: Instagram - Used 3h 50m today: 06:24 left
01-16 02:19:23.739 23690 23690 D Regain  : Timer Update: Instagram - Used 3h 50m today: 06:23 left
01-16 02:19:24.751 23690 23690 D Regain  : Timer Update: Instagram - Used 3h 50m today: 06:22 left
01-16 02:19:25.763 23690 23690 D Regain  : Timer Update: Instagram - Used 3h 50m today: 06:21 left
01-16 02:19:26.113 23690 23690 D Regain  : UsageCheckReceiver: onReceive triggered
01-16 02:19:26.125 23690 23904 D Regain  : Current Foreground App (before screen check): com.instagram.android
01-16 02:19:26.125 23690 23904 D Regain  : Current Foreground App (final): com.instagram.android
01-16 02:19:26.142 23690 23904 D Regain  : Notification update: Instagram - Used 3h 53m today | Session time left: 6m
01-16 02:19:26.775 23690 23690 D Regain  : Timer Update: Instagram - Used 3h 50m today: 06:20 left
01-16 02:19:27.787 23690 23690 D Regain  : Timer Update: Instagram - Used 3h 50m today: 06:19 left
01-16 02:19:28.799 23690 23690 D Regain  : Timer Update: Instagram - Used 3h 50m today: 06:18 left
01-16 02:19:29.811 23690 23690 D Regain  : Timer Update: Instagram - Used 3h 50m today: 06:17 left
01-16 02:19:30.825 23690 23690 D Regain  : Timer Update: Instagram - Used 3h 50m today: 06:16 left
01-16 02:19:31.151 23690 23690 D Regain  : UsageCheckReceiver: onReceive triggered
01-16 02:19:31.160 23690 23904 D Regain  : Current Foreground App (before screen check): com.instagram.android
01-16 02:19:31.160 23690 23904 D Regain  : Current Foreground App (final): com.instagram.android
01-16 02:19:31.173 23690 23904 D Regain  : Notification update: Instagram - Used 3h 54m today | Session time left: 6m
01-16 02:19:31.839 23690 23690 D Regain  : Timer Update: Instagram - Used 3h 50m today: 06:15 left
01-16 02:19:32.851 23690 23690 D Regain  : Timer Update: Instagram - Used 3h 50m today: 06:14 left
01-16 02:19:33.864 23690 23690 D Regain  : Timer Update: Instagram - Used 3h 50m today: 06:13 left
01-16 02:19:34.879 23690 23690 D Regain  : Timer Update: Instagram - Used 3h 50m today: 06:12 left
01-16 02:19:35.891 23690 23690 D Regain  : Timer Update: Instagram - Used 3h 50m today: 06:11 left
01-16 02:19:36.181 23690 23690 D Regain  : UsageCheckReceiver: onReceive triggered
01-16 02:19:36.191 23690 23904 D Regain  : Current Foreground App (before screen check): com.instagram.android
01-16 02:19:36.191 23690 23904 D Regain  : Current Foreground App (final): com.instagram.android
01-16 02:19:36.206 23690 23904 D Regain  : Notification update: Instagram - Used 3h 54m today | Session time left: 6m
01-16 02:19:36.902 23690 23690 D Regain  : Timer Update: Instagram - Used 3h 50m today: 06:10 left
01-16 02:19:37.914 23690 23690 D Regain  : Timer Update: Instagram - Used 3h 50m today: 06:09 left
01-16 02:19:38.927 23690 23690 D Regain  : Timer Update: Instagram - Used 3h 50m today: 06:08 left
01-16 02:19:39.939 23690 23690 D Regain  : Timer Update: Instagram - Used 3h 50m today: 06:07 left
01-16 02:19:40.951 23690 23690 D Regain  : Timer Update: Instagram - Used 3h 50m today: 06:06 left
01-16 02:19:41.216 23690 23690 D Regain  : UsageCheckReceiver: onReceive triggered
01-16 02:19:41.226 23690 23904 D Regain  : Current Foreground App (before screen check): com.instagram.android
01-16 02:19:41.227 23690 23904 D Regain  : Current Foreground App (final): com.instagram.android
01-16 02:19:41.243 23690 23903 D Regain  : Notification update: Instagram - Used 3h 54m today | Session time left: 6m
01-16 02:19:41.967 23690 23690 D Regain  : Timer Update: Instagram - Used 3h 50m today: 06:05 left
01-16 02:19:42.979 23690 23690 D Regain  : Timer Update: Instagram - Used 3h 50m today: 06:04 left
01-16 02:19:43.990 23690 23690 D Regain  : Timer Update: Instagram - Used 3h 50m today: 06:03 left
01-16 02:19:45.005 23690 23690 D Regain  : Timer Update: Instagram - Used 3h 50m today: 06:02 left
01-16 02:19:46.022 23690 23690 D Regain  : Timer Update: Instagram - Used 3h 50m today: 06:01 left
01-16 02:19:46.251 23690 23690 D Regain  : UsageCheckReceiver: onReceive triggered
01-16 02:19:46.259 23690 23903 D Regain  : Current Foreground App (before screen check): com.instagram.android
01-16 02:19:46.259 23690 23903 D Regain  : Current Foreground App (final): com.instagram.android
01-16 02:19:46.271 23690 23903 D Regain  : Notification update: Instagram - Used 3h 54m today | Session time left: 5m
01-16 02:19:47.034 23690 23690 D Regain  : Timer Update: Instagram - Used 3h 50m today: 06:00 left
01-16 02:19:48.047 23690 23690 D Regain  : Timer Update: Instagram - Used 3h 50m today: 05:59 left
01-16 02:19:49.059 23690 23690 D Regain  : Timer Update: Instagram - Used 3h 50m today: 05:58 left
01-16 02:19:50.073 23690 23690 D Regain  : Timer Update: Instagram - Used 3h 50m today: 05:57 left
01-16 02:19:51.093 23690 23690 D Regain  : Timer Update: Instagram - Used 3h 50m today: 05:56 left
01-16 02:19:51.279 23690 23690 D Regain  : UsageCheckReceiver: onReceive triggered
01-16 02:19:51.289 23690 23903 D Regain  : Current Foreground App (before screen check): com.instagram.android
01-16 02:19:51.290 23690 23903 D Regain  : Current Foreground App (final): com.instagram.android
01-16 02:19:51.303 23690 23903 D Regain  : Notification update: Instagram - Used 3h 54m today | Session time left: 5m
01-16 02:19:52.107 23690 23690 D Regain  : Timer Update: Instagram - Used 3h 50m today: 05:55 left
01-16 02:19:53.118 23690 23690 D Regain  : Timer Update: Instagram - Used 3h 50m today: 05:54 left
01-16 02:19:54.131 23690 23690 D Regain  : Timer Update: Instagram - Used 3h 50m today: 05:53 left
01-16 02:19:55.145 23690 23690 D Regain  : Timer Update: Instagram - Used 3h 50m today: 05:52 left
01-16 02:19:56.159 23690 23690 D Regain  : Timer Update: Instagram - Used 3h 50m today: 05:51 left
01-16 02:19:56.312 23690 23690 D Regain  : UsageCheckReceiver: onReceive triggered
01-16 02:19:56.325 23690 23903 D Regain  : Current Foreground App (before screen check): com.instagram.android
01-16 02:19:56.325 23690 23903 D Regain  : Current Foreground App (final): com.instagram.android
01-16 02:19:56.340 23690 23903 D Regain  : Notification update: Instagram - Used 3h 54m today | Session time left: 5m
01-16 02:19:57.175 23690 23690 D Regain  : Timer Update: Instagram - Used 3h 50m today: 05:50 left
01-16 02:19:58.187 23690 23690 D Regain  : Timer Update: Instagram - Used 3h 50m today: 05:49 left
01-16 02:19:59.199 23690 23690 D Regain  : Timer Update: Instagram - Used 3h 50m today: 05:48 left
01-16 02:20:00.211 23690 23690 D Regain  : Timer Update: Instagram - Used 3h 50m today: 05:47 left
01-16 02:20:01.223 23690 23690 D Regain  : Timer Update: Instagram - Used 3h 50m today: 05:46 left
01-16 02:20:01.350 23690 23690 D Regain  : UsageCheckReceiver: onReceive triggered
01-16 02:20:01.362 23690 23903 D Regain  : Current Foreground App (before screen check): com.instagram.android
