01-16 02:04:28.098 23690 23690 D Regain  : UsageCheckReceiver: onReceive triggered
01-16 02:04:28.110 23690 23904 D Regain  : Current Foreground App (before screen check): com.instagram.android
01-16 02:04:28.111 23690 23904 D Regain  : Current Foreground App (final): com.instagram.android
01-16 02:04:28.127 23690 23904 D Regain  : Notification update: Instagram - Used 3h 44m today | Session time left: 0m
01-16 02:04:28.383 23690 23690 D Regain  : Timer Update: Instagram - Used 3h 40m today: 00:17 left
01-16 02:04:29.399 23690 23690 D Regain  : Timer Update: Instagram - Used 3h 40m today: 00:16 left
01-16 02:04:30.417 23690 23690 D Regain  : Timer Update: Instagram - Used 3h 40m today: 00:15 left
01-16 02:04:31.436 23690 23690 D Regain  : Timer Update: Instagram - Used 3h 40m today: 00:14 left
01-16 02:04:32.453 23690 23690 D Regain  : Timer Update: Instagram - Used 3h 40m today: 00:13 left
01-16 02:04:33.139 23690 23690 D Regain  : UsageCheckReceiver: onReceive triggered
01-16 02:04:33.157 23690 23904 D Regain  : Current Foreground App (before screen check): com.instagram.android
01-16 02:04:33.157 23690 23904 D Regain  : Current Foreground App (final): com.instagram.android
01-16 02:04:33.173 23690 23904 D Regain  : Notification update: Instagram - Used 3h 44m today | Session time left: 0m
01-16 02:04:33.468 23690 23690 D Regain  : Timer Update: Instagram - Used 3h 40m today: 00:12 left
01-16 02:04:34.484 23690 23690 D Regain  : Timer Update: Instagram - Used 3h 40m today: 00:11 left
01-16 02:04:35.499 23690 23690 D Regain  : Timer Update: Instagram - Used 3h 40m today: 00:10 left
01-16 02:04:36.515 23690 23690 D Regain  : Timer Update: Instagram - Used 3h 40m today: 00:09 left
01-16 02:04:37.529 23690 23690 D Regain  : Timer Update: Instagram - Used 3h 40m today: 00:08 left
01-16 02:04:38.181 23690 23690 D Regain  : UsageCheckReceiver: onReceive triggered
01-16 02:04:38.190 23690 23904 D Regain  : Current Foreground App (before screen check): com.instagram.android
01-16 02:04:38.190 23690 23904 D Regain  : Current Foreground App (final): com.instagram.android
01-16 02:04:38.204 23690 23904 D Regain  : Notification update: Instagram - Used 3h 45m today | Session time left: 0m
01-16 02:04:38.542 23690 23690 D Regain  : Timer Update: Instagram - Used 3h 40m today: 00:07 left
01-16 02:04:39.555 23690 23690 D Regain  : Timer Update: Instagram - Used 3h 40m today: 00:06 left
01-16 02:04:40.571 23690 23690 D Regain  : Timer Update: Instagram - Used 3h 40m today: 00:05 left
01-16 02:04:41.583 23690 23690 D Regain  : Timer Update: Instagram - Used 3h 40m today: 00:04 left
01-16 02:04:42.597 23690 23690 D Regain  : Timer Update: Instagram - Used 3h 40m today: 00:03 left
01-16 02:04:43.212 23690 23690 D Regain  : UsageCheckReceiver: onReceive triggered
01-16 02:04:43.221 23690 23904 D Regain  : Current Foreground App (before screen check): com.instagram.android
01-16 02:04:43.222 23690 23904 D Regain  : Current Foreground App (final): com.instagram.android
01-16 02:04:43.235 23690 23903 D Regain  : Notification update: Instagram - Used 3h 45m today | Session time left: 0m
01-16 02:04:43.239 23690 23903 D Regain  : Ended session for com.instagram.android (remainingTime set to 0, state -> BLOCKED)
01-16 02:04:43.610 23690 23690 D Regain  : Timer Update: Instagram - Used 3h 40m today: 00:02 left
01-16 02:04:44.615 23690 23690 D Regain  : Timer Update: Instagram - Used 3h 40m today: 00:01 left
01-16 02:04:45.620 23690 23690 D Regain  : Timer Finished locally
01-16 02:04:47.006 23690 23690 D Regain  : Cleared session cache for com.instagram.android (state -> BLOCKED)
01-16 02:04:50.136 23690 23690 D Regain  : UsageCheckReceiver: onReceive triggered
01-16 02:04:50.147 23690 23903 D Regain  : Current Foreground App (before screen check): com.android.launcher3
01-16 02:04:50.147 23690 23903 D Regain  : Current Foreground App (final): com.android.launcher3
01-16 02:04:50.156 23690 23903 D Regain  : Reset com.instagram.android from BLOCKED to IDLE
01-16 02:04:50.159 23690 23903 D Regain  : Timer cancelled
01-16 02:04:57.046 23690 23690 D Regain  : UsageCheckReceiver: onReceive triggered
01-16 02:04:57.049 23690 23903 D Regain  : Current Foreground App (before screen check): com.instagram.android
01-16 02:04:57.050 23690 23903 D Regain  : Current Foreground App (final): com.instagram.android
01-16 02:04:58.994 23690 23690 D Regain  : Started session for com.instagram.android: duration=300000ms, remaining=300000ms, state=ACTIVE
01-16 02:05:04.190 23690 23690 D Regain  : UsageCheckReceiver: onReceive triggered
01-16 02:05:04.199 23690 23904 D Regain  : Current Foreground App (before screen check): com.instagram.android
01-16 02:05:04.199 23690 23904 D Regain  : Current Foreground App (final): com.instagram.android
01-16 02:05:04.213 23690 23904 D Regain  : Notification update: Instagram - Used 3h 45m today | Session time left: 4m
01-16 02:05:04.219 23690 23690 D Regain  : Timer Update: Instagram - Used 3h 45m today: 04:55 left
01-16 02:05:05.231 23690 23690 D Regain  : Timer Update: Instagram - Used 3h 45m today: 04:54 left
01-16 02:05:06.243 23690 23690 D Regain  : Timer Update: Instagram - Used 3h 45m today: 04:53 left
01-16 02:05:07.255 23690 23690 D Regain  : Timer Update: Instagram - Used 3h 45m today: 04:52 left
01-16 02:05:08.268 23690 23690 D Regain  : Timer Update: Instagram - Used 3h 45m today: 04:51 left
01-16 02:05:09.286 23690 23690 D Regain  : Timer Update: Instagram - Used 3h 45m today: 04:50 left
01-16 02:05:10.300 23690 23690 D Regain  : Timer Update: Instagram - Used 3h 45m today: 04:49 left
01-16 02:05:11.292 23690 23690 D Regain  : UsageCheckReceiver: onReceive triggered
01-16 02:05:11.296 23690 23904 D Regain  : Current Foreground App (before screen check): com.android.launcher3
01-16 02:05:11.297 23690 23904 D Regain  : Current Foreground App (final): com.android.launcher3
01-16 02:05:11.307 23690 23904 D Regain  : Final time update for com.instagram.android before pausing
01-16 02:05:11.312 23690 23904 D Regain  : Paused session for com.instagram.android: 287692ms remaining. Removed from memory.
01-16 02:05:11.315 23690 23904 D Regain  : Timer cancelled
01-16 02:05:11.315 23690 23690 D Regain  : Timer Update: Instagram - Used 3h 45m today: 04:48 left
01-16 02:05:19.403 23690 23690 D Regain  : UsageCheckReceiver: onReceive triggered
01-16 02:05:19.411 23690 23904 D Regain  : Current Foreground App (before screen check): com.whatsapp
01-16 02:05:19.411 23690 23904 D Regain  : Current Foreground App (final): com.whatsapp
01-16 02:05:21.283 23690 23690 D Regain  : Started session for com.whatsapp: duration=300000ms, remaining=300000ms, state=ACTIVE
01-16 02:05:27.518 23690 23690 D Regain  : UsageCheckReceiver: onReceive triggered
01-16 02:05:27.526 23690 23904 D Regain  : Current Foreground App (before screen check): com.whatsapp
01-16 02:05:27.527 23690 23904 D Regain  : Current Foreground App (final): com.whatsapp
01-16 02:05:27.537 23690 23904 D Regain  : Notification update: WhatsApp - Used 23m today | Session time left: 4m
01-16 02:05:27.539 23690 23690 D Regain  : Timer Update: WhatsApp - Used 23m today: 04:54 left
01-16 02:05:28.551 23690 23690 D Regain  : Timer Update: WhatsApp - Used 23m today: 04:53 left
01-16 02:05:29.563 23690 23690 D Regain  : Timer Update: WhatsApp - Used 23m today: 04:52 left
01-16 02:05:30.579 23690 23690 D Regain  : Timer Update: WhatsApp - Used 23m today: 04:51 left
01-16 02:05:31.591 23690 23690 D Regain  : Timer Update: WhatsApp - Used 23m today: 04:50 left
01-16 02:05:32.606 23690 23690 D Regain  : Timer Update: WhatsApp - Used 23m today: 04:49 left
01-16 02:05:33.620 23690 23690 D Regain  : Timer Update: WhatsApp - Used 23m today: 04:48 left
01-16 02:05:34.631 23690 23690 D Regain  : Timer Update: WhatsApp - Used 23m today: 04:47 left
01-16 02:05:35.630 23690 23690 D Regain  : UsageCheckReceiver: onReceive triggered
01-16 02:05:35.642 23690 23904 D Regain  : Current Foreground App (before screen check): com.whatsapp
01-16 02:05:35.642 23690 23904 D Regain  : Current Foreground App (final): com.whatsapp
01-16 02:05:35.642 23690 23690 D Regain  : Timer Update: WhatsApp - Used 23m today: 04:46 left
01-16 02:05:35.655 23690 23904 D Regain  : Notification update: WhatsApp - Used 23m today | Session time left: 4m
01-16 02:05:36.658 23690 23690 D Regain  : Timer Update: WhatsApp - Used 23m today: 04:45 left
01-16 02:05:37.675 23690 23690 D Regain  : Timer Update: WhatsApp - Used 23m today: 04:44 left
01-16 02:05:38.691 23690 23690 D Regain  : Timer Update: WhatsApp - Used 23m today: 04:43 left
01-16 02:05:39.712 23690 23690 D Regain  : Timer Update: WhatsApp - Used 23m today: 04:42 left
01-16 02:05:40.734 23690 23690 D Regain  : Timer Update: WhatsApp - Used 23m today: 04:41 left
01-16 02:05:41.749 23690 23690 D Regain  : Timer Update: WhatsApp - Used 23m today: 04:40 left
01-16 02:05:42.766 23690 23690 D Regain  : Timer Update: WhatsApp - Used 23m today: 04:39 left
01-16 02:05:43.783 23690 23690 D Regain  : Timer Update: WhatsApp - Used 23m today: 04:38 left
01-16 02:05:43.797 23690 23690 D Regain  : UsageCheckReceiver: onReceive triggered
01-16 02:05:43.816 23690 23904 D Regain  : Current Foreground App (before screen check): com.whatsapp
01-16 02:05:43.816 23690 23904 D Regain  : Current Foreground App (final): com.whatsapp
01-16 02:05:43.833 23690 23904 D Regain  : Notification update: WhatsApp - Used 23m today | Session time left: 4m
01-16 02:05:44.802 23690 23690 D Regain  : Timer Update: WhatsApp - Used 23m today: 04:37 left
01-16 02:05:45.817 23690 23690 D Regain  : Timer Update: WhatsApp - Used 23m today: 04:36 left
01-16 02:05:46.836 23690 23690 D Regain  : Timer Update: WhatsApp - Used 23m today: 04:35 left
01-16 02:05:47.855 23690 23690 D Regain  : Timer Update: WhatsApp - Used 23m today: 04:34 left
01-16 02:05:48.876 23690 23690 D Regain  : Timer Update: WhatsApp - Used 23m today: 04:33 left
01-16 02:05:49.898 23690 23690 D Regain  : Timer Update: WhatsApp - Used 23m today: 04:32 left
01-16 02:05:50.917 23690 23690 D Regain  : Timer Update: WhatsApp - Used 23m today: 04:31 left
01-16 02:05:51.939 23690 23690 D Regain  : Timer Update: WhatsApp - Used 23m today: 04:30 left
01-16 02:05:51.965 23690 23690 D Regain  : UsageCheckReceiver: onReceive triggered
01-16 02:05:51.983 23690 23904 D Regain  : Current Foreground App (before screen check): com.whatsapp
01-16 02:05:51.983 23690 23904 D Regain  : Current Foreground App (final): com.whatsapp
01-16 02:05:51.992 23690 23904 D Regain  : Notification update: WhatsApp - Used 23m today | Session time left: 4m
01-16 02:05:52.958 23690 23690 D Regain  : Timer Update: WhatsApp - Used 23m today: 04:29 left
01-16 02:05:53.977 23690 23690 D Regain  : Timer Update: WhatsApp - Used 23m today: 04:28 left
01-16 02:05:54.996 23690 23690 D Regain  : Timer Update: WhatsApp - Used 23m today: 04:27 left
01-16 02:05:56.017 23690 23690 D Regain  : Timer Update: WhatsApp - Used 23m today: 04:26 left
01-16 02:05:57.034 23690 23690 D Regain  : Timer Update: WhatsApp - Used 23m today: 04:25 left
01-16 02:05:58.053 23690 23690 D Regain  : Timer Update: WhatsApp - Used 23m today: 04:24 left
01-16 02:05:59.073 23690 23690 D Regain  : Timer Update: WhatsApp - Used 23m today: 04:23 left
01-16 02:06:00.094 23690 23690 D Regain  : Timer Update: WhatsApp - Used 23m today: 04:22 left
01-16 02:06:00.181 23690 23690 D Regain  : UsageCheckReceiver: onReceive triggered
01-16 02:06:00.198 23690 23904 D Regain  : Current Foreground App (before screen check): com.whatsapp
01-16 02:06:00.199 23690 23904 D Regain  : Current Foreground App (final): com.whatsapp
01-16 02:06:00.216 23690 23904 D Regain  : Notification update: WhatsApp - Used 23m today | Session time left: 4m
01-16 02:06:01.113 23690 23690 D Regain  : Timer Update: WhatsApp - Used 23m today: 04:21 left
01-16 02:06:02.132 23690 23690 D Regain  : Timer Update: WhatsApp - Used 23m today: 04:20 left
01-16 02:06:03.153 23690 23690 D Regain  : Timer Update: WhatsApp - Used 23m today: 04:19 left
01-16 02:06:04.171 23690 23690 D Regain  : Timer Update: WhatsApp - Used 23m today: 04:18 left
01-16 02:06:05.192 23690 23690 D Regain  : Timer Update: WhatsApp - Used 23m today: 04:17 left
01-16 02:06:06.211 23690 23690 D Regain  : Timer Update: WhatsApp - Used 23m today: 04:16 left
01-16 02:06:07.234 23690 23690 D Regain  : Timer Update: WhatsApp - Used 23m today: 04:15 left
01-16 02:06:08.259 23690 23690 D Regain  : Timer Update: WhatsApp - Used 23m today: 04:14 left
01-16 02:06:08.406 23690 23690 D Regain  : UsageCheckReceiver: onReceive triggered
01-16 02:06:08.424 23690 23904 D Regain  : Current Foreground App (before screen check): com.whatsapp
01-16 02:06:08.424 23690 23904 D Regain  : Current Foreground App (final): com.whatsapp
01-16 02:06:08.439 23690 23904 D Regain  : Notification update: WhatsApp - Used 24m today | Session time left: 4m
01-16 02:06:09.280 23690 23690 D Regain  : Timer Update: WhatsApp - Used 23m today: 04:13 left
01-16 02:06:10.302 23690 23690 D Regain  : Timer Update: WhatsApp - Used 23m today: 04:12 left
01-16 02:06:11.321 23690 23690 D Regain  : Timer Update: WhatsApp - Used 23m today: 04:11 left
01-16 02:06:12.342 23690 23690 D Regain  : Timer Update: WhatsApp - Used 23m today: 04:10 left
01-16 02:06:13.362 23690 23690 D Regain  : Timer Update: WhatsApp - Used 23m today: 04:09 left
01-16 02:06:14.380 23690 23690 D Regain  : Timer Update: WhatsApp - Used 23m today: 04:08 left
01-16 02:06:15.400 23690 23690 D Regain  : Timer Update: WhatsApp - Used 23m today: 04:07 left
01-16 02:06:16.419 23690 23690 D Regain  : Timer Update: WhatsApp - Used 23m today: 04:06 left
01-16 02:06:16.587 23690 23690 D Regain  : UsageCheckReceiver: onReceive triggered
01-16 02:06:16.604 23690 23904 D Regain  : Current Foreground App (before screen check): com.whatsapp
01-16 02:06:16.604 23690 23904 D Regain  : Current Foreground App (final): com.whatsapp
01-16 02:06:16.621 23690 23904 D Regain  : Notification update: WhatsApp - Used 24m today | Session time left: 4m
01-16 02:06:17.437 23690 23690 D Regain  : Timer Update: WhatsApp - Used 23m today: 04:05 left
01-16 02:06:18.457 23690 23690 D Regain  : Timer Update: WhatsApp - Used 23m today: 04:04 left
01-16 02:06:19.475 23690 23690 D Regain  : Timer Update: WhatsApp - Used 23m today: 04:03 left
01-16 02:06:20.494 23690 23690 D Regain  : Timer Update: WhatsApp - Used 23m today: 04:02 left
01-16 02:06:21.503 23690 23690 D Regain  : Timer Update: WhatsApp - Used 23m today: 04:01 left
01-16 02:06:22.521 23690 23690 D Regain  : Timer Update: WhatsApp - Used 23m today: 04:00 left
01-16 02:06:23.542 23690 23690 D Regain  : Timer Update: WhatsApp - Used 23m today: 03:59 left
01-16 02:06:24.553 23690 23690 D Regain  : Timer Update: WhatsApp - Used 23m today: 03:58 left
01-16 02:06:24.752 23690 23690 D Regain  : UsageCheckReceiver: onReceive triggered
01-16 02:06:24.777 23690 23904 D Regain  : Current Foreground App (before screen check): com.whatsapp
01-16 02:06:24.777 23690 23904 D Regain  : Current Foreground App (final): com.whatsapp
01-16 02:06:24.789 23690 23904 D Regain  : Notification update: WhatsApp - Used 24m today | Session time left: 3m
01-16 02:06:25.573 23690 23690 D Regain  : Timer Update: WhatsApp - Used 23m today: 03:57 left
01-16 02:06:26.591 23690 23690 D Regain  : Timer Update: WhatsApp - Used 23m today: 03:56 left
01-16 02:06:27.611 23690 23690 D Regain  : Timer Update: WhatsApp - Used 23m today: 03:55 left
01-16 02:06:28.631 23690 23690 D Regain  : Timer Update: WhatsApp - Used 23m today: 03:54 left
01-16 02:06:29.653 23690 23690 D Regain  : Timer Update: WhatsApp - Used 23m today: 03:53 left
01-16 02:06:30.669 23690 23690 D Regain  : Timer Update: WhatsApp - Used 23m today: 03:52 left
01-16 02:06:31.690 23690 23690 D Regain  : Timer Update: WhatsApp - Used 23m today: 03:51 left
01-16 02:06:32.708 23690 23690 D Regain  : Timer Update: WhatsApp - Used 23m today: 03:50 left
01-16 02:06:32.960 23690 23690 D Regain  : UsageCheckReceiver: onReceive triggered
01-16 02:06:32.987 23690 23904 D Regain  : Current Foreground App (before screen check): com.whatsapp
01-16 02:06:32.988 23690 23904 D Regain  : Current Foreground App (final): com.whatsapp
01-16 02:06:33.006 23690 23904 D Regain  : Notification update: WhatsApp - Used 24m today | Session time left: 3m
01-16 02:06:33.724 23690 23690 D Regain  : Timer Update: WhatsApp - Used 23m today: 03:49 left
01-16 02:06:34.740 23690 23690 D Regain  : Timer Update: WhatsApp - Used 23m today: 03:48 left
01-16 02:06:35.756 23690 23690 D Regain  : Timer Update: WhatsApp - Used 23m today: 03:47 left
01-16 02:06:36.776 23690 23690 D Regain  : Timer Update: WhatsApp - Used 23m today: 03:46 left
01-16 02:06:37.789 23690 23690 D Regain  : Timer Update: WhatsApp - Used 23m today: 03:45 left
01-16 02:06:38.804 23690 23690 D Regain  : Timer Update: WhatsApp - Used 23m today: 03:44 left
01-16 02:06:39.817 23690 23690 D Regain  : User on Home Screen, pausing timer visual
01-16 02:06:41.145 23690 23690 D Regain  : UsageCheckReceiver: onReceive triggered
01-16 02:06:41.156 23690 23904 D Regain  : Current Foreground App (before screen check): com.instagram.android
01-16 02:06:41.157 23690 23904 D Regain  : Current Foreground App (final): com.instagram.android
01-16 02:06:41.170 23690 23904 D Regain  : Final time update for com.whatsapp before pausing
01-16 02:06:41.177 23690 23904 D Regain  : Paused session for com.whatsapp: 220119ms remaining. Removed from memory.
01-16 02:06:41.190 23690 23904 D Regain  : Resumed session for com.instagram.android: used=12308ms, remaining=287692ms
01-16 02:06:41.203 23690 23904 D Regain  : Notification update: Instagram - Used 3h 45m today | Session time left: 4m
01-16 02:06:41.207 23690 23690 D Regain  : User on Home Screen, pausing timer visual
01-16 02:06:49.258 23690 23690 D Regain  : UsageCheckReceiver: onReceive triggered
01-16 02:06:49.269 23690 23904 D Regain  : Current Foreground App (before screen check): com.instagram.android
01-16 02:06:49.269 23690 23904 D Regain  : Current Foreground App (final): com.instagram.android
01-16 02:06:49.288 23690 23904 D Regain  : Notification update: Instagram - Used 3h 45m today | Session time left: 4m
01-16 02:06:49.293 23690 23690 D Regain  : Timer Update: Instagram - Used 3h 45m today: 04:40 left
01-16 02:06:50.307 23690 23690 D Regain  : Timer Update: Instagram - Used 3h 45m today: 04:39 left
01-16 02:06:51.320 23690 23690 D Regain  : Timer Update: Instagram - Used 3h 45m today: 04:38 left
01-16 02:06:52.335 23690 23690 D Regain  : Timer Update: Instagram - Used 3h 45m today: 04:37 left
01-16 02:06:53.348 23690 23690 D Regain  : Timer Update: Instagram - Used 3h 45m today: 04:36 left
01-16 02:06:54.358 23690 23690 D Regain  : Timer Update: Instagram - Used 3h 45m today: 04:35 left
01-16 02:06:55.371 23690 23690 D Regain  : Timer Update: Instagram - Used 3h 45m today: 04:34 left
01-16 02:06:56.383 23690 23690 D Regain  : Timer Update: Instagram - Used 3h 45m today: 04:33 left
01-16 02:06:57.335 23690 23690 D Regain  : UsageCheckReceiver: onReceive triggered
01-16 02:06:57.344 23690 23904 D Regain  : Current Foreground App (before screen check): com.instagram.android
01-16 02:06:57.344 23690 23904 D Regain  : Current Foreground App (final): com.instagram.android
01-16 02:06:57.356 23690 23904 D Regain  : Notification update: Instagram - Used 3h 45m today | Session time left: 4m
01-16 02:06:57.395 23690 23690 D Regain  : Timer Update: Instagram - Used 3h 45m today: 04:32 left
01-16 02:06:58.406 23690 23690 D Regain  : Timer Update: Instagram - Used 3h 45m today: 04:31 left
01-16 02:06:59.418 23690 23690 D Regain  : Timer Update: Instagram - Used 3h 45m today: 04:30 left
01-16 02:07:00.431 23690 23690 D Regain  : Timer Update: Instagram - Used 3h 45m today: 04:29 left
01-16 02:07:01.448 23690 23690 D Regain  : Timer Update: Instagram - Used 3h 45m today: 04:28 left
01-16 02:07:02.464 23690 23690 D Regain  : Timer Update: Instagram - Used 3h 45m today: 04:27 left
01-16 02:07:03.483 23690 23690 D Regain  : Timer Update: Instagram - Used 3h 45m today: 04:26 left
01-16 02:07:04.496 23690 23690 D Regain  : Timer Update: Instagram - Used 3h 45m today: 04:25 left
01-16 02:07:05.456 23690 23690 D Regain  : UsageCheckReceiver: onReceive triggered
01-16 02:07:05.465 23690 23904 D Regain  : Current Foreground App (before screen check): com.instagram.android
01-16 02:07:05.465 23690 23904 D Regain  : Current Foreground App (final): com.instagram.android
01-16 02:07:05.477 23690 23904 D Regain  : Notification update: Instagram - Used 3h 45m today | Session time left: 4m
01-16 02:07:05.507 23690 23690 D Regain  : Timer Update: Instagram - Used 3h 45m today: 04:24 left
01-16 02:07:06.519 23690 23690 D Regain  : Timer Update: Instagram - Used 3h 45m today: 04:23 left
01-16 02:07:07.532 23690 23690 D Regain  : Timer Update: Instagram - Used 3h 45m today: 04:22 left
01-16 02:07:08.543 23690 23690 D Regain  : Timer Update: Instagram - Used 3h 45m today: 04:21 left
01-16 02:07:09.557 23690 23690 D Regain  : Timer Update: Instagram - Used 3h 45m today: 04:20 left
01-16 02:07:10.571 23690 23690 D Regain  : Timer Update: Instagram - Used 3h 45m today: 04:19 left
01-16 02:07:11.583 23690 23690 D Regain  : Timer Update: Instagram - Used 3h 45m today: 04:18 left
01-16 02:07:12.595 23690 23690 D Regain  : Timer Update: Instagram - Used 3h 45m today: 04:17 left
01-16 02:07:13.609 23690 23690 D Regain  : Timer Update: Instagram - Used 3h 45m today: 04:16 left
01-16 02:07:13.631 23690 23690 D Regain  : UsageCheckReceiver: onReceive triggered
01-16 02:07:13.641 23690 23904 D Regain  : Current Foreground App (before screen check): com.instagram.android
01-16 02:07:13.641 23690 23904 D Regain  : Current Foreground App (final): com.instagram.android
01-16 02:07:13.654 23690 23904 D Regain  : Notification update: Instagram - Used 3h 45m today | Session time left: 4m
01-16 02:07:14.624 23690 23690 D Regain  : Timer Update: Instagram - Used 3h 45m today: 04:15 left
01-16 02:07:15.639 23690 23690 D Regain  : Timer Update: Instagram - Used 3h 45m today: 04:14 left
01-16 02:07:16.651 23690 23690 D Regain  : Timer Update: Instagram - Used 3h 45m today: 04:13 left
01-16 02:07:17.665 23690 23690 D Regain  : Timer Update: Instagram - Used 3h 45m today: 04:12 left
01-16 02:07:18.678 23690 23690 D Regain  : Timer Update: Instagram - Used 3h 45m today: 04:11 left
01-16 02:07:19.687 23690 23690 D Regain  : Timer Update: Instagram - Used 3h 45m today: 04:10 left
01-16 02:07:20.700 23690 23690 D Regain  : Timer Update: Instagram - Used 3h 45m today: 04:09 left
01-16 02:07:21.714 23690 23690 D Regain  : Timer Update: Instagram - Used 3h 45m today: 04:08 left
01-16 02:07:21.766 23690 23690 D Regain  : UsageCheckReceiver: onReceive triggered
01-16 02:07:21.775 23690 23904 D Regain  : Current Foreground App (before screen check): com.instagram.android
01-16 02:07:21.775 23690 23904 D Regain  : Current Foreground App (final): com.instagram.android
01-16 02:07:21.791 23690 23904 D Regain  : Notification update: Instagram - Used 3h 45m today | Session time left: 4m
01-16 02:07:22.730 23690 23690 D Regain  : Timer Update: Instagram - Used 3h 45m today: 04:07 left
01-16 02:07:23.743 23690 23690 D Regain  : Timer Update: Instagram - Used 3h 45m today: 04:06 left
01-16 02:07:24.755 23690 23690 D Regain  : Timer Update: Instagram - Used 3h 45m today: 04:05 left
01-16 02:07:25.769 23690 23690 D Regain  : Timer Update: Instagram - Used 3h 45m today: 04:04 left
01-16 02:07:26.785 23690 23690 D Regain  : Timer Update: Instagram - Used 3h 45m today: 04:03 left
01-16 02:07:27.799 23690 23690 D Regain  : Timer Update: Instagram - Used 3h 45m today: 04:02 left
01-16 02:07:28.811 23690 23690 D Regain  : Timer Update: Instagram - Used 3h 45m today: 04:01 left
01-16 02:07:29.823 23690 23690 D Regain  : Timer Update: Instagram - Used 3h 45m today: 04:00 left
01-16 02:07:29.915 23690 23690 D Regain  : UsageCheckReceiver: onReceive triggered
01-16 02:07:29.924 23690 23904 D Regain  : Current Foreground App (before screen check): com.instagram.android
01-16 02:07:29.924 23690 23904 D Regain  : Current Foreground App (final): com.instagram.android
01-16 02:07:29.939 23690 23904 D Regain  : Notification update: Instagram - Used 3h 46m today | Session time left: 3m
01-16 02:07:30.835 23690 23690 D Regain  : Timer Update: Instagram - Used 3h 45m today: 03:59 left
01-16 02:07:31.847 23690 23690 D Regain  : Timer Update: Instagram - Used 3h 45m today: 03:58 left
01-16 02:07:32.859 23690 23690 D Regain  : Timer Update: Instagram - Used 3h 45m today: 03:57 left
01-16 02:07:33.871 23690 23690 D Regain  : Timer Update: Instagram - Used 3h 45m today: 03:56 left
01-16 02:07:34.887 23690 23690 D Regain  : Timer Update: Instagram - Used 3h 45m today: 03:55 left
01-16 02:07:35.898 23690 23690 D Regain  : Timer Update: Instagram - Used 3h 45m today: 03:54 left
01-16 02:07:36.911 23690 23690 D Regain  : Timer Update: Instagram - Used 3h 45m today: 03:53 left
01-16 02:07:37.923 23690 23690 D Regain  : Timer Update: Instagram - Used 3h 45m today: 03:52 left
01-16 02:07:37.991 23690 23690 D Regain  : UsageCheckReceiver: onReceive triggered
01-16 02:07:38.001 23690 23904 D Regain  : Current Foreground App (before screen check): com.instagram.android
01-16 02:07:38.001 23690 23904 D Regain  : Current Foreground App (final): com.instagram.android
01-16 02:07:38.014 23690 23904 D Regain  : Notification update: Instagram - Used 3h 46m today | Session time left: 3m
01-16 02:07:38.936 23690 23690 D Regain  : Timer Update: Instagram - Used 3h 45m today: 03:51 left
01-16 02:07:39.949 23690 23690 D Regain  : Timer Update: Instagram - Used 3h 45m today: 03:50 left
01-16 02:07:40.963 23690 23690 D Regain  : Timer Update: Instagram - Used 3h 45m today: 03:49 left
01-16 02:07:41.976 23690 23690 D Regain  : Timer Update: Instagram - Used 3h 45m today: 03:48 left
01-16 02:07:42.987 23690 23690 D Regain  : Timer Update: Instagram - Used 3h 45m today: 03:47 left
01-16 02:07:43.999 23690 23690 D Regain  : Timer Update: Instagram - Used 3h 45m today: 03:46 left
01-16 02:07:45.011 23690 23690 D Regain  : Timer Update: Instagram - Used 3h 45m today: 03:45 left
01-16 02:07:46.026 23690 23690 D Regain  : Timer Update: Instagram - Used 3h 45m today: 03:44 left
01-16 02:07:46.082 23690 23690 D Regain  : UsageCheckReceiver: onReceive triggered
01-16 02:07:46.091 23690 23903 D Regain  : Current Foreground App (before screen check): com.instagram.android
01-16 02:07:46.092 23690 23903 D Regain  : Current Foreground App (final): com.instagram.android
01-16 02:07:46.103 23690 23903 D Regain  : Notification update: Instagram - Used 3h 46m today | Session time left: 3m
01-16 02:07:47.039 23690 23690 D Regain  : Timer Update: Instagram - Used 3h 45m today: 03:43 left
01-16 02:07:48.054 23690 23690 D Regain  : Timer Update: Instagram - Used 3h 45m today: 03:42 left
01-16 02:07:49.066 23690 23690 D Regain  : Timer Update: Instagram - Used 3h 45m today: 03:41 left
01-16 02:07:50.079 23690 23690 D Regain  : Timer Update: Instagram - Used 3h 45m today: 03:40 left
01-16 02:07:51.090 23690 23690 D Regain  : Timer Update: Instagram - Used 3h 45m today: 03:39 left
01-16 02:07:52.103 23690 23690 D Regain  : Timer Update: Instagram - Used 3h 45m today: 03:38 left
01-16 02:07:53.117 23690 23690 D Regain  : Timer Update: Instagram - Used 3h 45m today: 03:37 left
01-16 02:07:54.136 23690 23690 D Regain  : Timer Update: Instagram - Used 3h 45m today: 03:36 left
01-16 02:07:54.173 23690 23690 D Regain  : UsageCheckReceiver: onReceive triggered
01-16 02:07:54.181 23690 23903 D Regain  : Current Foreground App (before screen check): com.instagram.android
01-16 02:07:54.182 23690 23903 D Regain  : Current Foreground App (final): com.instagram.android
01-16 02:07:54.195 23690 23903 D Regain  : Notification update: Instagram - Used 3h 46m today | Session time left: 3m
01-16 02:07:55.151 23690 23690 D Regain  : Timer Update: Instagram - Used 3h 45m today: 03:35 left
01-16 02:07:56.167 23690 23690 D Regain  : Timer Update: Instagram - Used 3h 45m today: 03:34 left
01-16 02:07:57.181 23690 23690 D Regain  : Timer Update: Instagram - Used 3h 45m today: 03:33 left
01-16 02:07:58.194 23690 23690 D Regain  : Timer Update: Instagram - Used 3h 45m today: 03:32 left
01-16 02:07:59.207 23690 23690 D Regain  : Timer Update: Instagram - Used 3h 45m today: 03:31 left
01-16 02:08:00.220 23690 23690 D Regain  : Timer Update: Instagram - Used 3h 45m today: 03:30 left
01-16 02:08:01.235 23690 23690 D Regain  : Timer Update: Instagram - Used 3h 45m today: 03:29 left
01-16 02:08:02.248 23690 23690 D Regain  : Timer Update: Instagram - Used 3h 45m today: 03:28 left
01-16 02:08:02.278 23690 23690 D Regain  : UsageCheckReceiver: onReceive triggered
01-16 02:08:02.300 23690 23903 D Regain  : Current Foreground App (before screen check): com.instagram.android
01-16 02:08:02.300 23690 23903 D Regain  : Current Foreground App (final): com.instagram.android
01-16 02:08:02.313 23690 23903 D Regain  : Notification update: Instagram - Used 3h 46m today | Session time left: 3m
01-16 02:08:03.264 23690 23690 D Regain  : Timer Update: Instagram - Used 3h 45m today: 03:27 left
01-16 02:08:04.278 23690 23690 D Regain  : Timer Update: Instagram - Used 3h 45m today: 03:26 left
01-16 02:08:05.290 23690 23690 D Regain  : Timer Update: Instagram - Used 3h 45m today: 03:25 left
01-16 02:08:06.302 23690 23690 D Regain  : Timer Update: Instagram - Used 3h 45m today: 03:24 left
01-16 02:08:07.319 23690 23690 D Regain  : Timer Update: Instagram - Used 3h 45m today: 03:23 left
01-16 02:08:08.335 23690 23690 D Regain  : Timer Update: Instagram - Used 3h 45m today: 03:22 left
01-16 02:08:09.354 23690 23690 D Regain  : Timer Update: Instagram - Used 3h 45m today: 03:21 left
01-16 02:08:10.356 23690 23690 D Regain  : UsageCheckReceiver: onReceive triggered
01-16 02:08:10.364 23690 23903 D Regain  : Current Foreground App (before screen check): com.instagram.android
01-16 02:08:10.364 23690 23903 D Regain  : Current Foreground App (final): com.instagram.android
01-16 02:08:10.370 23690 23690 D Regain  : Timer Update: Instagram - Used 3h 45m today: 03:20 left
01-16 02:08:10.376 23690 23903 D Regain  : Notification update: Instagram - Used 3h 46m today | Session time left: 3m
01-16 02:08:11.382 23690 23690 D Regain  : Timer Update: Instagram - Used 3h 45m today: 03:19 left
01-16 02:08:12.394 23690 23690 D Regain  : Timer Update: Instagram - Used 3h 45m today: 03:18 left
01-16 02:08:13.407 23690 23690 D Regain  : Timer Update: Instagram - Used 3h 45m today: 03:17 left
01-16 02:08:14.420 23690 23690 D Regain  : Timer Update: Instagram - Used 3h 45m today: 03:16 left
01-16 02:08:15.401 23690 23690 D Regain  : UsageCheckReceiver: onReceive triggered
01-16 02:08:15.409 23690 23903 D Regain  : Current Foreground App (before screen check): com.instagram.android
01-16 02:08:15.409 23690 23903 D Regain  : Current Foreground App (final): com.instagram.android
01-16 02:08:15.422 23690 23903 D Regain  : Notification update: Instagram - Used 3h 46m today | Session time left: 3m
01-16 02:08:15.433 23690 23690 D Regain  : Timer Update: Instagram - Used 3h 45m today: 03:15 left
01-16 02:08:16.447 23690 23690 D Regain  : Timer Update: Instagram - Used 3h 45m today: 03:14 left
01-16 02:08:17.458 23690 23690 D Regain  : Timer Update: Instagram - Used 3h 45m today: 03:13 left
01-16 02:08:18.471 23690 23690 D Regain  : Timer Update: Instagram - Used 3h 45m today: 03:12 left
01-16 02:08:19.483 23690 23690 D Regain  : Timer Update: Instagram - Used 3h 45m today: 03:11 left
01-16 02:08:20.429 23690 23690 D Regain  : UsageCheckReceiver: onReceive triggered
01-16 02:08:20.441 23690 23903 D Regain  : Current Foreground App (before screen check): com.instagram.android
01-16 02:08:20.441 23690 23903 D Regain  : Current Foreground App (final): com.instagram.android
01-16 02:08:20.452 23690 23904 D Regain  : Notification update: Instagram - Used 3h 47m today | Session time left: 3m
01-16 02:08:20.495 23690 23690 D Regain  : Timer Update: Instagram - Used 3h 45m today: 03:10 left
01-16 02:08:21.507 23690 23690 D Regain  : Timer Update: Instagram - Used 3h 45m today: 03:09 left
01-16 02:08:22.522 23690 23690 D Regain  : Timer Update: Instagram - Used 3h 45m today: 03:08 left
01-16 02:08:23.537 23690 23690 D Regain  : Timer Update: Instagram - Used 3h 45m today: 03:07 left
01-16 02:08:24.547 23690 23690 D Regain  : Timer Update: Instagram - Used 3h 45m today: 03:06 left
01-16 02:08:25.466 23690 23690 D Regain  : UsageCheckReceiver: onReceive triggered
01-16 02:08:25.478 23690 23904 D Regain  : Current Foreground App (before screen check): null
01-16 02:08:25.481 23690 23904 D Regain  : Screen is OFF/LOCKED. Pausing current app and stopping monitoring.
01-16 02:08:25.481 23690 23904 D Regain  : Current Foreground App (final): null
01-16 02:08:25.497 23690 23904 D Regain  : Final time update for com.instagram.android before pausing
01-16 02:08:25.504 23690 23904 D Regain  : Paused session for com.instagram.android: 183385ms remaining. Removed from memory.
01-16 02:08:25.505 23690 23904 D Regain  : Timer cancelled
01-16 02:08:30.938 23690 23690 D Regain  : UsageCheckReceiver: onReceive triggered
01-16 02:08:30.940 23690 23904 D Regain  : Current Foreground App (before screen check): com.instagram.android
01-16 02:08:30.941 23690 23904 D Regain  : Current Foreground App (final): com.instagram.android
01-16 02:08:30.955 23690 23904 D Regain  : Resumed session for com.instagram.android: used=116615ms, remaining=183385ms
01-16 02:08:30.971 23690 23904 D Regain  : Notification update: Instagram - Used 3h 47m today | Session time left: 3m
01-16 02:08:30.973 23690 23690 D Regain  : Timer Update: Instagram - Used 3h 47m today: 03:04 left
01-16 02:08:31.983 23690 23690 D Regain  : Timer Update: Instagram - Used 3h 47m today: 03:03 left
01-16 02:08:32.995 23690 23690 D Regain  : Timer Update: Instagram - Used 3h 47m today: 03:02 left
01-16 02:08:34.006 23690 23690 D Regain  : Timer Update: Instagram - Used 3h 47m today: 03:01 left
01-16 02:08:35.019 23690 23690 D Regain  : Timer Update: Instagram - Used 3h 47m today: 03:00 left
01-16 02:08:36.012 23690 23690 D Regain  : UsageCheckReceiver: onReceive triggered
01-16 02:08:36.021 23690 23904 D Regain  : Current Foreground App (before screen check): com.instagram.android
01-16 02:08:36.022 23690 23904 D Regain  : Current Foreground App (final): com.instagram.android
01-16 02:08:36.030 23690 23690 D Regain  : Timer Update: Instagram - Used 3h 47m today: 02:59 left
01-16 02:08:36.034 23690 23904 D Regain  : Notification update: Instagram - Used 3h 47m today | Session time left: 2m
01-16 02:08:37.042 23690 23690 D Regain  : Timer Update: Instagram - Used 3h 47m today: 02:58 left
01-16 02:08:38.054 23690 23690 D Regain  : Timer Update: Instagram - Used 3h 47m today: 02:57 left
01-16 02:08:39.067 23690 23690 D Regain  : Timer Update: Instagram - Used 3h 47m today: 02:56 left
01-16 02:08:40.080 23690 23690 D Regain  : Timer Update: Instagram - Used 3h 47m today: 02:55 left
01-16 02:08:41.073 23690 23690 D Regain  : UsageCheckReceiver: onReceive triggered
01-16 02:08:41.083 23690 23904 D Regain  : Current Foreground App (before screen check): com.instagram.android
01-16 02:08:41.084 23690 23904 D Regain  : Current Foreground App (final): com.instagram.android
01-16 02:08:41.091 23690 23690 D Regain  : Timer Update: Instagram - Used 3h 47m today: 02:54 left
01-16 02:08:41.096 23690 23904 D Regain  : Notification update: Instagram - Used 3h 47m today | Session time left: 2m
01-16 02:08:42.104 23690 23690 D Regain  : Timer Update: Instagram - Used 3h 47m today: 02:53 left
01-16 02:08:43.114 23690 23690 D Regain  : Timer Update: Instagram - Used 3h 47m today: 02:52 left
01-16 02:08:44.127 23690 23690 D Regain  : Timer Update: Instagram - Used 3h 47m today: 02:51 left
01-16 02:08:45.142 23690 23690 D Regain  : Timer Update: Instagram - Used 3h 47m today: 02:50 left
01-16 02:08:46.157 23690 23690 D Regain  : Timer Update: Instagram - Used 3h 47m today: 02:49 left
01-16 02:08:46.163 23690 23690 D Regain  : UsageCheckReceiver: onReceive triggered
01-16 02:08:46.172 23690 23904 D Regain  : Current Foreground App (before screen check): com.instagram.android
01-16 02:08:46.172 23690 23904 D Regain  : Current Foreground App (final): com.instagram.android
01-16 02:08:46.186 23690 23904 D Regain  : Notification update: Instagram - Used 3h 47m today | Session time left: 2m
01-16 02:08:47.171 23690 23690 D Regain  : Timer Update: Instagram - Used 3h 47m today: 02:48 left
01-16 02:08:48.183 23690 23690 D Regain  : Timer Update: Instagram - Used 3h 47m today: 02:47 left
01-16 02:08:49.195 23690 23690 D Regain  : Timer Update: Instagram - Used 3h 47m today: 02:46 left
01-16 02:08:50.207 23690 23690 D Regain  : Timer Update: Instagram - Used 3h 47m today: 02:45 left
01-16 02:08:51.221 23690 23690 D Regain  : Timer Update: Instagram - Used 3h 47m today: 02:44 left
01-16 02:08:51.236 23690 23690 D Regain  : UsageCheckReceiver: onReceive triggered
01-16 02:08:51.243 23690 23904 D Regain  : Current Foreground App (before screen check): com.instagram.android
01-16 02:08:51.243 23690 23904 D Regain  : Current Foreground App (final): com.instagram.android
01-16 02:08:51.255 23690 23904 D Regain  : Notification update: Instagram - Used 3h 47m today | Session time left: 2m
01-16 02:08:52.230 23690 23690 D Regain  : Timer Update: Instagram - Used 3h 47m today: 02:43 left
01-16 02:08:53.243 23690 23690 D Regain  : Timer Update: Instagram - Used 3h 47m today: 02:42 left
01-16 02:08:54.255 23690 23690 D Regain  : Timer Update: Instagram - Used 3h 47m today: 02:41 left
01-16 02:08:55.267 23690 23690 D Regain  : Timer Update: Instagram - Used 3h 47m today: 02:40 left
01-16 02:08:56.278 23690 23690 D Regain  : Timer Update: Instagram - Used 3h 47m today: 02:39 left
01-16 02:08:56.308 23690 23690 D Regain  : UsageCheckReceiver: onReceive triggered
01-16 02:08:56.310 23690 23904 D Regain  : Current Foreground App (before screen check): com.android.launcher3
01-16 02:08:56.310 23690 23904 D Regain  : Current Foreground App (final): com.android.launcher3
01-16 02:08:56.320 23690 23904 D Regain  : Final time update for com.instagram.android before pausing
01-16 02:08:56.324 23690 23904 D Regain  : Paused session for com.instagram.android: 158019ms remaining. Removed from memory.
01-16 02:08:56.327 23690 23904 D Regain  : Timer cancelled
01-16 02:09:02.431 23690 23690 D Regain  : UsageCheckReceiver: onReceive triggered
01-16 02:09:02.444 23690 23904 D Regain  : Current Foreground App (before screen check): com.whatsapp
01-16 02:09:02.445 23690 23904 D Regain  : Current Foreground App (final): com.whatsapp
01-16 02:09:02.456 23690 23904 D Regain  : Resumed session for com.whatsapp: used=79881ms, remaining=220119ms
01-16 02:09:02.462 23690 23904 D Regain  : Notification update: WhatsApp - Used 24m today | Session time left: 3m
01-16 02:09:02.465 23690 23690 D Regain  : Timer Update: WhatsApp - Used 24m today: 03:41 left
01-16 02:09:03.477 23690 23690 D Regain  : Timer Update: WhatsApp - Used 24m today: 03:40 left
01-16 02:09:04.492 23690 23690 D Regain  : Timer Update: WhatsApp - Used 24m today: 03:39 left
01-16 02:09:05.507 23690 23690 D Regain  : Timer Update: WhatsApp - Used 24m today: 03:38 left
01-16 02:09:06.522 23690 23690 D Regain  : Timer Update: WhatsApp - Used 24m today: 03:37 left
01-16 02:09:07.536 23690 23690 D Regain  : Timer Update: WhatsApp - Used 24m today: 03:36 left
01-16 02:09:08.557 23690 23690 D Regain  : Timer Update: WhatsApp - Used 24m today: 03:35 left
01-16 02:09:08.574 23690 23690 D Regain  : UsageCheckReceiver: onReceive triggered
01-16 02:09:08.592 23690 23904 D Regain  : Current Foreground App (before screen check): com.whatsapp
01-16 02:09:08.593 23690 23904 D Regain  : Current Foreground App (final): com.whatsapp
01-16 02:09:08.608 23690 23904 D Regain  : Notification update: WhatsApp - Used 24m today | Session time left: 3m
01-16 02:09:09.578 23690 23690 D Regain  : Timer Update: WhatsApp - Used 24m today: 03:34 left
01-16 02:09:10.601 23690 23690 D Regain  : Timer Update: WhatsApp - Used 24m today: 03:33 left
01-16 02:09:11.621 23690 23690 D Regain  : Timer Update: WhatsApp - Used 24m today: 03:32 left
01-16 02:09:12.641 23690 23690 D Regain  : Timer Update: WhatsApp - Used 24m today: 03:31 left
01-16 02:09:13.662 23690 23690 D Regain  : Timer Update: WhatsApp - Used 24m today: 03:30 left
01-16 02:09:14.682 23690 23690 D Regain  : Timer Update: WhatsApp - Used 24m today: 03:29 left
01-16 02:09:14.722 23690 23690 D Regain  : UsageCheckReceiver: onReceive triggered
01-16 02:09:14.740 23690 23904 D Regain  : Current Foreground App (before screen check): com.whatsapp
01-16 02:09:14.740 23690 23904 D Regain  : Current Foreground App (final): com.whatsapp
01-16 02:09:14.754 23690 23904 D Regain  : Notification update: WhatsApp - Used 24m today | Session time left: 3m
01-16 02:09:15.703 23690 23690 D Regain  : Timer Update: WhatsApp - Used 24m today: 03:28 left
01-16 02:09:16.719 23690 23690 D Regain  : Timer Update: WhatsApp - Used 24m today: 03:27 left
01-16 02:09:17.736 23690 23690 D Regain  : Timer Update: WhatsApp - Used 24m today: 03:26 left
01-16 02:09:18.757 23690 23690 D Regain  : Timer Update: WhatsApp - Used 24m today: 03:25 left
01-16 02:09:19.777 23690 23690 D Regain  : Timer Update: WhatsApp - Used 24m today: 03:24 left
01-16 02:09:20.796 23690 23690 D Regain  : Timer Update: WhatsApp - Used 24m today: 03:23 left
01-16 02:09:20.876 23690 23690 D Regain  : UsageCheckReceiver: onReceive triggered
01-16 02:09:20.896 23690 23904 D Regain  : Current Foreground App (before screen check): com.whatsapp
01-16 02:09:20.896 23690 23904 D Regain  : Current Foreground App (final): com.whatsapp
01-16 02:09:20.912 23690 23904 D Regain  : Notification update: WhatsApp - Used 25m today | Session time left: 3m
01-16 02:09:21.813 23690 23690 D Regain  : Timer Update: WhatsApp - Used 24m today: 03:22 left
01-16 02:09:22.833 23690 23690 D Regain  : Timer Update: WhatsApp - Used 24m today: 03:21 left
01-16 02:09:23.853 23690 23690 D Regain  : Timer Update: WhatsApp - Used 24m today: 03:20 left
01-16 02:09:24.873 23690 23690 D Regain  : Timer Update: WhatsApp - Used 24m today: 03:19 left
01-16 02:09:25.891 23690 23690 D Regain  : Timer Update: WhatsApp - Used 24m today: 03:18 left
01-16 02:09:26.912 23690 23690 D Regain  : Timer Update: WhatsApp - Used 24m today: 03:17 left
01-16 02:09:27.014 23690 23690 D Regain  : UsageCheckReceiver: onReceive triggered
01-16 02:09:27.033 23690 23904 D Regain  : Current Foreground App (before screen check): com.whatsapp
01-16 02:09:27.033 23690 23904 D Regain  : Current Foreground App (final): com.whatsapp
01-16 02:09:27.046 23690 23904 D Regain  : Notification update: WhatsApp - Used 25m today | Session time left: 3m
01-16 02:09:27.929 23690 23690 D Regain  : Timer Update: WhatsApp - Used 24m today: 03:16 left
01-16 02:09:28.951 23690 23690 D Regain  : Timer Update: WhatsApp - Used 24m today: 03:15 left
01-16 02:09:29.972 23690 23690 D Regain  : Timer Update: WhatsApp - Used 24m today: 03:14 left
01-16 02:09:30.992 23690 23690 D Regain  : Timer Update: WhatsApp - Used 24m today: 03:13 left
01-16 02:09:32.009 23690 23690 D Regain  : Timer Update: WhatsApp - Used 24m today: 03:12 left
01-16 02:09:33.027 23690 23690 D Regain  : Timer Update: WhatsApp - Used 24m today: 03:11 left
01-16 02:09:33.152 23690 23690 D Regain  : UsageCheckReceiver: onReceive triggered
01-16 02:09:33.166 23690 23904 D Regain  : Current Foreground App (before screen check): com.whatsapp
01-16 02:09:33.166 23690 23904 D Regain  : Current Foreground App (final): com.whatsapp
01-16 02:09:33.177 23690 23904 D Regain  : Notification update: WhatsApp - Used 25m today | Session time left: 3m
01-16 02:09:34.042 23690 23690 D Regain  : Timer Update: WhatsApp - Used 24m today: 03:10 left
01-16 02:09:35.056 23690 23690 D Regain  : Timer Update: WhatsApp - Used 24m today: 03:09 left
01-16 02:09:36.071 23690 23690 D Regain  : Timer Update: WhatsApp - Used 24m today: 03:08 left
01-16 02:09:37.089 23690 23690 D Regain  : Timer Update: WhatsApp - Used 24m today: 03:07 left
01-16 02:09:38.102 23690 23690 D Regain  : User on Home Screen, pausing timer visual
01-16 02:09:39.280 23690 23690 D Regain  : UsageCheckReceiver: onReceive triggered
01-16 02:09:39.300 23690 23904 D Regain  : Current Foreground App (before screen check): com.whatsapp
01-16 02:09:39.300 23690 23904 D Regain  : Current Foreground App (final): com.whatsapp
01-16 02:09:39.313 23690 23904 D Regain  : Notification update: WhatsApp - Used 25m today | Session time left: 3m
01-16 02:09:39.317 23690 23690 D Regain  : User on Home Screen, pausing timer visual
01-16 02:09:45.402 23690 23690 D Regain  : UsageCheckReceiver: onReceive triggered
01-16 02:09:45.407 23690 23904 D Regain  : Current Foreground App (before screen check): com.whatsapp
01-16 02:09:45.408 23690 23904 D Regain  : Current Foreground App (final): com.whatsapp
01-16 02:09:45.424 23690 23904 D Regain  : Notification update: WhatsApp - Used 25m today | Session time left: 2m
01-16 02:09:45.428 23690 23690 D Regain  : Timer Update: WhatsApp - Used 25m today: 02:58 left
01-16 02:09:46.440 23690 23690 D Regain  : Timer Update: WhatsApp - Used 25m today: 02:57 left
01-16 02:09:47.456 23690 23690 D Regain  : Timer Update: WhatsApp - Used 25m today: 02:56 left
01-16 02:09:48.472 23690 23690 D Regain  : Timer Update: WhatsApp - Used 25m today: 02:55 left
01-16 02:09:49.487 23690 23690 D Regain  : Timer Update: WhatsApp - Used 25m today: 02:54 left
01-16 02:09:50.499 23690 23690 D Regain  : Timer Update: WhatsApp - Used 25m today: 02:53 left
01-16 02:09:51.511 23690 23690 D Regain  : Timer Update: WhatsApp - Used 25m today: 02:52 left
01-16 02:09:51.517 23690 23690 D Regain  : UsageCheckReceiver: onReceive triggered
01-16 02:09:51.530 23690 23904 D Regain  : Current Foreground App (before screen check): com.whatsapp
01-16 02:09:51.530 23690 23904 D Regain  : Current Foreground App (final): com.whatsapp
01-16 02:09:51.542 23690 23904 D Regain  : Notification update: WhatsApp - Used 25m today | Session time left: 2m
01-16 02:09:52.523 23690 23690 D Regain  : Timer Update: WhatsApp - Used 25m today: 02:51 left
01-16 02:09:53.544 23690 23690 D Regain  : Timer Update: WhatsApp - Used 25m today: 02:50 left
01-16 02:09:54.563 23690 23690 D Regain  : Timer Update: WhatsApp - Used 25m today: 02:49 left
01-16 02:09:55.581 23690 23690 D Regain  : Timer Update: WhatsApp - Used 25m today: 02:48 left
01-16 02:09:56.595 23690 23690 D Regain  : Timer Update: WhatsApp - Used 25m today: 02:47 left
01-16 02:09:57.607 23690 23690 D Regain  : Timer Update: WhatsApp - Used 25m today: 02:46 left
01-16 02:09:57.631 23690 23690 D Regain  : UsageCheckReceiver: onReceive triggered
01-16 02:09:57.633 23690 23904 D Regain  : Current Foreground App (before screen check): com.whatsapp
01-16 02:09:57.633 23690 23904 D Regain  : Current Foreground App (final): com.whatsapp
01-16 02:09:57.642 23690 23904 D Regain  : Notification update: WhatsApp - Used 25m today | Session time left: 2m
01-16 02:09:58.619 23690 23690 D Regain  : Timer Update: WhatsApp - Used 25m today: 02:45 left
01-16 02:09:59.635 23690 23690 D Regain  : Timer Update: WhatsApp - Used 25m today: 02:44 left
01-16 02:10:00.647 23690 23690 D Regain  : Timer Update: WhatsApp - Used 25m today: 02:43 left
01-16 02:10:01.657 23690 23690 D Regain  : Timer Update: WhatsApp - Used 25m today: 02:42 left
01-16 02:10:02.670 23690 23690 D Regain  : Timer Update: WhatsApp - Used 25m today: 02:41 left
01-16 02:10:03.684 23690 23690 D Regain  : Timer Update: WhatsApp - Used 25m today: 02:40 left
01-16 02:10:03.734 23690 23690 D Regain  : UsageCheckReceiver: onReceive triggered
01-16 02:10:03.750 23690 23904 D Regain  : Current Foreground App (before screen check): com.whatsapp
01-16 02:10:03.750 23690 23904 D Regain  : Current Foreground App (final): com.whatsapp
01-16 02:10:03.761 23690 23904 D Regain  : Notification update: WhatsApp - Used 25m today | Session time left: 2m
01-16 02:10:04.695 23690 23690 D Regain  : Timer Update: WhatsApp - Used 25m today: 02:39 left
01-16 02:10:05.709 23690 23690 D Regain  : Timer Update: WhatsApp - Used 25m today: 02:38 left
01-16 02:10:06.724 23690 23690 D Regain  : Timer Update: WhatsApp - Used 25m today: 02:37 left
01-16 02:10:07.741 23690 23690 D Regain  : Timer Update: WhatsApp - Used 25m today: 02:36 left
01-16 02:10:08.756 23690 23690 D Regain  : Timer Update: WhatsApp - Used 25m today: 02:35 left
01-16 02:10:09.770 23690 23690 D Regain  : Timer Update: WhatsApp - Used 25m today: 02:34 left
01-16 02:10:09.877 23690 23690 D Regain  : UsageCheckReceiver: onReceive triggered
01-16 02:10:09.884 23690 23904 D Regain  : Current Foreground App (before screen check): com.whatsapp
01-16 02:10:09.884 23690 23904 D Regain  : Current Foreground App (final): com.whatsapp
01-16 02:10:09.896 23690 23904 D Regain  : Notification update: WhatsApp - Used 25m today | Session time left: 2m
01-16 02:10:10.783 23690 23690 D Regain  : Timer Update: WhatsApp - Used 25m today: 02:33 left
01-16 02:10:11.799 23690 23690 D Regain  : Timer Update: WhatsApp - Used 25m today: 02:32 left
01-16 02:10:12.814 23690 23690 D Regain  : Timer Update: WhatsApp - Used 25m today: 02:31 left
01-16 02:10:13.833 23690 23690 D Regain  : Timer Update: WhatsApp - Used 25m today: 02:30 left
01-16 02:10:14.851 23690 23690 D Regain  : Timer Update: WhatsApp - Used 25m today: 02:29 left
01-16 02:10:15.867 23690 23690 D Regain  : Timer Update: WhatsApp - Used 25m today: 02:28 left
01-16 02:10:15.992 23690 23690 D Regain  : UsageCheckReceiver: onReceive triggered
01-16 02:10:16.000 23690 23904 D Regain  : Current Foreground App (before screen check): com.whatsapp
01-16 02:10:16.000 23690 23904 D Regain  : Current Foreground App (final): com.whatsapp
